******************************************************************************
                  TI ARM Linker PC v20.2.5                     
******************************************************************************
>> Linked Sun Sep  4 16:43:36 2022

OUTPUT FILE NAME:   <Thermostat.out>
ENTRY POINT SYMBOL: "resetISR"  address: 0000bd79


MEMORY CONFIGURATION

         name            origin    length      used     unused   attr    fill
----------------------  --------  ---------  --------  --------  ----  --------
  MAIN                  00000000   00040000  0000d466  00032b9a  R  X
  INFO                  00200000   00004000  00000000  00004000  R  X
  SRAM_CODE             01000000   00010000  0000ab9d  00005463  RW X
  SRAM_DATA             20000000   00010000  0000ab9d  00005463  RW  


SEGMENT ALLOCATION MAP

run origin  load origin   length   init length attrs members
----------  ----------- ---------- ----------- ----- -------
00000000    00000000    0000c060   0000c060    r-x
  00000000    00000000    00000144   00000144    r-- .intvecs
  00000144    00000144    0000bf1c   0000bf1c    r-x .text
0000c98c    0000c98c    000009aa   000009aa    r--
  0000c98c    0000c98c    000009aa   000009aa    r-- .const
0000d338    0000d338    00000130   00000130    r--
  0000d338    0000d338    00000120   00000120    r-- .cinit
  0000d458    0000d458    00000010   00000010    r-- .binit
01009278    0000c060    0000092c   0000092c    r-x
  01009278    0000c060    0000092c   0000092c    r-x .TI.ramfunc
20000000    20000000    00009275   00000000    rw-
  20000000    20000000    00009275   00000000    rw- .bss
20009ba4    20009ba4    00000b14   00000000    rw-
  20009ba4    20009ba4    00000b14   00000000    rw- .data
2000a800    2000a800    000000e8   00000000    rw-
  2000a800    2000a800    000000e8   00000000    rw- .vtable
2000fc00    2000fc00    00000400   00000000    rw-
  2000fc00    2000fc00    00000400   00000000    rw- .stack


SECTION ALLOCATION MAP

 output                                  attributes/
section   page    origin      length       input sections
--------  ----  ----------  ----------   ----------------
.text      0    00000144    0000bf1c     
                  00000144    00000a5a     rtsv7M4_T_le_v4SPD16_eabi.lib : _printfi.c.obj (.text:__TI_printfi)
                  00000b9e    00000002     drivers_msp432p401x.aem4f : CaptureMSP432.oem4f (.text:CaptureMSP432_init)
                  00000ba0    000004a4     freertos_builds_MSP_EXP432P401R_release_ccs.lib : SystemP_freertos.obj (.text:doPrint)
                  00001044    0000047e     grlib.a : string.obj (.text:Graphics_drawString)
                  000014c2    00000002     display.aem4f : DisplaySharp.oem4f (.text:DisplaySharp_init)
                  000014c4    000002f8     drivers_msp432p401x.aem4f : PowerMSP432.oem4f (.text:Power_sleep)
                  000017bc    000002d0                               : UARTMSP432.oem4f (.text:UARTMSP432_open)
                  00001a8c    0000028c                               : SPIMSP432DMA.oem4f (.text:SPIMSP432DMA_open)
                  00001d18    00000288                               : PowerMSP432.oem4f (.text:initPerfControl)
                  00001fa0    00000284     main_freertos.obj (.text:main)
                  00002224    00000268     rtsv7M4_T_le_v4SPD16_eabi.lib : _printfi.c.obj (.text:_pconv_a$20)
                  0000248c    000001f8     drivers_msp432p401x.aem4f : I2CMSP432.oem4f (.text:I2CMSP432_open)
                  00002684    000001f0     freertos_builds_MSP_EXP432P401R_release_ccs.lib : tasks.obj (.text:xTaskIncrementTick)
                  00002874    000001d0     rtsv7M4_T_le_v4SPD16_eabi.lib : _printfi.c.obj (.text:_pconv_g$20)
                  00002a44    000001d0     freertos_builds_MSP_EXP432P401R_release_ccs.lib : queue.obj (.text:xQueueSemaphoreTake)
                  00002c14    000001cc                                                     : tasks.obj (.text:xTaskResumeAll)
                  00002de0    000001b8                                                     : queue.obj (.text:xQueueGenericSend)
                  00002f98    000001b6     rtsv7M4_T_le_v4SPD16_eabi.lib : fd_add_t2.asm.obj (.text)
                  0000314e    00000002     display.aem4f : DisplayUart.oem4f (.text:DisplayUartAnsi_init)
                  00003150    000001ac     freertos_builds_MSP_EXP432P401R_release_ccs.lib : heap_4.obj (.text:pvPortMalloc)
                  000032fc    00000184     drivers_msp432p401x.aem4f : I2CMSP432.oem4f (.text:I2CMSP432_hwiIntFxn)
                  00003480    00000180     freertos_builds_MSP_EXP432P401R_release_ccs.lib : tasks.obj (.text:xTaskRemoveFromEventList)
                  00003600    0000017c                                                     : queue.obj (.text:xQueueReceive)
                  0000377c    00000170     drivers_msp432p401x.aem4f : GPIOMSP432.oem4f (.text:GPIO_setConfig)
                  000038ec    00000154     freertos_builds_MSP_EXP432P401R_release_ccs.lib : timers.obj (.text:prvProcessReceivedCommands)
                  00003a40    0000014c     MSP_EXP432P401R.obj (.text:MSP_EXP432P401R_initGeneral)
                  00003b8c    00000148     freertos_builds_MSP_EXP432P401R_release_ccs.lib : tasks.obj (.text:vTaskPriorityDisinheritAfterTimeout)
                  00003cd4    00000144     msp432p4xx_driverlib.lib : timer_a.o (.text:privateTimer_AProcessClockSourceDivider)
                  00003e18    0000013c     rtsv7M4_T_le_v4SPD16_eabi.lib : _printfi.c.obj (.text:_pconv_e$20)
                  00003f54    0000013a     freertos_builds_MSP_EXP432P401R_release_ccs.lib : tasks.obj (.text:prvInitialiseNewTask)
                  0000408e    00000002     drivers_msp432p401x.aem4f : I2CMSP432.oem4f (.text:I2CMSP432_init)
                  00004090    00000138     freertos_builds_MSP_EXP432P401R_release_ccs.lib : pthread.obj (.text:pthread_create)
                  000041c8    00000136     rtsv7M4_T_le_v4SPD16_eabi.lib : fd_div_t2.asm.obj (.text)
                  000042fe    00000002     msp432p4xx_driverlib.lib : interrupt.o (.text:IntDefaultHandler)
                  00004300    00000130     drivers_msp432p401x.aem4f : UDMAMSP432.oem4f (.text:setupInterrupt)
                  00004430    0000012c                               : SPIMSP432DMA.oem4f (.text:SPIMSP432DMA_transfer)
                  0000455c    00000128     freertos_builds_MSP_EXP432P401R_release_ccs.lib : queue.obj (.text:xQueueGenericSendFromISR)
                  00004684    00000124     rtsv7M4_T_le_v4SPD16_eabi.lib : _printfi.c.obj (.text:fcvt$20)
                  000047a8    00000120     freertos_builds_MSP_EXP432P401R_release_ccs.lib : tasks.obj (.text:xTaskPriorityInherit)
                  000048c8    0000011c     msp432p4xx_driverlib.lib : uart.o (.text:UART_initModule)
                  000049e4    0000011c     drivers_msp432p401x.aem4f : I2CMSP432.oem4f (.text:primeTransfer)
                  00004b00    00000118     freertos_builds_MSP_EXP432P401R_release_ccs.lib : tasks.obj (.text:vTaskSuspend)
                  00004c18    00000118                                                     : tasks.obj (.text:xTaskPriorityDisinherit)
                  00004d30    00000112     grlib.a : rectangle.obj (.text:Graphics_fillRectangle)
                  00004e42    00000002     freertos_builds_MSP_EXP432P401R_release_ccs.lib : PowerMSP432_freertos.obj (.text:PowerMSP432_initPolicy)
                  00004e44    00000110     rtsv7M4_T_le_v4SPD16_eabi.lib : s_scalbn.c.obj (.text:scalbn)
                  00004f54    0000010e     freertos_builds_MSP_EXP432P401R_release_ccs.lib : queue.obj (.text:xQueueGiveFromISR)
                  00005062    00000002     drivers_msp432p401x.aem4f : UARTMSP432.oem4f (.text:UARTMSP432_init)
                  00005064    0000010c                               : CaptureMSP432.oem4f (.text:CaptureMSP432_open)
                  00005170    00000108     freertos_builds_MSP_EXP432P401R_release_ccs.lib : tasks.obj (.text:vTaskDelete)
                  00005278    00000104     drivers_msp432p401x.aem4f : SPIMSP432DMA.oem4f (.text:SPIMSP432DMA_transferCancel)
                  0000537c    00000104     msp432p4xx_driverlib.lib : cs.o (.text:_CSComputeCLKFrequency)
                  00005480    00000104     freertos_builds_MSP_EXP432P401R_release_ccs.lib : tasks.obj (.text:prvAddNewTaskToReadyList)
                  00005584    00000104                                                     : queue.obj (.text:xQueueGenericReset)
                  00005688    000000fc     drivers_msp432p401x.aem4f : SPIMSP432DMA.oem4f (.text:configDMA)
                  00005784    000000fc     rtsv7M4_T_le_v4SPD16_eabi.lib : fd_mul_t2.asm.obj (.text)
                  00005880    000000f8     msp432p4xx_driverlib.lib : cs.o (.text:CS_getDCOFrequency)
                  00005978    000000f6     freertos_builds_MSP_EXP432P401R_release_ccs.lib : queue.obj (.text:xQueueReceiveFromISR)
                  00005a6e    00000002                                                     : startup_msp432_ccs.obj (.text:defaultISR)
                  00005a70    000000f0     msp432p4xx_driverlib.lib : dma.o (.text:DMA_setChannelTransfer)
                  00005b60    000000f0     display.aem4f : DisplaySharp.oem4f (.text:DisplaySharp_open)
                  00005c50    000000f0     drivers_msp432p401x.aem4f : I2CMSP432.oem4f (.text:I2CMSP432_transfer)
                  00005d40    000000e8     freertos_builds_MSP_EXP432P401R_release_ccs.lib : tasks.obj (.text:prvAddCurrentTaskToDelayedList)
                  00005e28    000000e6     display.aem4f : SharpGrLib.oem4f (.text:SharpGrLib_rectFill)
                  00005f0e    00000002     freertos_builds_MSP_EXP432P401R_release_ccs.lib : startup_msp432_ccs.obj (.text:faultISR)
                  00005f10    000000e4     msp432p4xx_driverlib.lib : cs.o (.text:CS_startHFXTWithTimeout)
                  00005ff4    000000e4     display.aem4f : SharpGrLib.oem4f (.text:SharpGrLib_flush)
                  000060d8    000000e0     msp432p4xx_driverlib.lib : cs.o (.text:CS_startLFXTWithTimeout)
                  000061b8    000000dc     drivers_msp432p401x.aem4f : UARTMSP432.oem4f (.text:UARTMSP432_readPolling)
                  00006294    000000dc                               : UDMAMSP432.oem4f (.text:UDMAMSP432_close)
                  00006370    000000dc     msp432p4xx_driverlib.lib : cs.o (.text:_CSGetHFXTFrequency)
                  0000644c    000000dc     freertos_builds_MSP_EXP432P401R_release_ccs.lib : tasks.obj (.text:vTaskSwitchContext)
                  00006528    000000da                                                     : portasm.obj (.text)
                  00006602    00000002                                                     : startup_msp432_ccs.obj (.text:nmiISR)
                  00006604    000000d0                                                     : port.obj (.text:xPortStartScheduler)
                  000066d4    000000ca     drivers_msp432p401x.aem4f : UARTMSP432.oem4f (.text:UARTMSP432_hwiIntFxn)
                  0000679e    000000bc     freertos_builds_MSP_EXP432P401R_release_ccs.lib : queue.obj (.text:prvCopyDataToQueue)
                  0000685a    00000002     rtsv7M4_T_le_v4SPD16_eabi.lib : div0.asm.obj (.text)
                  0000685c    000000bc     freertos_builds_MSP_EXP432P401R_release_ccs.lib : heap_4.obj (.text:prvHeapInit)
                  00006918    000000b8     display.aem4f : DisplaySharp.oem4f (.text:DisplaySharp_vprintf)
                  000069d0    000000b8     drivers_msp432p401x.aem4f : UARTMSP432.oem4f (.text:initHw)
                  00006a88    000000b8                               : UARTMSP432.oem4f (.text:readTaskCallback)
                  00006b40    000000b6     freertos_builds_MSP_EXP432P401R_release_ccs.lib : SystemP_freertos.obj (.text:formatNum)
                  00006bf6    00000002     main_freertos.obj (.text:vApplicationMallocFailedHook)
                  00006bf8    000000b4     display.aem4f : DisplaySharp.oem4f (.text:DisplaySharp_control)
                  00006cac    000000b4     drivers_msp432p401x.aem4f : UARTMSP432.oem4f (.text:UARTMSP432_control)
                  00006d60    000000b4                               : UARTMSP432.oem4f (.text:UARTMSP432_writePolling)
                  00006e14    000000b4     freertos_builds_MSP_EXP432P401R_release_ccs.lib : tasks.obj (.text:xTaskCheckForTimeOut)
                  00006ec8    000000b1     rtsv7M4_T_le_v4SPD16_eabi.lib : _printfi.c.obj (.text:_ltostr$20)
                  00006f79    00000001     --HOLE-- [fill = 0]
                  00006f7a    000000b0     msp432p4xx_driverlib.lib : spi.o (.text:SPI_initMaster)
                  0000702a    000000ae     freertos_builds_MSP_EXP432P401R_release_ccs.lib : queue.obj (.text:prvUnlockQueue)
                  000070d8    000000ac     display.aem4f : DisplayUart.oem4f (.text:DisplayUartAnsi_clearLines)
                  00007184    000000ac     drivers_msp432p401x.aem4f : GPIOMSP432.oem4f (.text:GPIO_init)
                  00007230    000000ac                               : I2CMSP432.oem4f (.text:I2CMSP432_cancel)
                  000072dc    000000aa     display.aem4f : SharpGrLib.oem4f (.text:SharpGrLib_lineDrawH)
                  00007386    000000a8     drivers_msp432p401x.aem4f : UARTMSP432.oem4f (.text:UARTMSP432_write)
                  0000742e    00000002     main_freertos.obj (.text:vApplicationStackOverflowHook)
                  00007430    000000a8     freertos_builds_MSP_EXP432P401R_release_ccs.lib : heap_4.obj (.text:prvInsertBlockIntoFreeList)
                  000074d8    000000a8     drivers_msp432p401x.aem4f : UARTMSP432.oem4f (.text:readTaskBlocking)
                  00007580    000000a8     freertos_builds_MSP_EXP432P401R_release_ccs.lib : heap_4.obj (.text:vPortFree)
                  00007628    000000a7     display.aem4f : DisplayUart.oem4f (.text:DisplayUartAnsi_open)
                  000076cf    00000001     --HOLE-- [fill = 0]
                  000076d0    000000a0     freertos_builds_MSP_EXP432P401R_release_ccs.lib : ClockP_freertos.obj (.text:ClockP_create)
                  00007770    000000a0     drivers_msp432p401x.aem4f : UARTMSP432.oem4f (.text:readIsrTextCallback)
                  00007810    0000009f     display.aem4f : DisplayUart.oem4f (.text:DisplayUartAnsi_vprintf)
                  000078af    00000001     --HOLE-- [fill = 0]
                  000078b0    0000009c     grlib.a : line.obj (.text:Graphics_drawLineH)
                  0000794c    0000009c     drivers_msp432p401x.aem4f : PowerMSP432.oem4f (.text:Power_init)
                  000079e8    0000009c     rtsv7M4_T_le_v4SPD16_eabi.lib : memcpy_t2.asm.obj (.text)
                  00007a84    0000009c     freertos_builds_MSP_EXP432P401R_release_ccs.lib : tasks.obj (.text:vTaskStartScheduler)
                  00007b20    00000096     rtsv7M4_T_le_v4SPD16_eabi.lib : ull_div_t2.asm.obj (.text)
                  00007bb6    00000002     --HOLE-- [fill = 0]
                  00007bb8    00000094     msp432p4xx_driverlib.lib : sysctl_a.o (.text:SysCtl_A_getTLVInfo)
                  00007c4c    00000094     drivers_msp432p401x.aem4f : UDMAMSP432.oem4f (.text:UDMAMSP432_init)
                  00007ce0    00000094                               : UDMAMSP432.oem4f (.text:UDMAMSP432_open)
                  00007d74    00000092                               : UARTMSP432.oem4f (.text:UARTMSP432_close)
                  00007e06    00000092                               : UARTMSP432.oem4f (.text:writeData)
                  00007e98    00000090     display.aem4f : SharpGrLib.oem4f (.text:SharpGrLib_clearScreen)
                  00007f28    0000008e     drivers_msp432p401x.aem4f : CaptureMSP432.oem4f (.text:CaptureMSP432_hwiIntFunction)
                  00007fb6    0000008c                               : UARTMSP432.oem4f (.text:readIsrTextBlocking)
                  00008042    00000002     --HOLE-- [fill = 0]
                  00008044    00000088     msp432p4xx_driverlib.lib : gpio.o (.text:GPIO_setAsPeripheralModuleFunctionInputPin)
                  000080cc    00000088     freertos_builds_MSP_EXP432P401R_release_ccs.lib : timers.obj (.text:prvProcessTimerOrBlockTask)
                  00008154    00000086     rtsv7M4_T_le_v4SPD16_eabi.lib : fd_cmp_t2.asm.obj (.text:__aeabi_cdcmple)
                  000081da    00000086                                   : fd_cmp_t2.asm.obj (.text:__aeabi_cdrcmple)
                  00008260    00000086     drivers_msp432p401x.aem4f : SPIMSP432DMA.oem4f (.text:initHw)
                  000082e6    00000002     --HOLE-- [fill = 0]
                  000082e8    00000084                               : PowerMSP432.oem4f (.text:restartHFXT)
                  0000836c    00000084     freertos_builds_MSP_EXP432P401R_release_ccs.lib : timers.obj (.text:xTimerGenericCommand)
                  000083f0    00000082                                                     : queue.obj (.text:xQueueGenericCreate)
                  00008472    00000002     --HOLE-- [fill = 0]
                  00008474    00000080     msp432p4xx_driverlib.lib : interrupt.o (.text:Interrupt_disableInterrupt)
                  000084f4    00000080                              : interrupt.o (.text:Interrupt_enableInterrupt)
                  00008574    0000007c                              : cs.o (.text:_CSGetDOCFrequency)
                  000085f0    0000007c     LCDdisplayProxy.obj (.text:mutate)
                  0000866c    0000007a     freertos_builds_MSP_EXP432P401R_release_ccs.lib : pthread.obj (.text:removeThreadKeys)
                  000086e6    0000007a     rtsv7M4_T_le_v4SPD16_eabi.lib : memset_t2.asm.obj (.text)
                  00008760    0000007a     freertos_builds_MSP_EXP432P401R_release_ccs.lib : tasks.obj (.text:xTaskCreate)
                  000087da    00000002     --HOLE-- [fill = 0]
                  000087dc    00000078     drivers_msp432p401x.aem4f : TimerMSP432.oem4f (.text:TimerMSP432_allocateTimerResource)
                  00008854    00000078     rtsv7M4_T_le_v4SPD16_eabi.lib : vla_alloc.c.obj (.text:_ZN33_INTERNAL_11_vla_alloc_c_be8bd49b21free_dead_allocationsEPv$13)
                  000088cc    00000078                                   : vla_alloc.c.obj (.text:__vla_dealloc)
                  00008944    00000078     freertos_builds_MSP_EXP432P401R_release_ccs.lib : timers.obj (.text:prvInsertTimerInActiveList)
                  000089bc    00000078                                                     : tasks.obj (.text:vTaskPlaceOnEventListRestricted)
                  00008a34    00000076     drivers_msp432p401x.aem4f : I2CMSP432.oem4f (.text:I2CMSP432_close)
                  00008aaa    00000002     --HOLE-- [fill = 0]
                  00008aac    00000074     freertos_builds_MSP_EXP432P401R_release_ccs.lib : tasks.obj (.text:prvInitialiseTaskLists)
                  00008b20    00000074                                                     : port.obj (.text:vPortValidateInterruptPriority)
                  00008b94    00000070     drivers_msp432p401x.aem4f : UARTMSP432.oem4f (.text:UARTMSP432_writeCancel)
                  00008c04    00000070     freertos_builds_MSP_EXP432P401R_release_ccs.lib : ClockP_freertos.obj (.text:setClockObjTimeout)
                  00008c74    0000006e                                                     : PowerMSP432_freertos.obj (.text:PowerMSP432_deepSleepPolicy)
                  00008ce2    0000006e     rtsv7M4_T_le_v4SPD16_eabi.lib : fd_tos_t2.asm.obj (.text)
                  00008d50    0000006c     msp432p4xx_driverlib.lib : i2c.o (.text:I2C_masterSendMultiByteFinish)
                  00008dbc    0000006c     TempSensor.obj (.text:TempSensor_init)
                  00008e28    0000006a     rtsv7M4_T_le_v4SPD16_eabi.lib : _printfi.c.obj (.text:_mcpy$20)
                  00008e92    00000002     --HOLE-- [fill = 0]
                  00008e94    00000068     drivers_msp432p401x.aem4f : CaptureMSP432.oem4f (.text:CaptureMSP432_start)
                  00008efc    00000068                               : GPIOMSP432.oem4f (.text:GPIO_hwiIntFxn)
                  00008f64    00000068                               : PowerMSP432.oem4f (.text:PowerMSP432_getFreqs)
                  00008fcc    00000068     msp432p4xx_driverlib.lib : timer32.o (.text:Timer32_initModule)
                  00009034    00000068     rtsv7M4_T_le_v4SPD16_eabi.lib : copy_decompress_lzss.c.obj (.text:decompress:lzss:__TI_decompress_lzss)
                  0000909c    00000068     drivers_msp432p401x.aem4f : I2CMSP432.oem4f (.text:initHw)
                  00009104    00000066     freertos_builds_MSP_EXP432P401R_release_ccs.lib : memory.obj (.text:realloc)
                  0000916a    00000066                                                     : list.obj (.text:vListInsert)
                  000091d0    00000064                                                     : ClockP_freertos.obj (.text:ClockP_stop)
                  00009234    00000064     drivers_msp432p401x.aem4f : SPIMSP432DMA.oem4f (.text:SPIMSP432DMA_close)
                  00009298    00000064     rtsv7M4_T_le_v4SPD16_eabi.lib : s_frexp.c.obj (.text:frexp)
                  000092fc    00000062     msp432p4xx_driverlib.lib : cs.o (.text:_CSGetDividerValue)
                  0000935e    00000062     freertos_builds_MSP_EXP432P401R_release_ccs.lib : timers.obj (.text:prvInitialiseNewTimer)
                  000093c0    00000060     drivers_msp432p401x.aem4f : GPIOMSP432.oem4f (.text:GPIO_setCallback)
                  00009420    00000060     freertos_builds_MSP_EXP432P401R_release_ccs.lib : HwiPMSP432_freertos.obj (.text:HwiP_create)
                  00009480    00000060                                                     : port.obj (.text:pxPortInitialiseStack)
                  000094e0    0000005c     display.aem4f : Display.oem4f (.text:Display_doOpen)
                  0000953c    0000005c     msp432p4xx_driverlib.lib : interrupt.o (.text:Interrupt_registerInterrupt)
                  00009598    0000005c     freertos_builds_MSP_EXP432P401R_release_ccs.lib : pthread.obj (.text:pthread_exit)
                  000095f4    0000005c                                                     : queue.obj (.text:vQueueWaitForMessageRestricted)
                  00009650    0000005c                                                     : tasks.obj (.text:vTaskDelay)
                  000096ac    0000005a     display.aem4f : DisplaySharp.oem4f (.text:DisplaySharp_clearLines)
                  00009706    00000002     --HOLE-- [fill = 0]
                  00009708    00000058     msp432p4xx_driverlib.lib : gpio.o (.text:GPIO_setAsInputPinWithPullUpResistor)
                  00009760    00000058     drivers_msp432p401x.aem4f : GPIOMSP432.oem4f (.text:GPIO_write)
                  000097b8    00000058     msp432p4xx_driverlib.lib : interrupt.o (.text:Interrupt_unpendInterrupt)
                  00009810    00000058     display.aem4f : SharpGrLib.oem4f (.text:SharpGrLib_lineDrawV)
                  00009868    00000058     msp432p4xx_driverlib.lib : timer_a.o (.text:Timer_A_initCapture)
                  000098c0    00000058     drivers_msp432p401x.aem4f : UARTMSP432.oem4f (.text:readIsrBinaryBlocking)
                  00009918    00000058                               : SPIMSP432DMA.oem4f (.text:spiHwiFxn)
                  00009970    00000056     freertos_builds_MSP_EXP432P401R_release_ccs.lib : SemaphoreP_freertos.obj (.text:SemaphoreP_create)
                  000099c6    00000056     rtsv7M4_T_le_v4SPD16_eabi.lib : _printfi.c.obj (.text:_pconv_f$20)
                  00009a1c    00000056     drivers_msp432p401x.aem4f : I2CMSP432.oem4f (.text:completeTransfer)
                  00009a72    00000002     --HOLE-- [fill = 0]
                  00009a74    00000054     freertos_builds_MSP_EXP432P401R_release_ccs.lib : ClockP_freertos.obj (.text:ClockP_delete)
                  00009ac8    00000054     msp432p4xx_driverlib.lib : interrupt.o (.text:Interrupt_setPriority)
                  00009b1c    00000054     drivers_msp432p401x.aem4f : TimerMSP432.oem4f (.text:TimerMSP432_freeTimerResource)
                  00009b70    00000054     rtsv7M4_T_le_v4SPD16_eabi.lib : autoinit.c.obj (.text:__TI_auto_init_nopinit:__TI_auto_init_nopinit)
                  00009bc4    00000054                                   : _ltoa.c.obj (.text:__TI_ltoa)
                  00009c18    00000054     freertos_builds_MSP_EXP432P401R_release_ccs.lib : timers.obj (.text:xTimerCreateTimerTask)
                  00009c6c    00000052     grlib.a : context.obj (.text:Graphics_initContext)
                  00009cbe    00000052     rtsv7M4_T_le_v4SPD16_eabi.lib : _printfi.c.obj (.text:_ecpy$20)
                  00009d10    00000050     drivers_msp432p401x.aem4f : UDMAMSP432.oem4f (.text:UDMAMSP432_hwiFxn)
                  00009d60    0000004e                               : CaptureMSP432.oem4f (.text:CaptureMSP432_close)
                  00009dae    00000002     --HOLE-- [fill = 0]
                  00009db0    0000004c     Keypad.obj (.text:Keypad_InterruptHandler)
                  00009dfc    0000004c     rtsv7M4_T_le_v4SPD16_eabi.lib : atoi.c.obj (.text:atoi)
                  00009e48    0000004c                                   : cpy_tbl.c.obj (.text:copy_in)
                  00009e94    0000004c     freertos_builds_MSP_EXP432P401R_release_ccs.lib : timers.obj (.text:prvCheckForValidListAndQueue)
                  00009ee0    0000004c                                                     : tasks.obj (.text:prvCheckTasksWaitingTermination)
                  00009f2c    0000004c                                                     : timers.obj (.text:prvProcessExpiredTimer)
                  00009f78    0000004c     drivers_msp432p401x.aem4f : UARTMSP432.oem4f (.text:readIsrBinaryCallback)
                  00009fc4    0000004c     freertos_builds_MSP_EXP432P401R_release_ccs.lib : port.obj (.text:vPortEnterCritical)
                  0000a010    0000004c                                                     : tasks.obj (.text:vTaskSetThreadLocalStoragePointer)
                  0000a05c    00000048                                                     : HwiPMSP432_freertos.obj (.text:HwiP_dispatch)
                  0000a0a4    00000048     drivers_msp432p401x.aem4f : PowerMSP432.oem4f (.text:Power_releaseConstraint)
                  0000a0ec    00000048     freertos_builds_MSP_EXP432P401R_release_ccs.lib : timers.obj (.text:prvSwitchTimerLists)
                  0000a134    00000048     rtsv7M4_T_le_v4SPD16_eabi.lib : fd_toi_t2.asm.obj (.text)
                  0000a17c    00000048     freertos_builds_MSP_EXP432P401R_release_ccs.lib : sleep.obj (.text:sleep)
                  0000a1c4    00000048                                                     : list.obj (.text:uxListRemove)
                  0000a20c    00000046     drivers_msp432p401x.aem4f : RingBuf.oem4f (.text:RingBuf_put)
                  0000a252    00000046     display.aem4f : SharpGrLib.oem4f (.text:SharpGrLib_drawMultiple)
                  0000a298    00000046     freertos_builds_MSP_EXP432P401R_release_ccs.lib : queue.obj (.text:xQueueCreateCountingSemaphore)
                  0000a2de    00000002     --HOLE-- [fill = 0]
                  0000a2e0    00000044     drivers_msp432p401x.aem4f : Capture.oem4f (.text:Capture_init)
                  0000a324    00000044                               : I2C.oem4f (.text:I2C_init)
                  0000a368    00000044                               : SPI.oem4f (.text:SPI_init)
                  0000a3ac    00000044                               : UART.oem4f (.text:UART_init)
                  0000a3f0    00000044                               : I2CMSP432.oem4f (.text:perfChangeNotifyFxn)
                  0000a434    00000044     freertos_builds_MSP_EXP432P401R_release_ccs.lib : queue.obj (.text:prvInitialiseNewQueue)
                  0000a478    00000044     rtsv7M4_T_le_v4SPD16_eabi.lib : fd_tou_t2.asm.obj (.text)
                  0000a4bc    00000042     display.aem4f : SharpGrLib.oem4f (.text:SharpGrLib_pixelDraw)
                  0000a4fe    00000042     freertos_builds_MSP_EXP432P401R_release_ccs.lib : memory.obj (.text:malloc)
                  0000a540    00000040     drivers_msp432p401x.aem4f : Capture.oem4f (.text:Capture_open)
                  0000a580    00000040     msp432p4xx_driverlib.lib : gpio.o (.text:GPIO_setAsOutputPin)
                  0000a5c0    00000040     grlib.a : string.obj (.text:Graphics_getNumberOfLeadingZeros)
                  0000a600    00000040     drivers_msp432p401x.aem4f : I2C.oem4f (.text:I2C_open)
                  0000a640    00000040                               : RingBuf.oem4f (.text:RingBuf_get)
                  0000a680    00000040                               : SPI.oem4f (.text:SPI_open)
                  0000a6c0    00000040                               : UARTMSP432.oem4f (.text:UARTMSP432_read)
                  0000a700    00000040                               : UART.oem4f (.text:UART_open)
                  0000a740    00000040     freertos_builds_MSP_EXP432P401R_release_ccs.lib : aeabi_portable.obj (.text:__aeabi_errno_addr)
                  0000a780    00000040     msp432p4xx_driverlib.lib : spi.o (.text:is_A_Module)
                  0000a7c0    00000040     drivers_msp432p401x.aem4f : UARTMSP432.oem4f (.text:perfChangeNotifyFxn)
                  0000a800    00000040     rtsv7M4_T_le_v4SPD16_eabi.lib : u_divt2.asm.obj (.text)
                  0000a840    0000003e     freertos_builds_MSP_EXP432P401R_release_ccs.lib : ClockP_freertos.obj (.text:ClockP_callbackFxn)
                  0000a87e    0000003e                                                     : pthread.obj (.text:pthread_setcancelstate)
                  0000a8bc    0000003c                                                     : queue.obj (.text:prvCopyDataFromQueue)
                  0000a8f8    0000003c                                                     : tasks.obj (.text:pvTaskGetThreadLocalStoragePointer)
                  0000a934    0000003c                                                     : list.obj (.text:vListInsertEnd)
                  0000a970    0000003c                                                     : timers.obj (.text:xTimerCreate)
                  0000a9ac    0000003a                                                     : PowerMSP432_freertos.obj (.text:PowerMSP432_sleepPolicy)
                  0000a9e6    0000003a     rtsv7M4_T_le_v4SPD16_eabi.lib : _printfi.c.obj (.text:_fcpy$20)
                  0000aa20    00000038     drivers_msp432p401x.aem4f : PowerMSP432.oem4f (.text:Power_setConstraint)
                  0000aa58    00000038     msp432p4xx_driverlib.lib : timer32.o (.text:Timer32_startTimer)
                  0000aa90    00000038     utils.obj (.text:delay_us)
                  0000aac8    00000038     drivers_msp432p401x.aem4f : PowerMSP432.oem4f (.text:notify)
                  0000ab00    00000038     freertos_builds_MSP_EXP432P401R_release_ccs.lib : timers.obj (.text:prvGetNextExpireTime)
                  0000ab38    00000038                                                     : port.obj (.text:prvTaskExitError)
                  0000ab70    00000038     rtsv7M4_T_le_v4SPD16_eabi.lib : fs_tod_t2.asm.obj (.text)
                  0000aba8    00000036     drivers_msp432p401x.aem4f : CaptureMSP432.oem4f (.text:CaptureMSP432_stop)
                  0000abde    00000036     grlib.a : display.obj (.text:Graphics_drawHorizontalLineOnDisplay)
                  0000ac14    00000036     drivers_msp432p401x.aem4f : UARTMSP432.oem4f (.text:UARTMSP432_readCancel)
                  0000ac4a    00000036     freertos_builds_MSP_EXP432P401R_release_ccs.lib : timers.obj (.text:prvReloadTimer)
                  0000ac80    00000034     TempSensorProxy.obj (.text:Capture_Callback)
                  0000acb4    00000034     display.aem4f : DisplaySharp.oem4f (.text:DisplaySharp_close)
                  0000ace8    00000034     drivers_msp432p401x.aem4f : GPIOMSP432.oem4f (.text:GPIO_clearInt)
                  0000ad1c    00000034                               : GPIOMSP432.oem4f (.text:GPIO_disableInt)
                  0000ad50    00000034                               : GPIOMSP432.oem4f (.text:GPIO_enableInt)
                  0000ad84    00000034     freertos_builds_MSP_EXP432P401R_release_ccs.lib : SemaphoreP_freertos.obj (.text:SemaphoreP_pend)
                  0000adb8    00000034     msp432p4xx_driverlib.lib : timer32.o (.text:Timer32_setCount)
                  0000adec    00000034                              : timer_a.o (.text:Timer_A_configureContinuousMode)
                  0000ae20    00000034     rtsv7M4_T_le_v4SPD16_eabi.lib : boot_cortex_m.c.obj (.text:_c_int00_noargs:_c_int00_noargs)
                  0000ae54    00000034     freertos_builds_MSP_EXP432P401R_release_ccs.lib : timers.obj (.text:prvSampleTimeNow)
                  0000ae88    00000034                                                     : port.obj (.text:vPortSetupTimerInterrupt)
                  0000aebc    00000034                                                     : tasks.obj (.text:vTaskPlaceOnEventList)
                  0000aef0    00000030     msp432p4xx_driverlib.lib : cs.o (.text:CS_clearInterruptFlag)
                  0000af20    00000030     LCDdisplayClient.obj (.text:DisplayClient_turnOffLCDbacklight)
                  0000af50    00000030     LCDdisplayI2C.obj (.text:DisplayI2C_send)
                  0000af80    00000030     LCDdisplayProxy.obj (.text:LCD_setCursor)
                  0000afb0    00000030     freertos_builds_MSP_EXP432P401R_release_ccs.lib : SystemP_freertos.obj (.text:SystemP_snprintf)
                  0000afe0    00000030     drivers_msp432p401x.aem4f : CaptureMSP432.oem4f (.text:mapPin)
                  0000b010    00000030                               : I2CMSP432.oem4f (.text:mapPin)
                  0000b040    00000030                               : SPIMSP432DMA.oem4f (.text:mapPin)
                  0000b070    00000030                               : UARTMSP432.oem4f (.text:mapPin)
                  0000b0a0    00000030     freertos_builds_MSP_EXP432P401R_release_ccs.lib : tasks.obj (.text:prvResetNextTaskUnblockTime)
                  0000b0d0    00000030     rtsv7M4_T_le_v4SPD16_eabi.lib : sprintf.c.obj (.text:sprintf)
                  0000b100    00000030     freertos_builds_MSP_EXP432P401R_release_ccs.lib : list.obj (.text:vListInitialise)
                  0000b130    00000030                                                     : port.obj (.text:vPortExitCritical)
                  0000b160    00000030                                                     : tasks.obj (.text:xTaskGetSchedulerState)
                  0000b190    0000002e     display.aem4f : SharpGrLib.oem4f (.text:SharpGrLib_initializeDisplayBuffer)
                  0000b1be    0000002e     freertos_builds_MSP_EXP432P401R_release_ccs.lib : SystemP_freertos.obj (.text:putChar)
                  0000b1ec    0000002e                                                     : timers.obj (.text:pvTimerGetTimerID)
                  0000b21a    0000002e     rtsv7M4_T_le_v4SPD16_eabi.lib : i_tofd_t2.asm.obj (.text)
                  0000b248    0000002c     grlib.a : display.obj (.text:Graphics_drawPixelOnDisplay)
                  0000b274    0000002c     freertos_builds_MSP_EXP432P401R_release_ccs.lib : HwiPMSP432_freertos.obj (.text:HwiP_disable)
                  0000b2a0    0000002c                                                     : SemaphoreP_freertos.obj (.text:SemaphoreP_createBinary)
                  0000b2cc    0000002c     msp432p4xx_driverlib.lib : timer_a.o (.text:Timer_A_clearCaptureCompareInterrupt)
                  0000b2f8    0000002c                              : timer_a.o (.text:Timer_A_disableCaptureCompareInterrupt)
                  0000b324    0000002c                              : timer_a.o (.text:Timer_A_enableCaptureCompareInterrupt)
                  0000b350    0000002c     rtsv7M4_T_le_v4SPD16_eabi.lib : ull_tofd_t2.asm.obj (.text)
                  0000b37c    0000002c     freertos_builds_MSP_EXP432P401R_release_ccs.lib : tasks.obj (.text:vTaskSetApplicationTaskTag)
                  0000b3a8    0000002c                                                     : port.obj (.text:xPortSysTickHandler)
                  0000b3d4    0000002a     display.aem4f : DisplayUart.oem4f (.text:DisplayUartAnsi_clear)
                  0000b3fe    0000002a                   : Display.oem4f (.text:Display_doPrintf)
                  0000b428    0000002a     drivers_msp432p401x.aem4f : SPIMSP432DMA.oem4f (.text:perfChangeNotifyFxn)
                  0000b452    00000002     --HOLE-- [fill = 0]
                  0000b454    00000028     msp432p4xx_driverlib.lib : cs.o (.text:CS_getACLK)
                  0000b47c    00000028                              : cs.o (.text:CS_getHSMCLK)
                  0000b4a4    00000028                              : cs.o (.text:CS_getMCLK)
                  0000b4cc    00000028                              : cs.o (.text:CS_getSMCLK)
                  0000b4f4    00000028     display.aem4f : Display.oem4f (.text:Display_doInit)
                  0000b51c    00000028     msp432p4xx_driverlib.lib : gpio.o (.text:GPIO_setOutputHighOnPin)
                  0000b544    00000028                              : gpio.o (.text:GPIO_setOutputLowOnPin)
                  0000b56c    00000028     freertos_builds_MSP_EXP432P401R_release_ccs.lib : HwiPMSP432_freertos.obj (.text:HwiP_inISR)
                  0000b594    00000028     drivers_msp432p401x.aem4f : PowerMSP432.oem4f (.text:Power_registerNotify)
                  0000b5bc    00000028     msp432p4xx_driverlib.lib : spi.o (.text:SPI_getInterruptStatus)
                  0000b5e4    00000028     drivers_msp432p401x.aem4f : PowerMSP432.oem4f (.text:disableFaultCounter)
                  0000b60c    00000028                               : PowerMSP432.oem4f (.text:disableHFXT)
                  0000b634    00000028                               : UARTMSP432.oem4f (.text:findBaudDividerIndex)
                  0000b65c    00000028     freertos_builds_MSP_EXP432P401R_release_ccs.lib : pthread.obj (.text:pthread_attr_setschedparam)
                  0000b684    00000028                                                     : tasks.obj (.text:xTaskGetApplicationTaskTag)
                  0000b6ac    00000026     drivers_msp432p401x.aem4f : List.oem4f (.text:List_put)
                  0000b6d2    00000026                               : List.oem4f (.text:List_remove)
                  0000b6f8    00000026     freertos_builds_MSP_EXP432P401R_release_ccs.lib : pthread.obj (.text:_pthread_cleanup_pop)
                  0000b71e    00000026                                                     : queue.obj (.text:prvIsQueueFull)
                  0000b744    00000024     display.aem4f : DisplaySharp.oem4f (.text:DisplaySharp_clear)
                  0000b768    00000024                   : SharpGrLib.oem4f (.text:SharpGrLib_init)
                  0000b78c    00000024     freertos_builds_MSP_EXP432P401R_release_ccs.lib : queue.obj (.text:prvGetDisinheritPriorityAfterTimeout)
                  0000b7b0    00000024                                                     : queue.obj (.text:vQueueDelete)
                  0000b7d4    00000024                                                     : tasks.obj (.text:vTaskInternalSetTimeOutState)
                  0000b7f8    00000022                                                     : SemaphoreP_freertos.obj (.text:SemaphoreP_post)
                  0000b81a    00000022                                                     : SystemP_freertos.obj (.text:SystemP_vsnprintf)
                  0000b83c    00000022     msp432p4xx_driverlib.lib : timer_a.o (.text:Timer_A_getCaptureCompareCount)
                  0000b85e    00000022     freertos_builds_MSP_EXP432P401R_release_ccs.lib : pthread.obj (.text:pthread_attr_setdetachstate)
                  0000b880    00000020     msp432p4xx_driverlib.lib : cs.o (.text:CS_getBCLK)
                  0000b8a0    00000020                              : cs.o (.text:CS_setExternalClockSourceFrequency)
                  0000b8c0    00000020     freertos_builds_MSP_EXP432P401R_release_ccs.lib : HwiPMSP432_freertos.obj (.text:HwiP_restore)
                  0000b8e0    00000020     drivers_msp432p401x.aem4f : PowerMSP432.oem4f (.text:Power_unregisterNotify)
                  0000b900    00000020                               : RingBuf.oem4f (.text:RingBuf_peek)
                  0000b920    00000020     freertos_builds_MSP_EXP432P401R_release_ccs.lib : queue.obj (.text:prvIsQueueEmpty)
                  0000b940    0000001e                                                     : ClockP_freertos.obj (.text:ClockP_start)
                  0000b95e    0000001e     grlib.a : display.obj (.text:Graphics_fillRectangleOnDisplay)
                  0000b97c    0000001e     freertos_builds_MSP_EXP432P401R_release_ccs.lib : HwiPMSP432_freertos.obj (.text:HwiP_Params_init)
                  0000b99a    0000001e     LCDdisplayProxy.obj (.text:LCD_write)
                  0000b9b8    0000001e     freertos_builds_MSP_EXP432P401R_release_ccs.lib : pthread.obj (.text:_pthread_runStub)
                  0000b9d6    0000001e     rtsv7M4_T_le_v4SPD16_eabi.lib : ll_lsl_t2.asm.obj (.text)
                  0000b9f4    0000001c     freertos_builds_MSP_EXP432P401R_release_ccs.lib : ClockP_freertos.obj (.text:ClockP_Params_init)
                  0000ba10    0000001c                                                     : ClockP_freertos.obj (.text:ClockP_usleep)
                  0000ba2c    0000001c     msp432p4xx_driverlib.lib : interrupt.o (.text:Interrupt_unregisterInterrupt)
                  0000ba48    0000001c     freertos_builds_MSP_EXP432P401R_release_ccs.lib : pthread.obj (.text:pthread_attr_init)
                  0000ba64    0000001c                                                     : tasks.obj (.text:pvTaskIncrementMutexHeldCount)
                  0000ba80    0000001a     grlib.a : display.obj (.text:Graphics_clearDisplayOnDisplay)
                  0000ba9a    0000001a             : context.obj (.text:Graphics_setBackgroundColor)
                  0000bab4    0000001a             : context.obj (.text:Graphics_setFont)
                  0000bace    0000001a     freertos_builds_MSP_EXP432P401R_release_ccs.lib : PTLS.obj (.text:PTLS_taskDeleteHook)
                  0000bae8    0000001a                                                     : timers.obj (.text:prvTimerTask)
                  0000bb02    00000018     msp432p4xx_driverlib.lib : spi.o (.text:EUSCI_A_SPI_getInterruptStatus)
                  0000bb1a    00000018                              : spi.o (.text:EUSCI_B_SPI_getInterruptStatus)
                  0000bb32    00000018     drivers_msp432p401x.aem4f : I2C.oem4f (.text:I2C_transfer)
                  0000bb4a    00000002     --HOLE-- [fill = 0]
                  0000bb4c    00000018     display.aem4f : SharpGrLib.oem4f (.text:SharpGrLib_reverse)
                  0000bb64    00000018     msp432p4xx_driverlib.lib : sysctl_a.o (.text:SysCtl_A_disableNMISource)
                  0000bb7c    00000018                              : sysctl_a.o (.text:SysCtl_A_enableNMISource)
                  0000bb94    00000018                              : timer_a.o (.text:Timer_A_clearTimer)
                  0000bbac    00000018     drivers_msp432p401x.aem4f : UART.oem4f (.text:UART_Params_init)
                  0000bbc4    00000018     rtsv7M4_T_le_v4SPD16_eabi.lib : sprintf.c.obj (.text:_outs$12)
                  0000bbdc    00000018     MSP_EXP432P401R.obj (.text:dmaErrorHwi$5)
                  0000bbf4    00000018     freertos_builds_MSP_EXP432P401R_release_ccs.lib : memory.obj (.text:free)
                  0000bc0c    00000018                                                     : sched.obj (.text:sched_yield)
                  0000bc24    00000016                                                     : ClockP_freertos.obj (.text:ClockP_setTimeout)
                  0000bc3a    00000016     display.aem4f : DisplayUart.oem4f (.text:DisplayUartAnsi_close)
                  0000bc50    00000016     grlib.a : context.obj (.text:Graphics_setForegroundColor)
                  0000bc66    00000016             : display.obj (.text:Graphics_translateColorOnDisplay)
                  0000bc7c    00000016     freertos_builds_MSP_EXP432P401R_release_ccs.lib : PTLS.obj (.text:PTLS_getBuf)
                  0000bc92    00000016                                                     : PTLS.obj (.text:PTLS_setBuf)
                  0000bca8    00000016                                                     : SemaphoreP_freertos.obj (.text:SemaphoreP_Params_init)
                  0000bcbe    00000016     msp432p4xx_driverlib.lib : timer_a.o (.text:Timer_A_startCounter)
                  0000bcd4    00000016     rtsv7M4_T_le_v4SPD16_eabi.lib : strchr.c.obj (.text:strchr)
                  0000bcea    00000002     --HOLE-- [fill = 0]
                  0000bcec    00000014     drivers_msp432p401x.aem4f : SPI.oem4f (.text:SPI_Params_init)
                  0000bd00    00000014     msp432p4xx_driverlib.lib : timer_a.o (.text:Timer_A_stopTimer)
                  0000bd14    00000014     drivers_msp432p401x.aem4f : UARTMSP432.oem4f (.text:clearTXCPTIFG)
                  0000bd28    00000014     rtsv7M4_T_le_v4SPD16_eabi.lib : s_copysign.c.obj (.text:copysign)
                  0000bd3c    00000014     freertos_builds_MSP_EXP432P401R_release_ccs.lib : tasks.obj (.text:prvDeleteTCB)
                  0000bd50    00000014                                                     : pthread.obj (.text:pthread_attr_setstacksize)
                  0000bd64    00000014                                                     : pthread.obj (.text:pthread_self)
                  0000bd78    00000014                                                     : startup_msp432_ccs.obj (.text:resetISR)
                  0000bd8c    00000014     rtsv7M4_T_le_v4SPD16_eabi.lib : strlen.c.obj (.text:strlen)
                  0000bda0    00000014     freertos_builds_MSP_EXP432P401R_release_ccs.lib : tasks.obj (.text:xTaskGetCurrentTaskHandle)
                  0000bdb4    00000014                                                     : tasks.obj (.text:xTaskGetTickCount)
                  0000bdc8    00000012     grlib.a : context.obj (.text:Graphics_clearDisplay)
                  0000bdda    00000012             : display.obj (.text:Graphics_flushOnDisplay)
                  0000bdec    00000012     freertos_builds_MSP_EXP432P401R_release_ccs.lib : HwiPMSP432_freertos.obj (.text:HwiP_delete)
                  0000bdfe    00000012     LCDdisplayProxy.obj (.text:LCD_display)
                  0000be10    00000012     drivers_msp432p401x.aem4f : RingBuf.oem4f (.text:RingBuf_construct)
                  0000be22    00000002     --HOLE-- [fill = 0]
                  0000be24    00000010                               : Capture.oem4f (.text:Capture_Params_init)
                  0000be34    00000010                               : I2C.oem4f (.text:I2C_Params_init)
                  0000be44    00000010                               : PowerMSP432.oem4f (.text:PowerMSP432_getNumPerfLevels)
                  0000be54    00000010                               : PowerMSP432.oem4f (.text:Power_enablePolicy)
                  0000be64    00000010     msp432p4xx_driverlib.lib : sysctl_a.o (.text:SysCtl_A_getNMISourceStatus)
                  0000be74    00000010                              : sysctl.o (.text:SysCtl_getNMISourceStatus)
                  0000be84    00000010     drivers_msp432p401x.aem4f : UARTMSP432.oem4f (.text:readBlockingTimeout)
                  0000be94    00000010     rtsv7M4_T_le_v4SPD16_eabi.lib : strcpy.c.obj (.text:strcpy)
                  0000bea4    00000010     freertos_builds_MSP_EXP432P401R_release_ccs.lib : list.obj (.text:vListInitialiseItem)
                  0000beb4    00000010                                                     : tasks.obj (.text:vTaskSuspendAll)
                  0000bec4    0000000e     grlib.a : context.obj (.text:Graphics_flushBuffer)
                  0000bed2    0000000e     msp432p4xx_driverlib.lib : timer32.o (.text:Timer32_getValue)
                  0000bee0    0000000e     rtsv7M4_T_le_v4SPD16_eabi.lib : copy_decompress_none.c.obj (.text:decompress:none:__TI_decompress_none)
                  0000beee    0000000c     msp432p4xx_driverlib.lib : cpu.o (.text:CPU_cpsid)
                  0000befa    0000000c                              : cpu.o (.text:CPU_cpsie)
                  0000bf06    0000000c     display.aem4f : Display.oem4f (.text:Display_doClear)
                  0000bf12    0000000c     freertos_builds_MSP_EXP432P401R_release_ccs.lib : HwiPMSP432_freertos.obj (.text:HwiP_clearInterrupt)
                  0000bf1e    0000000c                                                     : HwiPMSP432_freertos.obj (.text:HwiP_disableInterrupt)
                  0000bf2a    0000000c                                                     : HwiPMSP432_freertos.obj (.text:HwiP_enableInterrupt)
                  0000bf36    00000002     --HOLE-- [fill = 0]
                  0000bf38    0000000c     drivers_msp432p401x.aem4f : PowerMSP432.oem4f (.text:Power_getConstraintMask)
                  0000bf44    0000000c                               : PowerMSP432.oem4f (.text:Power_getPerformanceLevel)
                  0000bf50    0000000c                               : PowerMSP432.oem4f (.text:Power_setPolicy)
                  0000bf5c    0000000c     freertos_builds_MSP_EXP432P401R_release_ccs.lib : SemaphoreP_freertos.obj (.text:SemaphoreP_delete)
                  0000bf68    0000000c     rtsv7M4_T_le_v4SPD16_eabi.lib : copy_zero_init.c.obj (.text:decompress:ZI:__TI_zero_init)
                  0000bf74    0000000c     freertos_builds_MSP_EXP432P401R_release_ccs.lib : tasks.obj (.text:vTaskMissedYield)
                  0000bf80    0000000a     drivers_msp432p401x.aem4f : Capture.oem4f (.text:Capture_close)
                  0000bf8a    0000000a                               : Capture.oem4f (.text:Capture_start)
                  0000bf94    0000000a                               : Capture.oem4f (.text:Capture_stop)
                  0000bf9e    0000000a     freertos_builds_MSP_EXP432P401R_release_ccs.lib : PowerMSP432_freertos.obj (.text:PowerMSP432_updateFreqs)
                  0000bfa8    0000000a     drivers_msp432p401x.aem4f : SPI.oem4f (.text:SPI_close)
                  0000bfb2    0000000a                               : SPI.oem4f (.text:SPI_transfer)
                  0000bfbc    0000000a     display.aem4f : SharpGrLib.oem4f (.text:SharpGrLib_colorTranslate)
                  0000bfc6    0000000a     drivers_msp432p401x.aem4f : UART.oem4f (.text:UART_close)
                  0000bfd0    0000000a                               : UART.oem4f (.text:UART_control)
                  0000bfda    0000000a                               : UART.oem4f (.text:UART_write)
                  0000bfe4    0000000a     rtsv7M4_T_le_v4SPD16_eabi.lib : sprintf.c.obj (.text:_outc$12)
                  0000bfee    0000000a     freertos_builds_MSP_EXP432P401R_release_ccs.lib : tasks.obj (.text:prvIdleTask)
                  0000bff8    00000008     display.aem4f : DisplaySharp.oem4f (.text:DisplaySharp_getType)
                  0000c000    00000008     drivers_msp432p401x.aem4f : I2CMSP432.oem4f (.text:blockingTransferCallback)
                  0000c008    00000008                               : SPIMSP432DMA.oem4f (.text:blockingTransferCallback)
                  0000c010    00000008                               : UARTMSP432.oem4f (.text:readSemCallback)
                  0000c018    00000008                               : UARTMSP432.oem4f (.text:txcptEnabledStatus)
                  0000c020    00000008                               : UARTMSP432.oem4f (.text:writeSemCallback)
                  0000c028    00000006                               : CaptureMSP432.oem4f (.text:CaptureMSP432_control)
                  0000c02e    00000006     display.aem4f : DisplayUart.oem4f (.text:DisplayUartAnsi_control)
                  0000c034    00000006                   : DisplayUart.oem4f (.text:DisplayUartAnsi_getType)
                  0000c03a    00000006                   : Display.oem4f (.text:Display_doParamsInit)
                  0000c040    00000006     drivers_msp432p401x.aem4f : I2CMSP432.oem4f (.text:I2CMSP432_control)
                  0000c046    00000006                               : SPIMSP432DMA.oem4f (.text:SPIMSP432DMA_control)
                  0000c04c    00000004                               : SPIMSP432DMA.oem4f (.text:SPIMSP432DMA_init)
                  0000c050    00000004     rtsv7M4_T_le_v4SPD16_eabi.lib : error.c.obj (.text:__abort_execution)
                  0000c054    00000004                                   : pre_init.c.obj (.text:_system_pre_init)
                  0000c058    00000004                                   : exit.c.obj (.text:abort:abort)
                  0000c05c    00000004     main_freertos.obj (.text:notifyFxn)

.const     0    0000c98c    000009aa     
                  0000c98c    000002f8     grlib.a : fontfixed6x8.obj (.const:.string:g_pucFontFixed6x8Data)
                  0000cc84    00000101     rtsv7M4_T_le_v4SPD16_eabi.lib : ctype.c.obj (.const:.string:_ctypes_)
                  0000cd85    00000001     display.aem4f : Display.oem4f (.const:Display_defaultParams)
                  0000cd86    00000002     --HOLE-- [fill = 0]
                  0000cd88    000000c8     grlib.a : fontfixed6x8.obj (.const:g_sFontFixed6x8)
                  0000ce50    000000b0     MSP_EXP432P401R.obj (.const:uartMSP432Baudrates)
                  0000cf00    00000090     MSP_EXP432P401R.obj (.const:spiMSP432DMAHWAttrs)
                  0000cf90    00000050     msp432p4xx_driverlib.lib : interrupt.o (.const:g_pulRegs)
                  0000cfe0    00000038     MSP_EXP432P401R.obj (.const:PowerMSP432_config)
                  0000d018    00000030     msp432p4xx_driverlib.lib : gpio.o (.const:GPIO_PORT_TO_BASE)
                  0000d048    00000030     MSP_EXP432P401R.obj (.const:SPI_config)
                  0000d078    0000002c     MSP_EXP432P401R.obj (.const:uartMSP432HWAttrs)
                  0000d0a4    00000028     drivers_msp432p401x.aem4f : UARTMSP432.oem4f (.const:UARTMSP432_fxnTable)
                  0000d0cc    00000024                               : UART.oem4f (.const:UART_defaultParams)
                  0000d0f0    00000020     display.aem4f : DisplaySharp.oem4f (.const:DisplaySharp_fxnTable)
                  0000d110    00000020                   : DisplayUart.oem4f (.const:DisplayUartAnsi_fxnTable)
                  0000d130    00000020     drivers_msp432p401x.aem4f : SPI.oem4f (.const:SPI_defaultParams)
                  0000d150    00000020     display.aem4f : SharpGrLib.oem4f (.const:g_sharpFxns)
                  0000d170    00000020     drivers_msp432p401x.aem4f : UARTMSP432.oem4f (.const:staticFxnTable)
                  0000d190    00000018                               : CaptureMSP432.oem4f (.const:CaptureMSP432_captureFxnTable)
                  0000d1a8    00000018     MSP_EXP432P401R.obj (.const:Display_config)
                  0000d1c0    00000018     drivers_msp432p401x.aem4f : I2CMSP432.oem4f (.const:I2CMSP432_fxnTable)
                  0000d1d8    00000018                               : SPIMSP432DMA.oem4f (.const:SPIMSP432DMA_fxnTable)
                  0000d1f0    00000018     MSP_EXP432P401R.obj (.const:displaySharpHWattrs)
                  0000d208    00000014     MSP_EXP432P401R.obj (.const:GPIOMSP432_config)
                  0000d21c    00000014     MSP_EXP432P401R.obj (.const:captureMSP432HWAttrs)
                  0000d230    00000014     MSP_EXP432P401R.obj (.const:displayUartHWAttrs)
                  0000d244    00000014     MSP_EXP432P401R.obj (.const:i2cMSP432HWAttrs)
                  0000d258    00000010     LCDdisplayProxy.obj (.const:$P$T0$1$4)
                  0000d268    00000010     display.aem4f : SharpGrLib.oem4f (.const:.string:referse_data)
                  0000d278    00000010     drivers_msp432p401x.aem4f : I2C.oem4f (.const:I2C_defaultParams)
                  0000d288    0000000e     MSP_EXP432P401R.obj (.const)
                  0000d296    00000002     --HOLE-- [fill = 0]
                  0000d298    0000000c     MSP_EXP432P401R.obj (.const:Capture_config)
                  0000d2a4    0000000c     MSP_EXP432P401R.obj (.const:I2C_config)
                  0000d2b0    0000000c     MSP_EXP432P401R.obj (.const:UART_config)
                  0000d2bc    0000000c     drivers_msp432p401x.aem4f : I2CMSP432.oem4f (.const:bitRates)
                  0000d2c8    0000000c                               : Capture.oem4f (.const:defaultParams)
                  0000d2d4    0000000c     MSP_EXP432P401R.obj (.const:udmaMSP432HWAttrs)
                  0000d2e0    00000008     MSP_EXP432P401R.obj (.const:UDMAMSP432_config)
                  0000d2e8    00000008     drivers_msp432p401x.aem4f : SPIMSP432DMA.oem4f (.const:frameFormat)
                  0000d2f0    00000008     freertos_builds_MSP_EXP432P401R_release_ccs.lib : port.obj (.const)
                  0000d2f8    00000008     msp432p4xx_driverlib.lib : interrupt.o (.const:g_pulDisRegs)
                  0000d300    00000008                              : interrupt.o (.const:g_pulEnRegs)
                  0000d308    00000008                              : interrupt.o (.const:g_pulUnpendRegs)
                  0000d310    00000007     display.aem4f : DisplayUart.oem4f (.const:.string:$P$T0$1)
                  0000d317    00000006     drivers_msp432p401x.aem4f : GPIOMSP432.oem4f (.const:.string:interruptType)
                  0000d31d    00000006                               : GPIOMSP432.oem4f (.const:.string:portInterruptIds)
                  0000d323    00000005                               : UARTMSP432.oem4f (.const:.string:parityTypes)
                  0000d328    00000004     freertos_builds_MSP_EXP432P401R_release_ccs.lib : pthread.obj (.const)
                  0000d32c    00000004                                                     : tasks.obj (.const)
                  0000d330    00000004     drivers_msp432p401x.aem4f : UARTMSP432.oem4f (.const:stopBits)
                  0000d334    00000002     freertos_builds_MSP_EXP432P401R_release_ccs.lib : pthread.obj (.const:.string)

.cinit     0    0000d338    00000120     
                  0000d338    000000e6     (.cinit..data.load) [load image, compression = lzss]
                  0000d41e    00000002     --HOLE-- [fill = 0]
                  0000d420    0000000c     (__TI_handler_table)
                  0000d42c    00000004     --HOLE-- [fill = 0]
                  0000d430    00000008     (.cinit..bss.load) [load image, compression = zero_init]
                  0000d438    00000008     (.cinit..vtable.load) [load image, compression = zero_init]
                  0000d440    00000018     (__TI_cinit_table)

.init_array 
*          0    00000000    00000000     UNINITIALIZED

.intvecs   0    00000000    00000144     
                  00000000    00000144     freertos_builds_MSP_EXP432P401R_release_ccs.lib : startup_msp432_ccs.obj (.intvecs:retain)

.TI.ramfunc 
*          0    0000c060    0000092c     RUN ADDR = 01009278
                  0000c060    00000288     TempSensor.obj (.TI.ramfunc:TempSensor_readTemp)
                  0000c2e8    00000198     LCDdisplayClient.obj (.TI.ramfunc:displayLCDThread)
                  0000c480    00000168     DisplayConsole.obj (.TI.ramfunc:displayConsoleThread)
                  0000c5e8    00000150     LCDdisplayClient.obj (.TI.ramfunc:DisplayClient_showInfo)
                  0000c738    00000114     TempController.obj (.TI.ramfunc:temperatureControllerThread)
                  0000c84c    0000007c     Keypad.obj (.TI.ramfunc:keypadThread)
                  0000c8c8    00000044     TempSensor.obj (.TI.ramfunc:temperatureReadingThread)
                  0000c90c    00000008     <whole-program> (.tramp.TempSensor_init.1)
                  0000c914    00000008     drivers_msp432p401x.aem4f : GPIOMSP432.oem4f (.tramp.GPIO_setCallback.1)
                  0000c91c    00000008                               : GPIOMSP432.oem4f (.tramp.GPIO_setConfig.1)
                  0000c924    00000008                               : GPIOMSP432.oem4f (.tramp.GPIO_init.1)
                  0000c92c    00000008     freertos_builds_MSP_EXP432P401R_release_ccs.lib : memory.obj (.tramp.realloc.1)
                  0000c934    00000008     <whole-program> (.tramp._ZN33_INTERNAL_11_vla_alloc_c_be8bd49b21free_dead_allocationsEPv$13.1)
                  0000c93c    00000008     <whole-program> (.tramp.__vla_dealloc.1)
                  0000c944    00000008     display.aem4f : Display.oem4f (.tramp.Display_doOpen.1)
                  0000c94c    00000008     freertos_builds_MSP_EXP432P401R_release_ccs.lib : timers.obj (.tramp.xTimerGenericCommand.1)
                  0000c954    00000008                                                     : queue.obj (.tramp.xQueueReceive.1)
                  0000c95c    00000008     <whole-program> (.tramp.mutate.1)
                  0000c964    00000008     freertos_builds_MSP_EXP432P401R_release_ccs.lib : queue.obj (.tramp.xQueueGenericSend.1)
                  0000c96c    00000008     rtsv7M4_T_le_v4SPD16_eabi.lib : fd_tos_t2.asm.obj (.tramp.__aeabi_d2f.1)
                  0000c974    00000008                                   : fd_div_t2.asm.obj (.tramp.__aeabi_ddiv.1)
                  0000c97c    00000008     msp432p4xx_driverlib.lib : gpio.o (.tramp.GPIO_setAsPeripheralModuleFunctionInputPin.1)
                  0000c984    00000008     rtsv7M4_T_le_v4SPD16_eabi.lib : memset_t2.asm.obj (.tramp.memset.1)

.binit     0    0000d458    00000010     
                  0000d458    00000010     (.binit)

.bss       0    20000000    00009275     UNINITIALIZED
                  20000000    00008000     freertos_builds_MSP_EXP432P401R_release_ccs.lib : heap_4.obj (.bss:ucHeap)
                  20008000    00000800     MSP_EXP432P401R.obj (.bss:sharpDisplayBuf$5)
                  20008800    00000400     MSP_EXP432P401R.obj (.bss:displayBuf$5)
                  20008c00    00000120     (.common:spiMSP432DMAObjects)
                  20008d20    000000c8     freertos_builds_MSP_EXP432P401R_release_ccs.lib : tasks.obj (.bss:pxReadyTasksLists)
                  20008de8    00000018     display.aem4f : SharpGrLib.oem4f (.bss:spiTrans)
                  20008e00    00000100     MSP_EXP432P401R.obj (.bss:dmaControlTable$5)
                  20008f00    000000a8     TempSensorProxy.obj (.bss:$O1$$)
                  20008fa8    00000080     (.common:uartMSP432Objects)
                  20009028    00000050     (.common:i2cMSP432Objects)
                  20009078    00000044     (.common:displaySharpObject)
                  200090bc    00000030     drivers_msp432p401x.aem4f : GPIOMSP432.oem4f (.bss:gpioCallbackInfo)
                  200090ec    0000002c     main_freertos.obj (.bss:$O2$$)
                  20009118    00000020     drivers_msp432p401x.aem4f : UDMAMSP432.oem4f (.bss:hwiFxnArgs)
                  20009138    00000020                               : UDMAMSP432.oem4f (.bss:hwiFxnHandlers)
                  20009158    00000020     (.common:uartMSP432RingBuffer)
                  20009178    00000018     (.common:captureMSP432Objects)
                  20009190    00000014     freertos_builds_MSP_EXP432P401R_release_ccs.lib : timers.obj (.bss:xActiveTimerList1)
                  200091a4    00000014                                                     : timers.obj (.bss:xActiveTimerList2)
                  200091b8    00000014                                                     : tasks.obj (.bss:xDelayedTaskList1)
                  200091cc    00000014                                                     : tasks.obj (.bss:xDelayedTaskList2)
                  200091e0    00000014                                                     : tasks.obj (.bss:xPendingReadyList)
                  200091f4    00000014                                                     : tasks.obj (.bss:xSuspendedTaskList)
                  20009208    00000014                                                     : tasks.obj (.bss:xTasksWaitingTermination)
                  2000921c    00000010     drivers_msp432p401x.aem4f : UDMAMSP432.oem4f (.bss:hwiHandles)
                  2000922c    0000000c     (.common:displayUartObject)
                  20009238    00000008     display.aem4f : SharpGrLib.oem4f (.bss)
                  20009240    00000008     freertos_builds_MSP_EXP432P401R_release_ccs.lib : tasks.obj (.bss)
                  20009248    00000008                                                     : timers.obj (.bss)
                  20009250    00000008     msp432p4xx_driverlib.lib : cs.o (.bss)
                  20009258    00000008     freertos_builds_MSP_EXP432P401R_release_ccs.lib : heap_4.obj (.bss:xStart)
                  20009260    00000004     drivers_msp432p401x.aem4f : GPIOMSP432.oem4f (.bss)
                  20009264    00000004     freertos_builds_MSP_EXP432P401R_release_ccs.lib : aeabi_portable.obj (.bss:main_reent)
                  20009268    00000004     drivers_msp432p401x.aem4f : TimerMSP432.oem4f (.bss:timerState)
                  2000926c    00000004     (.common:gObj)
                  20009270    00000004     (.common:kp)
                  20009274    00000001     (.common:udmaMSP432Object)

.data      0    20009ba4    00000b14     UNINITIALIZED
                  20009ba4    00000800     freertos_builds_MSP_EXP432P401R_release_ccs.lib : HwiPMSP432_freertos.obj (.data:HwiP_dispatchTable)
                  2000a3a4    00000140     drivers_msp432p401x.aem4f : PowerMSP432.oem4f (.data:PowerMSP432_perfLevels)
                  2000a4e4    000000a0     MSP_EXP432P401R.obj (.data:myPerfLevels)
                  2000a584    00000034     freertos_builds_MSP_EXP432P401R_release_ccs.lib : tasks.obj (.data)
                  2000a5b8    00000034     MSP_EXP432P401R.obj (.data:gpioPinConfigs)
                  2000a5ec    0000002c     drivers_msp432p401x.aem4f : PowerMSP432.oem4f (.data:PowerMSP432_module)
                  2000a618    00000018                               : CaptureMSP432.oem4f (.data:captureModeConfig)
                  2000a630    00000018     freertos_builds_MSP_EXP432P401R_release_ccs.lib : heap_4.obj (.data)
                  2000a648    00000014                                                     : pthread.obj (.data:defaultPthreadAttrs)
                  2000a65c    00000010     drivers_msp432p401x.aem4f : CaptureMSP432.oem4f (.data:continuousModeConfig)
                  2000a66c    00000010                               : UDMAMSP432.oem4f (.data)
                  2000a67c    00000010     MSP_EXP432P401R.obj (.data:gpioCallbackFunctions)
                  2000a68c    0000000c     freertos_builds_MSP_EXP432P401R_release_ccs.lib : port.obj (.data)
                  2000a698    0000000c                                                     : timers.obj (.data)
                  2000a6a4    00000004                                                     : ClockP_freertos.obj (.data)
                  2000a6a8    00000004                                                     : HwiPMSP432_freertos.obj (.data)
                  2000a6ac    00000004     rtsv7M4_T_le_v4SPD16_eabi.lib : vla_alloc.c.obj (.data)
                  2000a6b0    00000002     display.aem4f : SharpGrLib.oem4f (.data)
                  2000a6b2    00000002     drivers_msp432p401x.aem4f : GPIOMSP432.oem4f (.data)
                  2000a6b4    00000001                               : Capture.oem4f (.data)
                  2000a6b5    00000001                               : I2C.oem4f (.data)
                  2000a6b6    00000001                               : SPI.oem4f (.data)
                  2000a6b7    00000001                               : UART.oem4f (.data)

.vtable    0    2000a800    000000e8     UNINITIALIZED
                  2000a800    000000e8     msp432p4xx_driverlib.lib : interrupt.o (.vtable)

.stack     0    2000fc00    00000400     UNINITIALIZED
                  2000fc00    00000004     rtsv7M4_T_le_v4SPD16_eabi.lib : boot_cortex_m.c.obj (.stack)
                  2000fc04    000003fc     --HOLE--

__llvm_prf_cnts 
*          0    20000000    00000000     UNINITIALIZED

MODULE SUMMARY

       Module                                   code    ro data   rw data
       ------                                   ----    -------   -------
    .\
       MSP_EXP432P401R.obj                      356     666       7112   
       LCDdisplayClient.obj                     2280    0         0      
       TempSensor.obj                           2256    0         0      
       DisplayConsole.obj                       1080    0         0      
       TempController.obj                       828     0         0      
       main_freertos.obj                        652     0         88     
       Keypad.obj                               448     0         0      
       TempSensorProxy.obj                      52      0         336    
       LCDdisplayProxy.obj                      220     16        0      
       utils.obj                                56      0         0      
       LCDdisplayI2C.obj                        48      0         0      
    +--+----------------------------------------+-------+---------+---------+
       Total:                                   8276    682       7536   
                                                                         
    C:\Users\aaron\AppData\Local\Temp\
       {7467BC72-41C6-423D-9E35-AF739C961934}   96      0         1282   
    +--+----------------------------------------+-------+---------+---------+
       Total:                                   96      0         1282   
                                                                         
    C:/ti/ccs1110/ccs/workspace/freertos_builds_MSP_EXP432P401R_release_ccs/Debug/freertos_builds_MSP_EXP432P401R_release_ccs.lib
       heap_4.obj                               952     0         65600  
       tasks.obj                                5198    4         720    
       HwiPMSP432_freertos.obj                  368     0         4104   
       queue.obj                                3328    0         0      
       timers.obj                               1452    0         120    
       SystemP_freertos.obj                     1498    0         0      
       pthread.obj                              798     6         40     
       port.obj                                 696     8         24     
       ClockP_freertos.obj                      626     0         8      
       startup_msp432_ccs.obj                   26      324       0      
       list.obj                                 298     0         0      
       SemaphoreP_freertos.obj                  250     0         0      
       portasm.obj                              218     0         0      
       memory.obj                               216     0         0      
       PowerMSP432_freertos.obj                 180     0         0      
       aeabi_portable.obj                       64      0         8      
       sleep.obj                                72      0         0      
       PTLS.obj                                 70      0         0      
       sched.obj                                24      0         0      
    +--+----------------------------------------+-------+---------+---------+
       Total:                                   16334   342       70624  
                                                                         
    C:/ti/simplelink_msp432p4_sdk_3_40_01_02/source/ti/devices/msp432p4xx/driverlib/ccs/msp432p4xx_driverlib.lib
       cs.o                                     1674    0         16     
       interrupt.o                              550     104       464    
       timer_a.o                                696     0         0      
       gpio.o                                   392     48        0      
       spi.o                                    328     0         0      
       uart.o                                   284     0         0      
       dma.o                                    240     0         0      
       timer32.o                                226     0         0      
       sysctl_a.o                               212     0         0      
       i2c.o                                    108     0         0      
       cpu.o                                    24      0         0      
       sysctl.o                                 16      0         0      
    +--+----------------------------------------+-------+---------+---------+
       Total:                                   4750    152       480    
                                                                         
    C:/ti/simplelink_msp432p4_sdk_3_40_01_02/source/ti/display/lib/display.aem4f
       SharpGrLib.oem4f                         1112    48        68     
       DisplaySharp.oem4f                       792     32        0      
       DisplayUart.oem4f                        576     39        0      
       Display.oem4f                            216     1         0      
    +--+----------------------------------------+-------+---------+---------+
       Total:                                   2696    120       68     
                                                                         
    C:/ti/simplelink_msp432p4_sdk_3_40_01_02/source/ti/drivers/lib/drivers_msp432p401x.aem4f
       UARTMSP432.oem4f                         3406    81        0      
       PowerMSP432.oem4f                        2204    0         728    
       I2CMSP432.oem4f                          2028    36        0      
       SPIMSP432DMA.oem4f                       1894    32        0      
       GPIOMSP432.oem4f                         1056    12        108    
       UDMAMSP432.oem4f                         900     0         192    
       CaptureMSP432.oem4f                      702     24        80     
       UART.oem4f                               186     36        2      
       TimerMSP432.oem4f                        204     0         8      
       SPI.oem4f                                172     32        2      
       Capture.oem4f                            178     12        2      
       I2C.oem4f                                172     16        2      
       RingBuf.oem4f                            184     0         0      
       List.oem4f                               76      0         0      
    +--+----------------------------------------+-------+---------+---------+
       Total:                                   13362   281       1124   
                                                                         
    C:/ti/simplelink_msp432p4_sdk_3_40_01_02/source/ti/grlib/lib/ccs/m4f/grlib.a
       string.obj                               1214    0         0      
       fontfixed6x8.obj                         0       960       0      
       rectangle.obj                            274     0         0      
       display.obj                              194     0         0      
       context.obj                              188     0         0      
       line.obj                                 156     0         0      
    +--+----------------------------------------+-------+---------+---------+
       Total:                                   2026    960       0      
                                                                         
    C:\ti\ccs1110\ccs\tools\compiler\ti-cgt-arm_20.2.5.LTS\lib\rtsv7M4_T_le_v4SPD16_eabi.lib
       _printfi.c.obj                           4847    0         0      
       fd_add_t2.asm.obj                        438     0         0      
       fd_div_t2.asm.obj                        334     0         0      
       s_scalbn.c.obj                           272     0         0      
       fd_cmp_t2.asm.obj                        268     0         0      
       ctype.c.obj                              0       257       0      
       fd_mul_t2.asm.obj                        252     0         0      
       vla_alloc.c.obj                          240     0         8      
       memcpy_t2.asm.obj                        156     0         0      
       ull_div_t2.asm.obj                       150     0         0      
       memset_t2.asm.obj                        146     0         0      
       fd_tos_t2.asm.obj                        134     0         0      
       copy_decompress_lzss.c.obj               104     0         0      
       s_frexp.c.obj                            100     0         0      
       _ltoa.c.obj                              84      0         0      
       autoinit.c.obj                           84      0         0      
       sprintf.c.obj                            82      0         0      
       atoi.c.obj                               76      0         0      
       cpy_tbl.c.obj                            76      0         0      
       fd_toi_t2.asm.obj                        72      0         0      
       fd_tou_t2.asm.obj                        68      0         0      
       u_divt2.asm.obj                          64      0         0      
       fs_tod_t2.asm.obj                        56      0         0      
       boot_cortex_m.c.obj                      52      0         0      
       i_tofd_t2.asm.obj                        46      0         0      
       ull_tofd_t2.asm.obj                      44      0         0      
       ll_lsl_t2.asm.obj                        30      0         0      
       strchr.c.obj                             22      0         0      
       s_copysign.c.obj                         20      0         0      
       strlen.c.obj                             20      0         0      
       strcpy.c.obj                             16      0         0      
       copy_decompress_none.c.obj               14      0         0      
       copy_zero_init.c.obj                     12      0         0      
       error.c.obj                              4       0         0      
       exit.c.obj                               4       0         0      
       pre_init.c.obj                           4       0         0      
       div0.asm.obj                             2       0         0      
    +--+----------------------------------------+-------+---------+---------+
       Total:                                   8393    257       8      
                                                                         
       Stack:                                   0       0         2048   
       Linker Generated:                        0       298       0      
    +--+----------------------------------------+-------+---------+---------+
       Grand Total:                             55933   3092      83170  


LINKER GENERATED COPY TABLES

__TI_cinit_table @ 0000d440 records: 3, size/record: 8, table size: 24
	.data: load addr=0000d338, load size=000000e6 bytes, run addr=20009ba4, run size=00000b14 bytes, compression=lzss
	.bss: load addr=0000d430, load size=00000008 bytes, run addr=20000000, run size=00009275 bytes, compression=zero_init
[...]
00006e15  xTaskCheckForTimeOut                      
00006f7b  SPI_initMaster                            
000070d9  DisplayUartAnsi_clearLines                
00007185  GPIO_init                                 
00007231  I2CMSP432_cancel                          
00007387  UARTMSP432_write                          
0000742f  vApplicationStackOverflowHook             
00007581  vPortFree                                 
00007629  DisplayUartAnsi_open                      
000076d1  ClockP_create                             
00007811  DisplayUartAnsi_vprintf                   
000078b1  Graphics_drawLineH                        
0000794d  Power_init                                
000079e9  __aeabi_memcpy                            
000079e9  __aeabi_memcpy4                           
000079e9  __aeabi_memcpy8                           
000079e9  memcpy                                    
00007a85  vTaskStartScheduler                       
00007b21  __aeabi_uldivmod                          
00007bb9  SysCtl_A_getTLVInfo                       
00007c4d  UDMAMSP432_init                           
00007ce1  UDMAMSP432_open                           
00007d75  UARTMSP432_close                          
00008045  GPIO_setAsPeripheralModuleFunctionInputPin
00008155  __aeabi_cdcmpeq                           
00008155  __aeabi_cdcmple                           
000081db  __aeabi_cdrcmple                          
0000836d  xTimerGenericCommand                      
000083f1  xQueueGenericCreate                       
00008475  Interrupt_disableInterrupt                
000084f5  Interrupt_enableInterrupt                 
000085f1  mutate                                    
000086e7  __aeabi_memclr                            
000086e7  __aeabi_memclr4                           
000086e7  __aeabi_memclr8                           
000086e9  __aeabi_memset                            
000086e9  __aeabi_memset4                           
000086e9  __aeabi_memset8                           
000086ef  memset                                    
00008761  xTaskCreate                               
000087dd  TimerMSP432_allocateTimerResource         
000088cd  __vla_dealloc                             
000089bd  vTaskPlaceOnEventListRestricted           
00008a35  I2CMSP432_close                           
00008b21  vPortValidateInterruptPriority            
00008b95  UARTMSP432_writeCancel                    
00008c75  PowerMSP432_deepSleepPolicy               
00008ce3  __aeabi_d2f                               
00008d51  I2C_masterSendMultiByteFinish             
00008dbd  TempSensor_init                           
00008e95  CaptureMSP432_start                       
00008efd  GPIO_hwiIntFxn                            
00008f65  PowerMSP432_getFreqs                      
00008fcd  Timer32_initModule                        
00009035  __TI_decompress_lzss                      
00009105  realloc                                   
0000916b  vListInsert                               
000091d1  ClockP_stop                               
00009235  SPIMSP432DMA_close                        
00009299  frexp                                     
00009299  frexpl                                    
000093c1  GPIO_setCallback                          
00009421  HwiP_create                               
00009481  pxPortInitialiseStack                     
000094e1  Display_doOpen                            
0000953d  Interrupt_registerInterrupt               
00009599  pthread_exit                              
000095f5  vQueueWaitForMessageRestricted            
00009651  vTaskDelay                                
000096ad  DisplaySharp_clearLines                   
00009709  GPIO_setAsInputPinWithPullUpResistor      
00009761  GPIO_write                                
000097b9  Interrupt_unpendInterrupt                 
00009869  Timer_A_initCapture                       
00009971  SemaphoreP_create                         
00009a75  ClockP_delete                             
00009ac9  Interrupt_setPriority                     
00009b1d  TimerMSP432_freeTimerResource             
00009b71  __TI_auto_init_nopinit                    
00009bc5  __TI_ltoa                                 
00009c19  xTimerCreateTimerTask                     
00009c6d  Graphics_initContext                      
00009d61  CaptureMSP432_close                       
00009db1  Keypad_InterruptHandler                   
00009dfd  atoi                                      
00009e49  copy_in                                   
00009fc5  vPortEnterCritical                        
0000a011  vTaskSetThreadLocalStoragePointer         
0000a05d  HwiP_dispatch                             
0000a0a5  Power_releaseConstraint                   
0000a135  __aeabi_d2iz                              
0000a17d  sleep                                     
0000a1c5  uxListRemove                              
0000a20d  RingBuf_put                               
0000a299  xQueueCreateCountingSemaphore             
0000a2e1  Capture_init                              
0000a325  I2C_init                                  
0000a369  SPI_init                                  
0000a3ad  UART_init                                 
0000a479  __aeabi_d2uiz                             
0000a4ff  malloc                                    
0000a541  Capture_open                              
0000a581  GPIO_setAsOutputPin                       
0000a601  I2C_open                                  
0000a641  RingBuf_get                               
0000a681  SPI_open                                  
0000a6c1  UARTMSP432_read                           
0000a701  UART_open                                 
0000a741  __aeabi_errno_addr                        
0000a801  __aeabi_uidiv                             
0000a801  __aeabi_uidivmod                          
0000a841  ClockP_callbackFxn                        
0000a87f  pthread_setcancelstate                    
0000a8f9  pvTaskGetThreadLocalStoragePointer        
0000a935  vListInsertEnd                            
0000a971  xTimerCreate                              
0000a9ad  PowerMSP432_sleepPolicy                   
0000aa21  Power_setConstraint                       
0000aa59  Timer32_startTimer                        
0000aa91  delay_us                                  
0000ab71  __aeabi_f2d                               
0000aba9  CaptureMSP432_stop                        
0000abdf  Graphics_drawHorizontalLineOnDisplay      
0000ac15  UARTMSP432_readCancel                     
0000ac81  Capture_Callback                          
0000acb5  DisplaySharp_close                        
0000ace9  GPIO_clearInt                             
0000ad1d  GPIO_disableInt                           
0000ad51  GPIO_enableInt                            
0000ad85  SemaphoreP_pend                           
0000adb9  Timer32_setCount                          
0000aded  Timer_A_configureContinuousMode           
0000ae21  _c_int00_noargs                           
0000ae89  vPortSetupTimerInterrupt                  
0000aebd  vTaskPlaceOnEventList                     
0000aef1  CS_clearInterruptFlag                     
0000af21  DisplayClient_turnOffLCDbacklight         
0000af51  DisplayI2C_send                           
0000af81  LCD_setCursor                             
0000afb1  SystemP_snprintf                          
0000b0d1  sprintf                                   
0000b101  vListInitialise                           
0000b131  vPortExitCritical                         
0000b161  xTaskGetSchedulerState                    
0000b1ed  pvTimerGetTimerID                         
0000b21b  __aeabi_i2d                               
0000b249  Graphics_drawPixelOnDisplay               
0000b275  HwiP_disable                              
0000b2a1  SemaphoreP_createBinary                   
0000b2cd  Timer_A_clearCaptureCompareInterrupt      
0000b2f9  Timer_A_disableCaptureCompareInterrupt    
0000b325  Timer_A_enableCaptureCompareInterrupt     
0000b351  __aeabi_ul2d                              
0000b37d  vTaskSetApplicationTaskTag                
0000b3a9  xPortSysTickHandler                       
0000b3d5  DisplayUartAnsi_clear                     
0000b3ff  Display_doPrintf                          
0000b455  CS_getACLK                                
0000b47d  CS_getHSMCLK                              
0000b4a5  CS_getMCLK                                
0000b4cd  CS_getSMCLK                               
0000b4f5  Display_doInit                            
0000b51d  GPIO_setOutputHighOnPin                   
0000b545  GPIO_setOutputLowOnPin                    
0000b56d  HwiP_inISR                                
0000b595  Power_registerNotify                      
0000b5bd  SPI_getInterruptStatus                    
0000b65d  pthread_attr_setschedparam                
0000b685  xTaskGetApplicationTaskTag                
0000b6ad  List_put                                  
0000b6d3  List_remove                               
0000b6f9  _pthread_cleanup_pop                      
0000b745  DisplaySharp_clear                        
0000b769  SharpGrLib_init                           
0000b7b1  vQueueDelete                              
0000b7d5  vTaskInternalSetTimeOutState              
0000b7f9  SemaphoreP_post                           
0000b81b  SystemP_vsnprintf                         
0000b83d  Timer_A_getCaptureCompareCount            
0000b85f  pthread_attr_setdetachstate               
0000b881  CS_getBCLK                                
0000b8a1  CS_setExternalClockSourceFrequency        
0000b8c1  HwiP_restore                              
0000b8e1  Power_unregisterNotify                    
0000b901  RingBuf_peek                              
0000b941  ClockP_start                              
0000b95f  Graphics_fillRectangleOnDisplay           
0000b97d  HwiP_Params_init                          
0000b99b  LCD_write                                 
0000b9d7  __aeabi_llsl                              
0000b9f5  ClockP_Params_init                        
0000ba11  ClockP_usleep                             
0000ba2d  Interrupt_unregisterInterrupt             
0000ba49  pthread_attr_init                         
0000ba65  pvTaskIncrementMutexHeldCount             
0000ba81  Graphics_clearDisplayOnDisplay            
0000ba9b  Graphics_setBackgroundColor               
0000bab5  Graphics_setFont                          
0000bacf  PTLS_taskDeleteHook                       
0000bb03  EUSCI_A_SPI_getInterruptStatus            
0000bb1b  EUSCI_B_SPI_getInterruptStatus            
0000bb33  I2C_transfer                              
0000bb65  SysCtl_A_disableNMISource                 
0000bb7d  SysCtl_A_enableNMISource                  
0000bb95  Timer_A_clearTimer                        
0000bbad  UART_Params_init                          
0000bbf5  free                                      
0000bc0d  sched_yield                               
0000bc25  ClockP_setTimeout                         
0000bc3b  DisplayUartAnsi_close                     
0000bc51  Graphics_setForegroundColor               
0000bc67  Graphics_translateColorOnDisplay          
0000bc7d  PTLS_getBuf                               
0000bc93  PTLS_setBuf                               
0000bca9  SemaphoreP_Params_init                    
0000bcbf  Timer_A_startCounter                      
0000bcd5  strchr                                    
0000bced  SPI_Params_init                           
0000bd01  Timer_A_stopTimer                         
0000bd29  copysign                                  
0000bd29  copysignl                                 
0000bd51  pthread_attr_setstacksize                 
0000bd65  pthread_self                              
0000bd79  resetISR                                  
0000bd8d  strlen                                    
0000bda1  xTaskGetCurrentTaskHandle                 
0000bdb5  xTaskGetTickCount                         
0000bdc9  Graphics_clearDisplay                     
0000bddb  Graphics_flushOnDisplay                   
0000bded  HwiP_delete                               
0000bdff  LCD_display                               
0000be11  RingBuf_construct                         
0000be25  Capture_Params_init                       
0000be35  I2C_Params_init                           
0000be45  PowerMSP432_getNumPerfLevels              
0000be55  Power_enablePolicy                        
0000be65  SysCtl_A_getNMISourceStatus               
0000be75  SysCtl_getNMISourceStatus                 
0000be95  strcpy                                    
0000bea5  vListInitialiseItem                       
0000beb5  vTaskSuspendAll                           
0000bec5  Graphics_flushBuffer                      
0000bed3  Timer32_getValue                          
0000bee1  __TI_decompress_none                      
0000beef  CPU_cpsid                                 
0000befb  CPU_cpsie                                 
0000bf07  Display_doClear                           
0000bf13  HwiP_clearInterrupt                       
0000bf1f  HwiP_disableInterrupt                     
0000bf2b  HwiP_enableInterrupt                      
0000bf39  Power_getConstraintMask                   
0000bf45  Power_getPerformanceLevel                 
0000bf51  Power_setPolicy                           
0000bf5d  SemaphoreP_delete                         
0000bf69  __TI_zero_init                            
0000bf75  vTaskMissedYield                          
0000bf81  Capture_close                             
0000bf8b  Capture_start                             
0000bf95  Capture_stop                              
0000bf9f  PowerMSP432_updateFreqs                   
0000bfa9  SPI_close                                 
0000bfb3  SPI_transfer                              
0000bfc7  UART_close                                
0000bfd1  UART_control                              
0000bfdb  UART_write                                
0000bff9  DisplaySharp_getType                      
0000c029  CaptureMSP432_control                     
0000c02f  DisplayUartAnsi_control                   
0000c035  DisplayUartAnsi_getType                   
0000c03b  Display_doParamsInit                      
0000c041  I2CMSP432_control                         
0000c047  SPIMSP432DMA_control                      
0000c04d  SPIMSP432DMA_init                         
0000c051  __abort_execution                         
0000c055  _system_pre_init                          
0000c059  C$$EXIT                                   
0000c059  abort                                     
0000c05d  notifyFxn                                 
0000cc84  _ctypes_                                  
0000cd85  Display_defaultParams                     
0000cd88  g_sFontFixed6x8                           
0000ce50  uartMSP432Baudrates                       
0000cf00  spiMSP432DMAHWAttrs                       
0000cfe0  PowerMSP432_config                        
0000d048  SPI_config                                
0000d078  uartMSP432HWAttrs                         
0000d0a4  UARTMSP432_fxnTable                       
0000d0cc  UART_defaultParams                        
0000d0f0  DisplaySharp_fxnTable                     
0000d110  DisplayUartAnsi_fxnTable                  
0000d130  SPI_defaultParams                         
0000d150  g_sharpFxns                               
0000d190  CaptureMSP432_captureFxnTable             
0000d1a8  Display_config                            
0000d1c0  I2CMSP432_fxnTable                        
0000d1d8  SPIMSP432DMA_fxnTable                     
0000d1f0  displaySharpHWattrs                       
0000d208  GPIOMSP432_config                         
0000d21c  captureMSP432HWAttrs                      
0000d230  displayUartHWAttrs                        
0000d244  i2cMSP432HWAttrs                          
0000d278  I2C_defaultParams                         
0000d288  ADC_count                                 
0000d289  ADCBuf_count                              
0000d28a  Capture_count                             
0000d28b  Display_count                             
0000d28c  I2C_count                                 
0000d28d  I2CSlave_count                            
0000d28e  NVS_count                                 
0000d28f  PWM_count                                 
0000d290  SDFatFS_count                             
0000d291  SD_count                                  
0000d292  SPI_count                                 
0000d293  Timer_count                               
0000d294  UART_count                                
0000d295  Watchdog_count                            
0000d298  Capture_config                            
0000d2a4  I2C_config                                
0000d2b0  UART_config                               
0000d2d4  udmaMSP432HWAttrs                         
0000d2e0  UDMAMSP432_config                         
0000d2f0  ulMaxSyscallInterruptPriority             
0000d32c  uxTopUsedPriority                         
0000d338  __TI_static_base__                        
0000d420  __TI_Handler_Table_Base                   
0000d42c  __TI_Handler_Table_Limit                  
0000d440  __TI_CINIT_Base                           
0000d458  __TI_CINIT_Limit                          
0000d458  __TI_table_binit                          
0000d458  __binit__                                 
0000d458  binit                                     
01009279  TempSensor_readTemp                       
01009501  displayLCDThread                          
01009699  displayConsoleThread                      
01009801  DisplayClient_showInfo                    
01009951  temperatureControllerThread               
01009a65  keypadThread                              
01009ae1  temperatureReadingThread                  
20000000  __start___llvm_prf_cnts                   
20000000  __stop___llvm_prf_cnts                    
20008c00  spiMSP432DMAObjects                       
20008f00  capturedIntervalsPtr                      
20008f01  readingData                               
20008f04  capturedIntervals                         
20008fa8  uartMSP432Objects                         
20009028  i2cMSP432Objects                          
20009078  displaySharpObject                        
200090ec  disp_hdl                                  
200090f0  qTReadToLCD                               
200090f4  qTReadToTCtrl                             
200090f8  qDispConsole                              
200090fc  qKeypadToTCtrl                            
20009100  qTCtrlToLCD                               
20009104  notifyObj                                 
20009158  uartMSP432RingBuffer                      
20009178  captureMSP432Objects                      
2000922c  displayUartObject                         
2000926c  gObj                                      
20009270  kp                                        
20009274  udmaMSP432Object                          
20009ba4  HwiP_dispatchTable                        
2000a3a4  PowerMSP432_perfLevels                    
2000a4e4  myPerfLevels                              
2000a584  pxCurrentTCB                              
2000a5b8  gpioPinConfigs                            
2000a5ec  PowerMSP432_module                        
2000a67c  gpioCallbackFunctions                     
2000a800  g_pfnRAMVectors                           
2000fc00  __stack                                   
20010000  __STACK_END                               
4000480c  WDTCTL_SYM                                
ffffffff  __TI_pprof_out_hndl                       
ffffffff  __TI_prof_data_size                       
ffffffff  __TI_prof_data_start                      
ffffffff  __c_args__                                
UNDEFED   __mpu_init                                
UNDEFED   _system_post_cinit                        

[448 symbols]
