******************************************************************************
                  TI ARM Linker PC v20.2.5                     
******************************************************************************
>> Linked Tue Oct 25 21:28:29 2022

OUTPUT FILE NAME:   <Thermostat.out>
ENTRY POINT SYMBOL: "resetISR"  address: 00008ad9


MEMORY CONFIGURATION

         name            origin    length      used     unused   attr    fill
----------------------  --------  ---------  --------  --------  ----  --------
  MAIN                  00000000   00040000  000092a8  00036d58  R  X
  INFO                  00200000   00004000  00000000  00004000  R  X
  SRAM_CODE             01000000   00010000  0000956c  00006a94  RW X
  SRAM_DATA             20000000   00010000  0000956c  00006a94  RW  


SEGMENT ALLOCATION MAP

run origin  load origin   length   init length attrs members
----------  ----------- ---------- ----------- ----- -------
00000000    00000000    00008ca6   00008ca6    r-x
  00000000    00000000    00000144   00000144    r-- .intvecs
  00000144    00000144    00008b62   00008b62    r-x .text
00008ea4    00008ea4    000002de   000002de    r--
  00008ea4    00008ea4    000002de   000002de    r-- .const
00009188    00009188    00000128   00000128    r--
  00009188    00009188    00000118   00000118    r-- .cinit
  000092a0    000092a0    00000010   00000010    r-- .binit
01008e88    00008ca8    000001fc   000001fc    r-x
  01008e88    00008ca8    000001fc   000001fc    r-x .TI.ramfunc
20000000    20000000    00008e88   00000000    rw-
  20000000    20000000    00008384   00000000    rw- .bss
  20008384    20008384    00000b04   00000000    rw- .data
20009400    20009400    000000e8   00000000    rw-
  20009400    20009400    000000e8   00000000    rw- .vtable
2000fc00    2000fc00    00000400   00000000    rw-
  2000fc00    2000fc00    00000400   00000000    rw- .stack


SECTION ALLOCATION MAP

 output                                  attributes/
section   page    origin      length       input sections
--------  ----  ----------  ----------   ----------------
.text      0    00000144    00008b62     
                  00000144    00000a5a     rtsv7M4_T_le_v4SPD16_eabi.lib : _printfi.c.obj (.text:__TI_printfi)
                  00000b9e    00000002     drivers_msp432p401x.aem4f : CaptureMSP432.oem4f (.text:CaptureMSP432_init)
                  00000ba0    000004a0     mainThread.obj (.text:mainThread)
                  00001040    000002f8     drivers_msp432p401x.aem4f : PowerMSP432.oem4f (.text:Power_sleep)
                  00001338    00000288                               : PowerMSP432.oem4f (.text:initPerfControl)
                  000015c0    00000268     rtsv7M4_T_le_v4SPD16_eabi.lib : _printfi.c.obj (.text:_pconv_a$23)
                  00001828    000001f8     drivers_msp432p401x.aem4f : I2CMSP432.oem4f (.text:I2CMSP432_open)
                  00001a20    000001f0     freertos_builds_MSP_EXP432P401R_release_ccs.lib : tasks.obj (.text:xTaskIncrementTick)
                  00001c10    000001d0     rtsv7M4_T_le_v4SPD16_eabi.lib : _printfi.c.obj (.text:_pconv_g$23)
                  00001de0    000001d0     freertos_builds_MSP_EXP432P401R_release_ccs.lib : queue.obj (.text:xQueueSemaphoreTake)
                  00001fb0    000001cc                                                     : tasks.obj (.text:xTaskResumeAll)
                  0000217c    000001b8                                                     : queue.obj (.text:xQueueGenericSend)
                  00002334    000001b6     rtsv7M4_T_le_v4SPD16_eabi.lib : fd_add_t2.asm.obj (.text)
                  000024ea    00000002     drivers_msp432p401x.aem4f : I2CMSP432.oem4f (.text:I2CMSP432_init)
                  000024ec    000001ac     freertos_builds_MSP_EXP432P401R_release_ccs.lib : heap_4.obj (.text:pvPortMalloc)
                  00002698    00000188                                                     : tasks.obj (.text:xTaskRemoveFromEventList)
                  00002820    00000184     drivers_msp432p401x.aem4f : I2CMSP432.oem4f (.text:I2CMSP432_hwiIntFxn)
                  000029a4    0000017c     freertos_builds_MSP_EXP432P401R_release_ccs.lib : queue.obj (.text:xQueueReceive)
                  00002b20    00000170     drivers_msp432p401x.aem4f : GPIOMSP432.oem4f (.text:GPIO_setConfig)
                  00002c90    00000154     freertos_builds_MSP_EXP432P401R_release_ccs.lib : timers.obj (.text:prvProcessReceivedCommands)
                  00002de4    00000150     MSP_EXP432P401R.obj (.text:MSP_EXP432P401R_initGeneral)
                  00002f34    00000148     freertos_builds_MSP_EXP432P401R_release_ccs.lib : tasks.obj (.text:vTaskPriorityDisinheritAfterTimeout)
                  0000307c    00000144     msp432p4xx_driverlib.lib : timer_a.o (.text:privateTimer_AProcessClockSourceDivider)
                  000031c0    0000013c     rtsv7M4_T_le_v4SPD16_eabi.lib : _printfi.c.obj (.text:_pconv_e$23)
                  000032fc    0000013a     freertos_builds_MSP_EXP432P401R_release_ccs.lib : tasks.obj (.text:prvInitialiseNewTask)
                  00003436    00000002     msp432p4xx_driverlib.lib : interrupt.o (.text:IntDefaultHandler)
                  00003438    00000138     freertos_builds_MSP_EXP432P401R_release_ccs.lib : pthread.obj (.text:pthread_create)
                  00003570    00000136     rtsv7M4_T_le_v4SPD16_eabi.lib : fd_div_t2.asm.obj (.text)
                  000036a6    00000002     freertos_builds_MSP_EXP432P401R_release_ccs.lib : PowerMSP432_freertos.obj (.text:PowerMSP432_initPolicy)
                  000036a8    00000124     rtsv7M4_T_le_v4SPD16_eabi.lib : _printfi.c.obj (.text:fcvt$23)
                  000037cc    00000120     freertos_builds_MSP_EXP432P401R_release_ccs.lib : tasks.obj (.text:xTaskPriorityInherit)
                  000038ec    0000011c     drivers_msp432p401x.aem4f : I2CMSP432.oem4f (.text:primeTransfer)
                  00003a08    00000118     freertos_builds_MSP_EXP432P401R_release_ccs.lib : tasks.obj (.text:vTaskSuspend)
                  00003b20    00000118                                                     : tasks.obj (.text:xTaskPriorityDisinherit)
                  00003c38    00000110     rtsv7M4_T_le_v4SPD16_eabi.lib : s_scalbn.c.obj (.text:scalbn)
                  00003d48    0000010e     freertos_builds_MSP_EXP432P401R_release_ccs.lib : queue.obj (.text:xQueueGiveFromISR)
                  00003e56    00000002                                                     : startup_msp432_ccs.obj (.text:defaultISR)
                  00003e58    0000010c     drivers_msp432p401x.aem4f : CaptureMSP432.oem4f (.text:CaptureMSP432_open)
                  00003f64    00000108     freertos_builds_MSP_EXP432P401R_release_ccs.lib : tasks.obj (.text:vTaskDelete)
                  0000406c    00000104     msp432p4xx_driverlib.lib : cs.o (.text:_CSComputeCLKFrequency)
                  00004170    00000104     freertos_builds_MSP_EXP432P401R_release_ccs.lib : tasks.obj (.text:prvAddNewTaskToReadyList)
                  00004274    00000104                                                     : queue.obj (.text:xQueueGenericReset)
                  00004378    000000fc     rtsv7M4_T_le_v4SPD16_eabi.lib : fd_mul_t2.asm.obj (.text)
                  00004474    000000f8     msp432p4xx_driverlib.lib : cs.o (.text:CS_getDCOFrequency)
                  0000456c    000000f6     freertos_builds_MSP_EXP432P401R_release_ccs.lib : queue.obj (.text:xQueueReceiveFromISR)
                  00004662    000000f0     drivers_msp432p401x.aem4f : I2CMSP432.oem4f (.text:I2CMSP432_transfer)
                  00004752    00000002     freertos_builds_MSP_EXP432P401R_release_ccs.lib : startup_msp432_ccs.obj (.text:faultISR)
                  00004754    000000f0     main_freertos.obj (.text:main)
                  00004844    000000e8     freertos_builds_MSP_EXP432P401R_release_ccs.lib : tasks.obj (.text:prvAddCurrentTaskToDelayedList)
                  0000492c    000000e4     msp432p4xx_driverlib.lib : cs.o (.text:CS_startHFXTWithTimeout)
                  00004a10    000000e0                              : cs.o (.text:CS_startLFXTWithTimeout)
                  00004af0    000000dc                              : cs.o (.text:_CSGetHFXTFrequency)
                  00004bcc    000000dc     freertos_builds_MSP_EXP432P401R_release_ccs.lib : tasks.obj (.text:vTaskSwitchContext)
                  00004ca8    000000da                                                     : portasm.obj (.text)
                  00004d82    00000002                                                     : startup_msp432_ccs.obj (.text:nmiISR)
                  00004d84    000000d0                                                     : port.obj (.text:xPortStartScheduler)
                  00004e54    000000bc                                                     : queue.obj (.text:prvCopyDataToQueue)
                  00004f10    000000bc                                                     : heap_4.obj (.text:prvHeapInit)
                  00004fcc    000000b4                                                     : tasks.obj (.text:xTaskCheckForTimeOut)
                  00005080    000000b1     rtsv7M4_T_le_v4SPD16_eabi.lib : _printfi.c.obj (.text:_ltostr$23)
                  00005131    00000001     --HOLE-- [fill = 0]
                  00005132    000000ae     freertos_builds_MSP_EXP432P401R_release_ccs.lib : queue.obj (.text:prvUnlockQueue)
                  000051e0    000000ac     drivers_msp432p401x.aem4f : GPIOMSP432.oem4f (.text:GPIO_init)
                  0000528c    000000ac                               : I2CMSP432.oem4f (.text:I2CMSP432_cancel)
                  00005338    000000a8     freertos_builds_MSP_EXP432P401R_release_ccs.lib : heap_4.obj (.text:prvInsertBlockIntoFreeList)
                  000053e0    000000a8                                                     : heap_4.obj (.text:vPortFree)
                  00005488    0000009c     drivers_msp432p401x.aem4f : PowerMSP432.oem4f (.text:Power_init)
                  00005524    0000009c     rtsv7M4_T_le_v4SPD16_eabi.lib : memcpy_t2.asm.obj (.text)
                  000055c0    0000009c     freertos_builds_MSP_EXP432P401R_release_ccs.lib : tasks.obj (.text:vTaskStartScheduler)
                  0000565c    00000098     RTC.obj (.text:RTC_C_init)
                  000056f4    00000096     rtsv7M4_T_le_v4SPD16_eabi.lib : ull_div_t2.asm.obj (.text)
                  0000578a    00000002                                   : div0.asm.obj (.text)
                  0000578c    00000094     msp432p4xx_driverlib.lib : rtc_c.o (.text:RTC_C_getEnabledInterruptStatus)
                  00005820    00000094                              : rtc_c.o (.text:RTC_C_initCalendar)
                  000058b4    00000094                              : sysctl_a.o (.text:SysCtl_A_getTLVInfo)
                  00005948    0000008e     drivers_msp432p401x.aem4f : CaptureMSP432.oem4f (.text:CaptureMSP432_hwiIntFunction)
                  000059d6    00000002     main_freertos.obj (.text:vApplicationMallocFailedHook)
                  000059d8    00000088     msp432p4xx_driverlib.lib : gpio.o (.text:GPIO_setAsPeripheralModuleFunctionInputPin)
                  00005a60    00000088                              : gpio.o (.text:GPIO_setAsPeripheralModuleFunctionOutputPin)
                  00005ae8    00000088     freertos_builds_MSP_EXP432P401R_release_ccs.lib : timers.obj (.text:prvProcessTimerOrBlockTask)
                  00005b70    00000086     rtsv7M4_T_le_v4SPD16_eabi.lib : fd_cmp_t2.asm.obj (.text:__aeabi_cdcmple)
                  00005bf6    00000086                                   : fd_cmp_t2.asm.obj (.text:__aeabi_cdrcmple)
                  00005c7c    00000084     mainThread.obj (.text:RTC_C_IRQHandler)
                  00005d00    00000084     drivers_msp432p401x.aem4f : PowerMSP432.oem4f (.text:restartHFXT)
                  00005d84    00000082     freertos_builds_MSP_EXP432P401R_release_ccs.lib : queue.obj (.text:xQueueGenericCreate)
                  00005e06    00000002     main_freertos.obj (.text:vApplicationStackOverflowHook)
                  00005e08    00000080     msp432p4xx_driverlib.lib : interrupt.o (.text:Interrupt_disableInterrupt)
                  00005e88    00000080                              : interrupt.o (.text:Interrupt_enableInterrupt)
                  00005f08    0000007c                              : cs.o (.text:_CSGetDOCFrequency)
                  00005f84    0000007c     LCDdisplayProxy.obj (.text:mutate)
                  00006000    0000007a     freertos_builds_MSP_EXP432P401R_release_ccs.lib : pthread.obj (.text:removeThreadKeys)
                  0000607a    0000007a     rtsv7M4_T_le_v4SPD16_eabi.lib : memset_t2.asm.obj (.text)
                  000060f4    0000007a     freertos_builds_MSP_EXP432P401R_release_ccs.lib : tasks.obj (.text:xTaskCreate)
                  0000616e    00000002     --HOLE-- [fill = 0]
                  00006170    00000078     drivers_msp432p401x.aem4f : TimerMSP432.oem4f (.text:TimerMSP432_allocateTimerResource)
                  000061e8    00000078     freertos_builds_MSP_EXP432P401R_release_ccs.lib : timers.obj (.text:prvInsertTimerInActiveList)
                  00006260    00000078                                                     : port.obj (.text:vPortSetupTimerInterrupt)
                  000062d8    00000078                                                     : tasks.obj (.text:vTaskPlaceOnEventListRestricted)
                  00006350    00000076     drivers_msp432p401x.aem4f : I2CMSP432.oem4f (.text:I2CMSP432_close)
                  000063c6    00000002     --HOLE-- [fill = 0]
                  000063c8    00000074     mainThread.obj (.text:Keypad_InterruptHandler)
                  0000643c    00000074     freertos_builds_MSP_EXP432P401R_release_ccs.lib : tasks.obj (.text:prvInitialiseTaskLists)
                  000064b0    00000074                                                     : port.obj (.text:vPortValidateInterruptPriority)
                  00006524    0000006e                                                     : PowerMSP432_freertos.obj (.text:PowerMSP432_deepSleepPolicy)
                  00006592    0000006e     rtsv7M4_T_le_v4SPD16_eabi.lib : fd_tos_t2.asm.obj (.text)
                  00006600    0000006c     msp432p4xx_driverlib.lib : i2c.o (.text:I2C_masterSendMultiByteFinish)
                  0000666c    0000006a     rtsv7M4_T_le_v4SPD16_eabi.lib : _printfi.c.obj (.text:_mcpy$23)
                  000066d6    00000002     --HOLE-- [fill = 0]
                  000066d8    00000068     drivers_msp432p401x.aem4f : CaptureMSP432.oem4f (.text:CaptureMSP432_start)
                  00006740    00000068                               : GPIOMSP432.oem4f (.text:GPIO_hwiIntFxn)
                  000067a8    00000068                               : PowerMSP432.oem4f (.text:PowerMSP432_getFreqs)
                  00006810    00000068     msp432p4xx_driverlib.lib : timer32.o (.text:Timer32_initModule)
                  00006878    00000068     rtsv7M4_T_le_v4SPD16_eabi.lib : copy_decompress_lzss.c.obj (.text:decompress:lzss:__TI_decompress_lzss)
                  000068e0    00000068     drivers_msp432p401x.aem4f : I2CMSP432.oem4f (.text:initHw)
                  00006948    00000066     freertos_builds_MSP_EXP432P401R_release_ccs.lib : list.obj (.text:vListInsert)
                  000069ae    00000002     --HOLE-- [fill = 0]
                  000069b0    00000064     msp432p4xx_driverlib.lib : rtc_c.o (.text:RTC_C_enableInterrupt)
                  00006a14    00000064     rtsv7M4_T_le_v4SPD16_eabi.lib : s_frexp.c.obj (.text:frexp)
                  00006a78    00000064     freertos_builds_MSP_EXP432P401R_release_ccs.lib : tasks.obj (.text:prvGetExpectedIdleTime)
                  00006adc    00000062     msp432p4xx_driverlib.lib : cs.o (.text:_CSGetDividerValue)
                  00006b3e    00000002     --HOLE-- [fill = 0]
                  00006b40    00000060     drivers_msp432p401x.aem4f : GPIOMSP432.oem4f (.text:GPIO_setCallback)
                  00006ba0    00000060     freertos_builds_MSP_EXP432P401R_release_ccs.lib : HwiPMSP432_freertos.obj (.text:HwiP_create)
                  00006c00    00000060                                                     : port.obj (.text:pxPortInitialiseStack)
                  00006c60    0000005c     msp432p4xx_driverlib.lib : interrupt.o (.text:Interrupt_registerInterrupt)
                  00006cbc    0000005c                              : rtc_c.o (.text:RTC_C_getInterruptStatus)
                  00006d18    0000005c                              : rtc_c.o (.text:RTC_C_setPrescaleValue)
                  00006d74    0000005c     freertos_builds_MSP_EXP432P401R_release_ccs.lib : tasks.obj (.text:prvIdleTask)
                  00006dd0    0000005c                                                     : pthread.obj (.text:pthread_exit)
                  00006e2c    0000005c                                                     : queue.obj (.text:vQueueWaitForMessageRestricted)
                  00006e88    0000005c                                                     : tasks.obj (.text:vTaskDelay)
                  00006ee4    00000058     msp432p4xx_driverlib.lib : gpio.o (.text:GPIO_setAsInputPinWithPullUpResistor)
                  00006f3c    00000058                              : rtc_c.o (.text:RTC_C_clearInterruptFlag)
                  00006f94    00000058                              : timer_a.o (.text:Timer_A_initCapture)
                  00006fec    00000056     freertos_builds_MSP_EXP432P401R_release_ccs.lib : SemaphoreP_freertos.obj (.text:SemaphoreP_create)
                  00007042    00000056     rtsv7M4_T_le_v4SPD16_eabi.lib : _printfi.c.obj (.text:_pconv_f$23)
                  00007098    00000056     drivers_msp432p401x.aem4f : I2CMSP432.oem4f (.text:completeTransfer)
                  000070ee    00000002     --HOLE-- [fill = 0]
                  000070f0    00000054     msp432p4xx_driverlib.lib : interrupt.o (.text:Interrupt_setPriority)
                  00007144    00000054     drivers_msp432p401x.aem4f : TimerMSP432.oem4f (.text:TimerMSP432_freeTimerResource)
                  00007198    00000054     rtsv7M4_T_le_v4SPD16_eabi.lib : autoinit.c.obj (.text:__TI_auto_init_nopinit:__TI_auto_init_nopinit)
                  000071ec    00000054                                   : _ltoa.c.obj (.text:__TI_ltoa)
                  00007240    00000054     freertos_builds_MSP_EXP432P401R_release_ccs.lib : timers.obj (.text:xTimerCreateTimerTask)
                  00007294    00000052     rtsv7M4_T_le_v4SPD16_eabi.lib : _printfi.c.obj (.text:_ecpy$23)
                  000072e6    00000050     freertos_builds_MSP_EXP432P401R_release_ccs.lib : semaphore.obj (.text:sem_init)
                  00007336    0000004e     drivers_msp432p401x.aem4f : CaptureMSP432.oem4f (.text:CaptureMSP432_close)
                  00007384    0000004c     rtsv7M4_T_le_v4SPD16_eabi.lib : atoi.c.obj (.text:atoi)
                  000073d0    0000004c                                   : cpy_tbl.c.obj (.text:copy_in)
                  0000741c    0000004c     freertos_builds_MSP_EXP432P401R_release_ccs.lib : timers.obj (.text:prvCheckForValidListAndQueue)
                  00007468    0000004c                                                     : tasks.obj (.text:prvCheckTasksWaitingTermination)
                  000074b4    0000004c                                                     : timers.obj (.text:prvProcessExpiredTimer)
                  00007500    0000004c                                                     : port.obj (.text:vPortEnterCritical)
                  0000754c    0000004c                                                     : tasks.obj (.text:vTaskSetThreadLocalStoragePointer)
                  00007598    00000048                                                     : HwiPMSP432_freertos.obj (.text:HwiP_dispatch)
                  000075e0    00000048     drivers_msp432p401x.aem4f : PowerMSP432.oem4f (.text:Power_releaseConstraint)
                  00007628    00000048     msp432p4xx_driverlib.lib : rtc_c.o (.text:RTC_C_definePrescaleEvent)
                  00007670    00000048     TempController.obj (.text:TempController_updateHeatingState)
                  000076b8    00000048     freertos_builds_MSP_EXP432P401R_release_ccs.lib : timers.obj (.text:prvSwitchTimerLists)
                  00007700    00000048     rtsv7M4_T_le_v4SPD16_eabi.lib : fd_toi_t2.asm.obj (.text)
                  00007748    00000048     freertos_builds_MSP_EXP432P401R_release_ccs.lib : sleep.obj (.text:sleep)
                  00007790    00000048                                                     : list.obj (.text:uxListRemove)
                  000077d8    00000046                                                     : queue.obj (.text:xQueueCreateCountingSemaphore)
                  0000781e    00000002     --HOLE-- [fill = 0]
                  00007820    00000044     drivers_msp432p401x.aem4f : Capture.oem4f (.text:Capture_init)
                  00007864    00000044                               : I2C.oem4f (.text:I2C_init)
                  000078a8    00000044                               : I2CMSP432.oem4f (.text:perfChangeNotifyFxn)
                  000078ec    00000044     freertos_builds_MSP_EXP432P401R_release_ccs.lib : queue.obj (.text:prvInitialiseNewQueue)
                  00007930    00000042                                                     : memory.obj (.text:malloc)
                  00007972    00000002     --HOLE-- [fill = 0]
                  00007974    00000040     drivers_msp432p401x.aem4f : Capture.oem4f (.text:Capture_open)
                  000079b4    00000040     msp432p4xx_driverlib.lib : gpio.o (.text:GPIO_setAsOutputPin)
                  000079f4    00000040     drivers_msp432p401x.aem4f : I2C.oem4f (.text:I2C_open)
                  00007a34    00000040     freertos_builds_MSP_EXP432P401R_release_ccs.lib : aeabi_portable.obj (.text:__aeabi_errno_addr)
                  00007a74    0000003e                                                     : pthread.obj (.text:pthread_setcancelstate)
                  00007ab2    0000003e                                                     : semaphore.obj (.text:sem_post)
                  00007af0    0000003c     msp432p4xx_driverlib.lib : rtc_c.o (.text:RTC_C_setCalibrationFrequency)
                  00007b2c    0000003c     freertos_builds_MSP_EXP432P401R_release_ccs.lib : queue.obj (.text:prvCopyDataFromQueue)
                  00007b68    0000003c                                                     : tasks.obj (.text:pvTaskGetThreadLocalStoragePointer)
                  00007ba4    0000003c                                                     : sleep.obj (.text:usleep)
                  00007be0    0000003c                                                     : list.obj (.text:vListInsertEnd)
                  00007c1c    0000003a                                                     : PowerMSP432_freertos.obj (.text:PowerMSP432_sleepPolicy)
                  00007c56    0000003a     rtsv7M4_T_le_v4SPD16_eabi.lib : _printfi.c.obj (.text:_fcpy$23)
                  00007c90    00000038     drivers_msp432p401x.aem4f : PowerMSP432.oem4f (.text:Power_setConstraint)
                  00007cc8    00000038     msp432p4xx_driverlib.lib : timer32.o (.text:Timer32_startTimer)
                  00007d00    00000038     utils.obj (.text:delay_us)
                  00007d38    00000038     drivers_msp432p401x.aem4f : PowerMSP432.oem4f (.text:notify)
                  00007d70    00000038     freertos_builds_MSP_EXP432P401R_release_ccs.lib : timers.obj (.text:prvGetNextExpireTime)
                  00007da8    00000038                                                     : port.obj (.text:prvTaskExitError)
                  00007de0    00000038     rtsv7M4_T_le_v4SPD16_eabi.lib : fs_tod_t2.asm.obj (.text)
                  00007e18    00000036     drivers_msp432p401x.aem4f : CaptureMSP432.oem4f (.text:CaptureMSP432_stop)
                  00007e4e    00000036     freertos_builds_MSP_EXP432P401R_release_ccs.lib : timers.obj (.text:prvReloadTimer)
                  00007e84    00000034     TempSensorProxy.obj (.text:Capture_Callback)
                  00007eb8    00000034     drivers_msp432p401x.aem4f : GPIOMSP432.oem4f (.text:GPIO_clearInt)
                  00007eec    00000034                               : GPIOMSP432.oem4f (.text:GPIO_disableInt)
                  00007f20    00000034                               : GPIOMSP432.oem4f (.text:GPIO_enableInt)
                  00007f54    00000034     freertos_builds_MSP_EXP432P401R_release_ccs.lib : SemaphoreP_freertos.obj (.text:SemaphoreP_pend)
                  00007f88    00000034     msp432p4xx_driverlib.lib : timer32.o (.text:Timer32_setCount)
                  00007fbc    00000034                              : timer_a.o (.text:Timer_A_configureContinuousMode)
                  00007ff0    00000034     rtsv7M4_T_le_v4SPD16_eabi.lib : boot_cortex_m.c.obj (.text:_c_int00_noargs:_c_int00_noargs)
                  00008024    00000034     freertos_builds_MSP_EXP432P401R_release_ccs.lib : timers.obj (.text:prvSampleTimeNow)
                  00008058    00000034                                                     : tasks.obj (.text:vTaskPlaceOnEventList)
                  0000808c    00000030     msp432p4xx_driverlib.lib : cs.o (.text:CS_clearInterruptFlag)
                  000080bc    00000030     LCDdisplayI2C.obj (.text:DisplayI2C_send)
                  000080ec    00000030     LCDdisplayProxy.obj (.text:LCD_setCursor)
                  0000811c    00000030     drivers_msp432p401x.aem4f : CaptureMSP432.oem4f (.text:mapPin)
                  0000814c    00000030                               : I2CMSP432.oem4f (.text:mapPin)
                  0000817c    00000030     freertos_builds_MSP_EXP432P401R_release_ccs.lib : tasks.obj (.text:prvResetNextTaskUnblockTime)
                  000081ac    00000030     rtsv7M4_T_le_v4SPD16_eabi.lib : sprintf.c.obj (.text:sprintf)
                  000081dc    00000030     freertos_builds_MSP_EXP432P401R_release_ccs.lib : list.obj (.text:vListInitialise)
                  0000820c    00000030                                                     : port.obj (.text:vPortExitCritical)
                  0000823c    00000030                                                     : tasks.obj (.text:xTaskGetSchedulerState)
                  0000826c    0000002e     rtsv7M4_T_le_v4SPD16_eabi.lib : i_tofd_t2.asm.obj (.text)
                  0000829a    00000002     --HOLE-- [fill = 0]
                  0000829c    0000002c     freertos_builds_MSP_EXP432P401R_release_ccs.lib : HwiPMSP432_freertos.obj (.text:HwiP_disable)
                  000082c8    0000002c     msp432p4xx_driverlib.lib : rtc_c.o (.text:RTC_C_startClock)
                  000082f4    0000002c     freertos_builds_MSP_EXP432P401R_release_ccs.lib : SemaphoreP_freertos.obj (.text:SemaphoreP_createBinary)
                  00008320    0000002c     msp432p4xx_driverlib.lib : timer_a.o (.text:Timer_A_clearCaptureCompareInterrupt)
                  0000834c    0000002c                              : timer_a.o (.text:Timer_A_disableCaptureCompareInterrupt)
                  00008378    0000002c                              : timer_a.o (.text:Timer_A_enableCaptureCompareInterrupt)
                  000083a4    0000002c     rtsv7M4_T_le_v4SPD16_eabi.lib : ull_tofd_t2.asm.obj (.text)
                  000083d0    0000002c     freertos_builds_MSP_EXP432P401R_release_ccs.lib : tasks.obj (.text:vTaskSetApplicationTaskTag)
                  000083fc    0000002c                                                     : port.obj (.text:xPortSysTickHandler)
                  00008428    0000002a     display.aem4f : Display.oem4f (.text:Display_doPrintf)
                  00008452    00000002     --HOLE-- [fill = 0]
                  00008454    00000028     msp432p4xx_driverlib.lib : cs.o (.text:CS_getACLK)
                  0000847c    00000028                              : cs.o (.text:CS_getHSMCLK)
                  000084a4    00000028                              : cs.o (.text:CS_getMCLK)
                  000084cc    00000028                              : cs.o (.text:CS_getSMCLK)
                  000084f4    00000028                              : gpio.o (.text:GPIO_setOutputHighOnPin)
                  0000851c    00000028                              : gpio.o (.text:GPIO_setOutputLowOnPin)
                  00008544    00000028     freertos_builds_MSP_EXP432P401R_release_ccs.lib : HwiPMSP432_freertos.obj (.text:HwiP_inISR)
                  0000856c    00000028     drivers_msp432p401x.aem4f : PowerMSP432.oem4f (.text:Power_registerNotify)
                  00008594    00000028                               : PowerMSP432.oem4f (.text:disableFaultCounter)
                  000085bc    00000028                               : PowerMSP432.oem4f (.text:disableHFXT)
                  000085e4    00000028     freertos_builds_MSP_EXP432P401R_release_ccs.lib : pthread.obj (.text:pthread_attr_setschedparam)
                  0000860c    00000028                                                     : tasks.obj (.text:xTaskGetApplicationTaskTag)
                  00008634    00000026     drivers_msp432p401x.aem4f : List.oem4f (.text:List_put)
                  0000865a    00000026                               : List.oem4f (.text:List_remove)
                  00008680    00000026     freertos_builds_MSP_EXP432P401R_release_ccs.lib : pthread.obj (.text:_pthread_cleanup_pop)
                  000086a6    00000026                                                     : queue.obj (.text:prvIsQueueFull)
                  000086cc    00000024                                                     : queue.obj (.text:prvGetDisinheritPriorityAfterTimeout)
                  000086f0    00000024                                                     : queue.obj (.text:vQueueDelete)
                  00008714    00000024                                                     : tasks.obj (.text:vTaskInternalSetTimeOutState)
                  00008738    00000022                                                     : SemaphoreP_freertos.obj (.text:SemaphoreP_post)
                  0000875a    00000022     msp432p4xx_driverlib.lib : timer_a.o (.text:Timer_A_getCaptureCompareCount)
                  0000877c    00000022     freertos_builds_MSP_EXP432P401R_release_ccs.lib : pthread.obj (.text:pthread_attr_setdetachstate)
                  0000879e    00000002     --HOLE-- [fill = 0]
                  000087a0    00000020     msp432p4xx_driverlib.lib : cs.o (.text:CS_getBCLK)
                  000087c0    00000020                              : cs.o (.text:CS_setExternalClockSourceFrequency)
                  000087e0    00000020     freertos_builds_MSP_EXP432P401R_release_ccs.lib : HwiPMSP432_freertos.obj (.text:HwiP_restore)
                  00008800    00000020     drivers_msp432p401x.aem4f : PowerMSP432.oem4f (.text:Power_unregisterNotify)
                  00008820    00000020     freertos_builds_MSP_EXP432P401R_release_ccs.lib : queue.obj (.text:prvIsQueueEmpty)
                  00008840    00000020                                                     : semaphore.obj (.text:semaphorePend)
                  00008860    0000001e                                                     : HwiPMSP432_freertos.obj (.text:HwiP_Params_init)
                  0000887e    0000001e     LCDdisplayProxy.obj (.text:LCD_write)
                  0000889c    0000001e     freertos_builds_MSP_EXP432P401R_release_ccs.lib : pthread.obj (.text:_pthread_runStub)
                  000088ba    0000001e     rtsv7M4_T_le_v4SPD16_eabi.lib : ll_lsl_t2.asm.obj (.text)
                  000088d8    0000001c     msp432p4xx_driverlib.lib : interrupt.o (.text:Interrupt_unregisterInterrupt)
                  000088f4    0000001c     freertos_builds_MSP_EXP432P401R_release_ccs.lib : pthread.obj (.text:pthread_attr_init)
                  00008910    0000001c                                                     : tasks.obj (.text:pvTaskIncrementMutexHeldCount)
                  0000892c    0000001a                                                     : PTLS.obj (.text:PTLS_taskDeleteHook)
                  00008946    0000001a                                                     : timers.obj (.text:prvTimerTask)
                  00008960    00000018     drivers_msp432p401x.aem4f : I2C.oem4f (.text:I2C_transfer)
                  00008978    00000018     msp432p4xx_driverlib.lib : sysctl_a.o (.text:SysCtl_A_disableNMISource)
                  00008990    00000018                              : sysctl_a.o (.text:SysCtl_A_enableNMISource)
                  000089a8    00000018                              : timer_a.o (.text:Timer_A_clearTimer)
                  000089c0    00000018     rtsv7M4_T_le_v4SPD16_eabi.lib : sprintf.c.obj (.text:_outs$16)
                  000089d8    00000018     freertos_builds_MSP_EXP432P401R_release_ccs.lib : semaphore.obj (.text:sem_wait)
                  000089f0    00000016                                                     : PTLS.obj (.text:PTLS_getBuf)
                  00008a06    00000016                                                     : PTLS.obj (.text:PTLS_setBuf)
                  00008a1c    00000016                                                     : SemaphoreP_freertos.obj (.text:SemaphoreP_Params_init)
                  00008a32    00000016     msp432p4xx_driverlib.lib : timer_a.o (.text:Timer_A_startCounter)
                  00008a48    00000016     rtsv7M4_T_le_v4SPD16_eabi.lib : strchr.c.obj (.text:strchr)
                  00008a5e    00000002     --HOLE-- [fill = 0]
                  00008a60    00000014     drivers_msp432p401x.aem4f : PowerMSP432.oem4f (.text:Power_idleFunc)
                  00008a74    00000014     msp432p4xx_driverlib.lib : timer_a.o (.text:Timer_A_stopTimer)
                  00008a88    00000014     rtsv7M4_T_le_v4SPD16_eabi.lib : s_copysign.c.obj (.text:copysign)
                  00008a9c    00000014     freertos_builds_MSP_EXP432P401R_release_ccs.lib : tasks.obj (.text:prvDeleteTCB)
                  00008ab0    00000014                                                     : pthread.obj (.text:pthread_attr_setstacksize)
                  00008ac4    00000014                                                     : pthread.obj (.text:pthread_self)
                  00008ad8    00000014                                                     : startup_msp432_ccs.obj (.text:resetISR)
                  00008aec    00000014     rtsv7M4_T_le_v4SPD16_eabi.lib : strlen.c.obj (.text:strlen)
                  00008b00    00000014     freertos_builds_MSP_EXP432P401R_release_ccs.lib : tasks.obj (.text:xTaskGetCurrentTaskHandle)
                  00008b14    00000014                                                     : tasks.obj (.text:xTaskGetTickCount)
                  00008b28    00000012                                                     : HwiPMSP432_freertos.obj (.text:HwiP_delete)
                  00008b3a    00000012     LCDdisplayProxy.obj (.text:LCD_display)
                  00008b4c    00000010     drivers_msp432p401x.aem4f : Capture.oem4f (.text:Capture_Params_init)
                  00008b5c    00000010                               : I2C.oem4f (.text:I2C_Params_init)
                  00008b6c    00000010                               : PowerMSP432.oem4f (.text:PowerMSP432_getNumPerfLevels)
                  00008b7c    00000010                               : PowerMSP432.oem4f (.text:Power_enablePolicy)
                  00008b8c    00000010     msp432p4xx_driverlib.lib : sysctl_a.o (.text:SysCtl_A_getNMISourceStatus)
                  00008b9c    00000010                              : sysctl.o (.text:SysCtl_getNMISourceStatus)
                  00008bac    00000010     freertos_builds_MSP_EXP432P401R_release_ccs.lib : list.obj (.text:vListInitialiseItem)
                  00008bbc    00000010                                                     : tasks.obj (.text:vTaskSuspendAll)
                  00008bcc    0000000e     msp432p4xx_driverlib.lib : timer32.o (.text:Timer32_getValue)
                  00008bda    0000000e     rtsv7M4_T_le_v4SPD16_eabi.lib : copy_decompress_none.c.obj (.text:decompress:none:__TI_decompress_none)
                  00008be8    0000000c     msp432p4xx_driverlib.lib : cpu.o (.text:CPU_cpsid)
                  00008bf4    0000000c                              : cpu.o (.text:CPU_cpsie)
                  00008c00    0000000c     drivers_msp432p401x.aem4f : PowerMSP432.oem4f (.text:Power_getConstraintMask)
                  00008c0c    0000000c                               : PowerMSP432.oem4f (.text:Power_getPerformanceLevel)
                  00008c18    0000000c                               : PowerMSP432.oem4f (.text:Power_setPolicy)
                  00008c24    0000000c     freertos_builds_MSP_EXP432P401R_release_ccs.lib : SemaphoreP_freertos.obj (.text:SemaphoreP_delete)
                  00008c30    0000000c     rtsv7M4_T_le_v4SPD16_eabi.lib : copy_zero_init.c.obj (.text:decompress:ZI:__TI_zero_init)
                  00008c3c    0000000c     freertos_builds_MSP_EXP432P401R_release_ccs.lib : tasks.obj (.text:vTaskMissedYield)
                  00008c48    0000000a     drivers_msp432p401x.aem4f : Capture.oem4f (.text:Capture_close)
                  00008c52    0000000a                               : Capture.oem4f (.text:Capture_start)
                  00008c5c    0000000a                               : Capture.oem4f (.text:Capture_stop)
                  00008c66    0000000a     freertos_builds_MSP_EXP432P401R_release_ccs.lib : PowerMSP432_freertos.obj (.text:PowerMSP432_updateFreqs)
                  00008c70    0000000a     rtsv7M4_T_le_v4SPD16_eabi.lib : sprintf.c.obj (.text:_outc$16)
                  00008c7a    0000000a     freertos_builds_MSP_EXP432P401R_release_ccs.lib : PowerMSP432_freertos.obj (.text:vPortSuppressTicksAndSleep)
                  00008c84    00000008     drivers_msp432p401x.aem4f : I2CMSP432.oem4f (.text:blockingTransferCallback)
                  00008c8c    00000006                               : CaptureMSP432.oem4f (.text:CaptureMSP432_control)
                  00008c92    00000006                               : I2CMSP432.oem4f (.text:I2CMSP432_control)
                  00008c98    00000006     TempData.obj (.text:TempData_create)
                  00008c9e    00000004     rtsv7M4_T_le_v4SPD16_eabi.lib : pre_init.c.obj (.text:_system_pre_init)
                  00008ca2    00000004                                   : exit.c.obj (.text:abort:abort)

.const     0    00008ea4    000002de     
                  00008ea4    00000101     rtsv7M4_T_le_v4SPD16_eabi.lib : ctype.c.obj (.const:.string:_ctypes_)
                  00008fa5    00000003     --HOLE-- [fill = 0]
                  00008fa8    00000050     msp432p4xx_driverlib.lib : interrupt.o (.const:g_pulRegs)
                  00008ff8    00000038     MSP_EXP432P401R.obj (.const:PowerMSP432_config)
                  00009030    00000030     msp432p4xx_driverlib.lib : gpio.o (.const:GPIO_PORT_TO_BASE)
                  00009060    00000028     MSP_EXP432P401R.obj (.const:i2cMSP432HWAttrs)
                  00009088    00000018     drivers_msp432p401x.aem4f : CaptureMSP432.oem4f (.const:CaptureMSP432_captureFxnTable)
                  000090a0    00000018                               : I2CMSP432.oem4f (.const:I2CMSP432_fxnTable)
                  000090b8    00000018     MSP_EXP432P401R.obj (.const:I2C_config)
                  000090d0    00000014     MSP_EXP432P401R.obj (.const:GPIOMSP432_config)
                  000090e4    00000014     MSP_EXP432P401R.obj (.const:captureMSP432HWAttrs)
                  000090f8    00000010     LCDdisplayProxy.obj (.const:$P$T0$1$6)
                  00009108    00000010     drivers_msp432p401x.aem4f : I2C.oem4f (.const:I2C_defaultParams)
                  00009118    0000000e     MSP_EXP432P401R.obj (.const)
                  00009126    00000002     --HOLE-- [fill = 0]
                  00009128    0000000c     MSP_EXP432P401R.obj (.const:Capture_config)
                  00009134    0000000c     drivers_msp432p401x.aem4f : I2CMSP432.oem4f (.const:bitRates)
                  00009140    0000000c                               : Capture.oem4f (.const:defaultParams)
                  0000914c    00000008     freertos_builds_MSP_EXP432P401R_release_ccs.lib : port.obj (.const)
                  00009154    00000008     msp432p4xx_driverlib.lib : interrupt.o (.const:g_pulDisRegs)
                  0000915c    00000008                              : interrupt.o (.const:g_pulEnRegs)
                  00009164    00000007     mainThread.obj (.const:.string:$P$T0$1$13)
                  0000916b    00000006     drivers_msp432p401x.aem4f : GPIOMSP432.oem4f (.const:.string:interruptType)
                  00009171    00000006                               : GPIOMSP432.oem4f (.const:.string:portInterruptIds)
                  00009177    00000001     --HOLE-- [fill = 0]
                  00009178    00000004     freertos_builds_MSP_EXP432P401R_release_ccs.lib : pthread.obj (.const)
                  0000917c    00000004                                                     : tasks.obj (.const)
                  00009180    00000002                                                     : pthread.obj (.const:.string)

.cinit     0    00009188    00000118     
                  00009188    000000e0     (.cinit..data.load) [load image, compression = lzss]
                  00009268    0000000c     (__TI_handler_table)
                  00009274    00000004     --HOLE-- [fill = 0]
                  00009278    00000008     (.cinit..bss.load) [load image, compression = zero_init]
                  00009280    00000008     (.cinit..vtable.load) [load image, compression = zero_init]
                  00009288    00000018     (__TI_cinit_table)

.init_array 
*          0    00000000    00000000     UNINITIALIZED

.intvecs   0    00000000    00000144     
                  00000000    00000144     freertos_builds_MSP_EXP432P401R_release_ccs.lib : startup_msp432_ccs.obj (.intvecs:retain)

.TI.ramfunc 
*          0    00008ca8    000001fc     RUN ADDR = 01008e88
                  00008ca8    0000014c     LCDdisplayClient.obj (.TI.ramfunc:DisplayClient_showInfo)
                  00008df4    00000060     LCDdisplayClient.obj (.TI.ramfunc:displayLCDThread)
                  00008e54    00000008     drivers_msp432p401x.aem4f : PowerMSP432.oem4f (.tramp.Power_releaseConstraint.1)
                  00008e5c    00000008     freertos_builds_MSP_EXP432P401R_release_ccs.lib : semaphore.obj (.tramp.sem_wait.1)
                  00008e64    00000008     rtsv7M4_T_le_v4SPD16_eabi.lib : memset_t2.asm.obj (.tramp.memset.1)
                  00008e6c    00000008                                   : fs_tod_t2.asm.obj (.tramp.__aeabi_f2d.1)
                  00008e74    00000008     <whole-program> (.tramp.LCD_write.1)
                  00008e7c    00000008     <whole-program> (.tramp.strlen.1)
                  00008e84    00000008     <whole-program> (.tramp.sprintf.1)
                  00008e8c    00000008     <whole-program> (.tramp.LCD_setCursor.1)
                  00008e94    00000008     <whole-program> (.tramp.LCD_display.1)
                  00008e9c    00000008     <whole-program> (.tramp.mutate.1)

.binit     0    000092a0    00000010     
                  000092a0    00000010     (.binit)

.bss       0    20000000    00008384     UNINITIALIZED
                  20000000    00008000     freertos_builds_MSP_EXP432P401R_release_ccs.lib : heap_4.obj (.bss:ucHeap)
                  20008000    000000c8                                                     : tasks.obj (.bss:pxReadyTasksLists)
                  200080c8    000000a8     TempSensorProxy.obj (.bss:$O2$$)
                  20008170    000000a0     (.common:i2cMSP432Objects)
                  20008210    00000058     main_freertos.obj (.bss:$O4$$)
                  20008268    00000030     drivers_msp432p401x.aem4f : GPIOMSP432.oem4f (.bss:gpioCallbackInfo)
                  20008298    0000001c     mainThread.obj (.bss:$O3$$)
                  200082b4    00000018     (.common:captureMSP432Objects)
                  200082cc    00000014     freertos_builds_MSP_EXP432P401R_release_ccs.lib : timers.obj (.bss:xActiveTimerList1)
                  200082e0    00000014                                                     : timers.obj (.bss:xActiveTimerList2)
                  200082f4    00000014                                                     : tasks.obj (.bss:xDelayedTaskList1)
                  20008308    00000014                                                     : tasks.obj (.bss:xDelayedTaskList2)
                  2000831c    00000014                                                     : tasks.obj (.bss:xPendingReadyList)
                  20008330    00000014                                                     : tasks.obj (.bss:xSuspendedTaskList)
                  20008344    00000014                                                     : tasks.obj (.bss:xTasksWaitingTermination)
                  20008358    00000008                                                     : tasks.obj (.bss)
                  20008360    00000008                                                     : timers.obj (.bss)
                  20008368    00000008     msp432p4xx_driverlib.lib : cs.o (.bss)
                  20008370    00000008     freertos_builds_MSP_EXP432P401R_release_ccs.lib : heap_4.obj (.bss:xStart)
                  20008378    00000004     drivers_msp432p401x.aem4f : GPIOMSP432.oem4f (.bss)
                  2000837c    00000004     freertos_builds_MSP_EXP432P401R_release_ccs.lib : aeabi_portable.obj (.bss:main_reent)
                  20008380    00000004     drivers_msp432p401x.aem4f : TimerMSP432.oem4f (.bss:timerState)

.data      0    20008384    00000b04     UNINITIALIZED
                  20008384    00000800     freertos_builds_MSP_EXP432P401R_release_ccs.lib : HwiPMSP432_freertos.obj (.data:HwiP_dispatchTable)
                  20008b84    00000140     drivers_msp432p401x.aem4f : PowerMSP432.oem4f (.data:PowerMSP432_perfLevels)
                  20008cc4    000000a0     MSP_EXP432P401R.obj (.data:myPerfLevels)
                  20008d64    00000034     freertos_builds_MSP_EXP432P401R_release_ccs.lib : tasks.obj (.data)
                  20008d98    00000034     MSP_EXP432P401R.obj (.data:gpioPinConfigs)
                  20008dcc    0000002c     drivers_msp432p401x.aem4f : PowerMSP432.oem4f (.data:PowerMSP432_module)
                  20008df8    00000018                               : CaptureMSP432.oem4f (.data:captureModeConfig)
                  20008e10    00000018     freertos_builds_MSP_EXP432P401R_release_ccs.lib : heap_4.obj (.data)
                  20008e28    00000018                                                     : port.obj (.data)
                  20008e40    00000014                                                     : pthread.obj (.data:defaultPthreadAttrs)
                  20008e54    00000010     drivers_msp432p401x.aem4f : CaptureMSP432.oem4f (.data:continuousModeConfig)
                  20008e64    00000010     MSP_EXP432P401R.obj (.data:gpioCallbackFunctions)
                  20008e74    0000000c     freertos_builds_MSP_EXP432P401R_release_ccs.lib : timers.obj (.data)
                  20008e80    00000004                                                     : HwiPMSP432_freertos.obj (.data)
                  20008e84    00000002     drivers_msp432p401x.aem4f : GPIOMSP432.oem4f (.data)
                  20008e86    00000001                               : Capture.oem4f (.data)
                  20008e87    00000001                               : I2C.oem4f (.data)

.vtable    0    20009400    000000e8     UNINITIALIZED
                  20009400    000000e8     msp432p4xx_driverlib.lib : interrupt.o (.vtable)

.stack     0    2000fc00    00000400     UNINITIALIZED
                  2000fc00    00000004     rtsv7M4_T_le_v4SPD16_eabi.lib : boot_cortex_m.c.obj (.stack)
                  2000fc04    000003fc     --HOLE--

__llvm_prf_cnts 
*          0    20000000    00000000     UNINITIALIZED

MODULE SUMMARY

       Module                                   code    ro data   rw data
       ------                                   ----    -------   -------
    .\
       mainThread.obj                           1432    7         56     
       LCDdisplayClient.obj                     1284    0         0      
       MSP_EXP432P401R.obj                      336     186       456    
       main_freertos.obj                        244     0         176    
       TempSensorProxy.obj                      52      0         336    
       LCDdisplayProxy.obj                      220     16        0      
       RTC.obj                                  152     0         0      
       TempController.obj                       72      0         0      
       utils.obj                                56      0         0      
       LCDdisplayI2C.obj                        48      0         0      
       TempData.obj                             6       0         0      
    +--+----------------------------------------+-------+---------+---------+
       Total:                                   3902    209       1024   
                                                                         
    C:\Users\aaron\AppData\Local\Temp\
       {D7006323-FF35-4F0A-8163-C4F73220E15F}   144     0         368    
    +--+----------------------------------------+-------+---------+---------+
       Total:                                   144     0         368    
                                                                         
    C:/ti/ccs1110/ccs/workspace/freertos_builds_MSP_EXP432P401R_release_ccs/Debug/freertos_builds_MSP_EXP432P401R_release_ccs.lib
       heap_4.obj                               952     0         65600  
       tasks.obj                                5388    4         720    
       HwiPMSP432_freertos.obj                  332     0         4104   
       queue.obj                                2984    0         0      
       timers.obj                               1092    0         120    
       pthread.obj                              798     6         40     
       port.obj                                 764     8         48     
       startup_msp432_ccs.obj                   26      324       0      
       list.obj                                 298     0         0      
       SemaphoreP_freertos.obj                  250     0         0      
       semaphore.obj                            222     0         0      
       portasm.obj                              218     0         0      
       PowerMSP432_freertos.obj                 190     0         0      
       sleep.obj                                132     0         0      
       aeabi_portable.obj                       64      0         8      
       PTLS.obj                                 70      0         0      
       memory.obj                               66      0         0      
    +--+----------------------------------------+-------+---------+---------+
       Total:                                   13846   342       70640  
                                                                         
    C:/ti/simplelink_msp432p4_sdk_3_40_01_02/source/ti/devices/msp432p4xx/driverlib/ccs/msp432p4xx_driverlib.lib
       cs.o                                     1674    0         16     
       interrupt.o                              462     96        464    
       rtc_c.o                                  844     0         0      
       timer_a.o                                696     0         0      
       gpio.o                                   504     48        0      
       timer32.o                                226     0         0      
       sysctl_a.o                               212     0         0      
       i2c.o                                    108     0         0      
       cpu.o                                    24      0         0      
       sysctl.o                                 16      0         0      
    +--+----------------------------------------+-------+---------+---------+
       Total:                                   4766    144       480    
                                                                         
    C:/ti/simplelink_msp432p4_sdk_3_40_01_02/source/ti/display/lib/display.aem4f
       Display.oem4f                            42      0         0      
    +--+----------------------------------------+-------+---------+---------+
       Total:                                   42      0         0      
                                                                         
    C:/ti/simplelink_msp432p4_sdk_3_40_01_02/source/ti/drivers/lib/drivers_msp432p401x.aem4f
       PowerMSP432.oem4f                        2248    0         728    
       I2CMSP432.oem4f                          2028    36        0      
       GPIOMSP432.oem4f                         896     12        108    
       CaptureMSP432.oem4f                      702     24        80     
       TimerMSP432.oem4f                        204     0         8      
       Capture.oem4f                            178     12        2      
       I2C.oem4f                                172     16        2      
       List.oem4f                               76      0         0      
    +--+----------------------------------------+-------+---------+---------+
       Total:                                   6504    100       928    
                                                                         
    C:\ti\ccs1110\ccs\tools\compiler\ti-cgt-arm_20.2.5.LTS\lib\rtsv7M4_T_le_v4SPD16_eabi.lib
       _printfi.c.obj                           4847    0         0      
       fd_add_t2.asm.obj                        438     0         0      
       fd_div_t2.asm.obj                        310     0         0      
       s_scalbn.c.obj                           272     0         0      
       fd_cmp_t2.asm.obj                        268     0         0      
       ctype.c.obj                              0       257       0      
       fd_mul_t2.asm.obj                        252     0         0      
       memcpy_t2.asm.obj                        156     0         0      
       ull_div_t2.asm.obj                       150     0         0      
       memset_t2.asm.obj                        146     0         0      
       fd_tos_t2.asm.obj                        110     0         0      
       copy_decompress_lzss.c.obj               104     0         0      
       s_frexp.c.obj                            100     0         0      
       _ltoa.c.obj                              84      0         0      
       autoinit.c.obj                           84      0         0      
       sprintf.c.obj                            82      0         0      
       fs_tod_t2.asm.obj                        80      0         0      
       atoi.c.obj                               76      0         0      
       cpy_tbl.c.obj                            76      0         0      
       fd_toi_t2.asm.obj                        72      0         0      
       boot_cortex_m.c.obj                      52      0         0      
       i_tofd_t2.asm.obj                        46      0         0      
       ull_tofd_t2.asm.obj                      44      0         0      
       ll_lsl_t2.asm.obj                        30      0         0      
       strchr.c.obj                             22      0         0      
       s_copysign.c.obj                         20      0         0      
       strlen.c.obj                             20      0         0      
       copy_decompress_none.c.obj               14      0         0      
       copy_zero_init.c.obj                     12      0         0      
       exit.c.obj                               4       0         0      
       pre_init.c.obj                           4       0         0      
       div0.asm.obj                             2       0         0      
    +--+----------------------------------------+-------+---------+---------+
       Total:                                   7977    257       0      
                                                                         
       Stack:                                   0       0         2048   
       Linker Generated:                        0       292       0      
    +--+----------------------------------------+-------+---------+---------+
       Grand Total:                             37181   1344      75488  


LINKER GENERATED COPY TABLES

__TI_cinit_table @ 00009288 records: 3, size/record: 8, table size: 24
	.data: load addr=00009188, load size=000000e0 bytes, run addr=20008384, run size=00000b04 bytes, compression=lzss
	.bss: load addr=00009278, load size=00000008 bytes, run addr=20000000, run size=00008384 bytes, compression=zero_init
	.vtable: load addr=00009280, load size=00000008 bytes, run addr=20009400, run size=000000e8 bytes, compression=zero_init
binit @ 000092a0 records: 1, size/record: 12, table size: 16
	.TI.ramfunc: load addr=00008ca8, load size=000001fc, run addr=01008e88, run size=000001fc, compression=none


LINKER GENERATED HANDLER TABLE

__TI_handler_table @ 00009268 records: 3, size/record: 4, table size: 12
	index: 0, handler: __TI_decompress_lzss
	index: 1, handler: __TI_decompress_none
	index: 2, handler: __TI_zero_init


FAR CALL TRAMPOLINES

callee name               trampoline name
   callee addr  tramp addr   call addr  call info
--------------  -----------  ---------  ----------------
Power_releaseConstraint   $Tramp$TT$L$PI$$Power_releaseConstraint
   000075e1     01009034     01009026   LCDdisplayClient.obj (.TI.ramfunc:displayLCDThread)
sem_wait                  $Tramp$TT$L$PI$$sem_wait
   000089d9     0100903c     01008fdc   LCDdisplayClient.obj (.TI.ramfunc:displayLCDThread)
                             01008fe6   LCDdisplayClient.obj (.TI.ramfunc:displayLCDThread)
memset                    $Tramp$TT$L$PI$$memset
   00006083     01009044     01008f18   LCDdisplayClient.obj (.TI.ramfunc:DisplayClient_showInfo)
__aeabi_f2d               $Tramp$TT$L$PI$$__aeabi_f2d
   00007de1     0100904c     01008ef0   LCDdisplayClient.obj (.TI.ramfunc:DisplayClient_showInfo)
                             01008f6c   LCDdisplayClient.obj (.TI.ramfunc:DisplayClient_showInfo)
LCD_write                 $Tramp$TT$L$PI$$LCD_write
   0000887f     01009054     01008ec2   LCDdisplayClient.obj (.TI.ramfunc:DisplayClient_showInfo)
                             01008f0e   LCDdisplayClient.obj (.TI.ramfunc:DisplayClient_showInfo)
                             01008f3a   LCDdisplayClient.obj (.TI.ramfunc:DisplayClient_showInfo)
                             01008f8a   LCDdisplayClient.obj (.TI.ramfunc:DisplayClient_showInfo)
strlen                    $Tramp$TT$L$PI$$strlen
   00008aed     0100905c     01008eb6   LCDdisplayClient.obj (.TI.ramfunc:DisplayClient_showInfo)
                             01008f02   LCDdisplayClient.obj (.TI.ramfunc:DisplayClient_showInfo)
                             01008f2e   LCDdisplayClient.obj (.TI.ramfunc:DisplayClient_showInfo)
                             01008f7e   LCDdisplayClient.obj (.TI.ramfunc:DisplayClient_showInfo)
sprintf                   $Tramp$TT$L$PI$$sprintf
   000081ad     01009064     01008eb0   LCDdisplayClient.obj (.TI.ramfunc:DisplayClient_showInfo)
                             01008efc   LCDdisplayClient.obj (.TI.ramfunc:DisplayClient_showInfo)
                             01008f28   LCDdisplayClient.obj (.TI.ramfunc:DisplayClient_showInfo)
                             01008f78   LCDdisplayClient.obj (.TI.ramfunc:DisplayClient_showInfo)
LCD_setCursor             $Tramp$TT$L$PI$$LCD_setCursor
   000080ed     0100906c     01008ea6   LCDdisplayClient.obj (.TI.ramfunc:DisplayClient_showInfo)
                             01008eca   LCDdisplayClient.obj (.TI.ramfunc:DisplayClient_showInfo)
                             01008f20   LCDdisplayClient.obj (.TI.ramfunc:DisplayClient_showInfo)
                             01008f42   LCDdisplayClient.obj (.TI.ramfunc:DisplayClient_showInfo)
LCD_display               $Tramp$TT$L$PI$$LCD_display
   00008b3b     01009074     01008e9e   LCDdisplayClient.obj (.TI.ramfunc:DisplayClient_showInfo)
mutate                    $Tramp$TT$L$PI$$mutate
   00005f85     0100907c     01008e98   LCDdisplayClient.obj (.TI.ramfunc:DisplayClient_showInfo)
                             0100900a   LCDdisplayClient.obj (.TI.ramfunc:displayLCDThread)
                             01009016   LCDdisplayClient.obj (.TI.ramfunc:displayLCDThread)

[10 trampolines]
[26 trampoline calls]


GLOBAL SYMBOLS: SORTED ALPHABETICALLY BY Name 

address   name                                       
-------   ----                                       
00009119  ADCBuf_count                               
00009118  ADC_count                                  
00008ca3  C$$EXIT                                    
00008be9  CPU_cpsid                                  
00008bf5  CPU_cpsie                                  
0000808d  CS_clearInterruptFlag                      
00008455  CS_getACLK                                 
000087a1  CS_getBCLK                                 
00004475  CS_getDCOFrequency                         
0000847d  CS_getHSMCLK                               
000084a5  CS_getMCLK                                 
000084cd  CS_getSMCLK                                
000087c1  CS_setExternalClockSourceFrequency         
0000492d  CS_startHFXTWithTimeout                    
00004a11  CS_startLFXTWithTimeout                    
00009088  CaptureMSP432_captureFxnTable              
00007337  CaptureMSP432_close                        
00008c8d  CaptureMSP432_control                      
00000b9f  CaptureMSP432_init                         
00003e59  CaptureMSP432_open                         
000066d9  CaptureMSP432_start                        
00007e19  CaptureMSP432_stop                         
00007e85  Capture_Callback                           
00008b4d  Capture_Params_init                        
00008c49  Capture_close                              
00009128  Capture_config                             
0000911a  Capture_count                              
00007821  Capture_init                               
00007975  Capture_open                               
00008c53  Capture_start                              
00008c5d  Capture_stop                               
UNDEFED   DS1302_Init_Pins                           
UNDEFED   DS1302_Read_Time                           
UNDEFED   DS1302_Set_Time                            
01008e89  DisplayClient_showInfo                     
000080bd  DisplayI2C_send                            
0000911b  Display_count                              
00008429  Display_doPrintf                           
000090d0  GPIOMSP432_config                          
00007eb9  GPIO_clearInt                              
00007eed  GPIO_disableInt                            
00007f21  GPIO_enableInt                             
00006741  GPIO_hwiIntFxn                             
000051e1  GPIO_init                                  
00006ee5  GPIO_setAsInputPinWithPullUpResistor       
000079b5  GPIO_setAsOutputPin                        
000059d9  GPIO_setAsPeripheralModuleFunctionInputPin 
00005a61  GPIO_setAsPeripheralModuleFunctionOutputPin
00006b41  GPIO_setCallback                           
00002b21  GPIO_setConfig                             
000084f5  GPIO_setOutputHighOnPin                    
0000851d  GPIO_setOutputLowOnPin                     
00008861  HwiP_Params_init                           
00006ba1  HwiP_create                                
00008b29  HwiP_delete                                
0000829d  HwiP_disable                               
00007599  HwiP_dispatch                              
20008384  HwiP_dispatchTable                         
00008545  HwiP_inISR                                 
000087e1  HwiP_restore                               
0000528d  I2CMSP432_cancel                           
00006351  I2CMSP432_close                            
00008c93  I2CMSP432_control                          
000090a0  I2CMSP432_fxnTable                         
00002821  I2CMSP432_hwiIntFxn                        
000024eb  I2CMSP432_init                             
00001829  I2CMSP432_open                             
00004663  I2CMSP432_transfer                         
0000911d  I2CSlave_count                             
00008b5d  I2C_Params_init                            
000090b8  I2C_config                                 
0000911c  I2C_count                                  
00009108  I2C_defaultParams                          
00007865  I2C_init                                   
00006601  I2C_masterSendMultiByteFinish              
000079f5  I2C_open                                   
00008961  I2C_transfer                               
00005e09  Interrupt_disableInterrupt                 
00005e89  Interrupt_enableInterrupt                  
00006c61  Interrupt_registerInterrupt                
000070f1  Interrupt_setPriority                      
000088d9  Interrupt_unregisterInterrupt              
000063c9  Keypad_InterruptHandler                    
00008b3b  LCD_display                                
000080ed  LCD_setCursor                              
0000887f  LCD_write                                  
00008635  List_put                                   
0000865b  List_remove                                
00002de5  MSP_EXP432P401R_initGeneral                
0000911e  NVS_count                                  
000089f1  PTLS_getBuf                                
00008a07  PTLS_setBuf                                
0000892d  PTLS_taskDeleteHook                        
0000911f  PWM_count                                  
00008ff8  PowerMSP432_config                         
00006525  PowerMSP432_deepSleepPolicy                
000067a9  PowerMSP432_getFreqs                       
00008b6d  PowerMSP432_getNumPerfLevels               
000036a7  PowerMSP432_initPolicy                     
20008dcc  PowerMSP432_module                         
20008b84  PowerMSP432_perfLevels                     
00007c1d  PowerMSP432_sleepPolicy                    
00008c67  PowerMSP432_updateFreqs                    
00008b7d  Power_enablePolicy                         
00008c01  Power_getConstraintMask                    
00008c0d  Power_getPerformanceLevel                  
00008a61  Power_idleFunc                             
00005489  Power_init                                 
0000856d  Power_registerNotify                       
000075e1  Power_releaseConstraint                    
00007c91  Power_setConstraint                        
00008c19  Power_setPolicy                            
00001041  Power_sleep                                
00008801  Power_unregisterNotify                     
00005c7d  RTC_C_IRQHandler                           
00006f3d  RTC_C_clearInterruptFlag                   
00007629  RTC_C_definePrescaleEvent                  
000069b1  RTC_C_enableInterrupt                      
0000578d  RTC_C_getEnabledInterruptStatus            
00006cbd  RTC_C_getInterruptStatus                   
0000565d  RTC_C_init                                 
00005821  RTC_C_initCalendar                         
00007af1  RTC_C_setCalibrationFrequency              
00006d19  RTC_C_setPrescaleValue                     
000082c9  RTC_C_startClock                           
00009120  SDFatFS_count                              
00009121  SD_count                                   
00009122  SPI_count                                  
00008a1d  SemaphoreP_Params_init                     
00006fed  SemaphoreP_create                          
000082f5  SemaphoreP_createBinary                    
00008c25  SemaphoreP_delete                          
00007f55  SemaphoreP_pend                            
00008739  SemaphoreP_post                            
00008979  SysCtl_A_disableNMISource                  
00008991  SysCtl_A_enableNMISource                   
00008b8d  SysCtl_A_getNMISourceStatus                
000058b5  SysCtl_A_getTLVInfo                        
00008b9d  SysCtl_getNMISourceStatus                  
00007671  TempController_updateHeatingState          
00008c99  TempData_create                            
00008bcd  Timer32_getValue                           
00006811  Timer32_initModule                         
00007f89  Timer32_setCount                           
00007cc9  Timer32_startTimer                         
00006171  TimerMSP432_allocateTimerResource          
00007145  TimerMSP432_freeTimerResource              
00008321  Timer_A_clearCaptureCompareInterrupt       
000089a9  Timer_A_clearTimer                         
00007fbd  Timer_A_configureContinuousMode            
0000834d  Timer_A_disableCaptureCompareInterrupt     
00008379  Timer_A_enableCaptureCompareInterrupt      
0000875b  Timer_A_getCaptureCompareCount             
00006f95  Timer_A_initCapture                        
00008a33  Timer_A_startCounter                       
00008a75  Timer_A_stopTimer                          
00009123  Timer_count                                
00009124  UART_count                                 
4000480c  WDTCTL_SYM                                 
00009125  Watchdog_count                             
20010000  __STACK_END                                
00000400  __STACK_SIZE                               
00009288  __TI_CINIT_Base                            
000092a0  __TI_CINIT_Limit                           
00009268  __TI_Handler_Table_Base                    
00009274  __TI_Handler_Table_Limit                   
00007199  __TI_auto_init_nopinit                     
00006879  __TI_decompress_lzss                       
00008bdb  __TI_decompress_none                       
000071ed  __TI_ltoa                                  
ffffffff  __TI_pprof_out_hndl                        
00000145  __TI_printfi                               
ffffffff  __TI_prof_data_size                        
ffffffff  __TI_prof_data_start                       
00009188  __TI_static_base__                         
000092a0  __TI_table_binit                           
00008c31  __TI_zero_init                             
00005b71  __aeabi_cdcmpeq                            
00005b71  __aeabi_cdcmple                            
00005bf7  __aeabi_cdrcmple                           
00006593  __aeabi_d2f                                
00007701  __aeabi_d2iz                               
0000233f  __aeabi_dadd                               
00003571  __aeabi_ddiv                               
00004379  __aeabi_dmul                               
00002335  __aeabi_dsub                               
00007a35  __aeabi_errno_addr                         
00007de1  __aeabi_f2d                                
0000826d  __aeabi_i2d                                
0000578b  __aeabi_idiv0                              
0000578b  __aeabi_ldiv0                              
000088bb  __aeabi_llsl                               
0000607b  __aeabi_memclr                             
0000607b  __aeabi_memclr4                            
0000607b  __aeabi_memclr8                            
00005525  __aeabi_memcpy                             
00005525  __aeabi_memcpy4                            
00005525  __aeabi_memcpy8                            
0000607d  __aeabi_memset                             
0000607d  __aeabi_memset4                            
0000607d  __aeabi_memset8                            
000083a5  __aeabi_ul2d                               
000056f5  __aeabi_uldivmod                           
000092a0  __binit__                                  
ffffffff  __c_args__                                 
UNDEFED   __mpu_init                                 
2000fc00  __stack                                    
20000000  __start___llvm_prf_cnts                    
20000000  __stop___llvm_prf_cnts                     
00007ff1  _c_int00_noargs                            
00008ea4  _ctypes_                                   
00008681  _pthread_cleanup_pop                       
UNDEFED   _system_post_cinit                         
00008c9f  _system_pre_init                           
00008ca3  abort                                      
00007385  atoi                                       
000092a0  binit                                      
000090e4  captureMSP432HWAttrs                       
200082b4  captureMSP432Objects                       
200080cc  capturedIntervals                          
200080c8  capturedIntervalsPtr                       
000073d1  copy_in                                    
00008a89  copysign                                   
00008a89  copysignl                                  
00007d01  delay_us                                   
20008210  disp_hdl                                   
20008298  displayClient                              
01008fd5  displayLCDThread                           
00006a15  frexp                                      
00006a15  frexpl                                     
20009400  g_pfnRAMVectors                            
20008e64  gpioCallbackFunctions                      
20008d98  gpioPinConfigs                             
00009060  i2cMSP432HWAttrs                           
20008170  i2cMSP432Objects                           
20008230  initDisplayDone                            
00000000  interruptVectors                           
200082a4  keypad                                     
00003c39  ldexp                                      
00003c39  ldexpl                                     
00004755  main                                       
00000ba1  mainThread                                 
00007931  malloc                                     
00005525  memcpy                                     
00006083  memset                                     
00005f85  mutate                                     
20008cc4  myPerfLevels                               
000088f5  pthread_attr_init                          
0000877d  pthread_attr_setdetachstate                
000085e5  pthread_attr_setschedparam                 
00008ab1  pthread_attr_setstacksize                  
00003439  pthread_create                             
00006dd1  pthread_exit                               
00008ac5  pthread_self                               
00007a75  pthread_setcancelstate                     
000024ed  pvPortMalloc                               
00007b69  pvTaskGetThreadLocalStoragePointer         
00008911  pvTaskIncrementMutexHeldCount              
20008d64  pxCurrentTCB                               
00006c01  pxPortInitialiseStack                      
200082ac  readTemp                                   
200080c9  readingData                                
00008ad9  resetISR                                   
200082a8  rtc                                        
00003c39  scalbn                                     
00003c39  scalbnl                                    
000072e7  sem_init                                   
00007ab3  sem_post                                   
000089d9  sem_wait                                   
00007749  sleep                                      
000081ad  sprintf                                    
2000824c  startReadingTemp                           
00008a49  strchr                                     
00008aed  strlen                                     
200082b0  targetTemp                                 
2000829c  tempController                             
200082a0  tempSensor                                 
0000914c  ulMaxSyscallInterruptPriority              
00004cb9  ulPortGetIPSR                              
20008214  unlockDisplayThread                        
00007ba5  usleep                                     
00007791  uxListRemove                               
0000917c  uxTopUsedPriority                          
000059d7  vApplicationMallocFailedHook               
00005e07  vApplicationStackOverflowHook              
000081dd  vListInitialise                            
00008bad  vListInitialiseItem                        
00006949  vListInsert                                
00007be1  vListInsertEnd                             
00004d75  vPortEnableVFP                             
00007501  vPortEnterCritical                         
0000820d  vPortExitCritical                          
000053e1  vPortFree                                  
00004d31  vPortSVCHandler                            
00006261  vPortSetupTimerInterrupt                   
00004d51  vPortStartFirstTask                        
00008c7b  vPortSuppressTicksAndSleep                 
000064b1  vPortValidateInterruptPriority             
000086f1  vQueueDelete                               
00006e2d  vQueueWaitForMessageRestricted             
00006e89  vTaskDelay                                 
00003f65  vTaskDelete                                
00008715  vTaskInternalSetTimeOutState               
00008c3d  vTaskMissedYield                           
00008059  vTaskPlaceOnEventList                      
000062d9  vTaskPlaceOnEventListRestricted            
00002f35  vTaskPriorityDisinheritAfterTimeout        
000083d1  vTaskSetApplicationTaskTag                 
0000754d  vTaskSetThreadLocalStoragePointer          
000055c1  vTaskStartScheduler                        
00003a09  vTaskSuspend                               
00008bbd  vTaskSuspendAll                            
00004bcd  vTaskSwitchContext                         
00004cd1  xPortPendSVHandler                         
00004d85  xPortStartScheduler                        
000083fd  xPortSysTickHandler                        
000077d9  xQueueCreateCountingSemaphore              
00005d85  xQueueGenericCreate                        
00004275  xQueueGenericReset                         
0000217d  xQueueGenericSend                          
00003d49  xQueueGiveFromISR                          
000029a5  xQueueReceive                              
0000456d  xQueueReceiveFromISR                       
00001de1  xQueueSemaphoreTake                        
00004fcd  xTaskCheckForTimeOut                       
000060f5  xTaskCreate                                
0000860d  xTaskGetApplicationTaskTag                 
00008b01  xTaskGetCurrentTaskHandle                  
0000823d  xTaskGetSchedulerState                     
00008b15  xTaskGetTickCount                          
00001a21  xTaskIncrementTick                         
00003b21  xTaskPriorityDisinherit                    
000037cd  xTaskPriorityInherit                       
00002699  xTaskRemoveFromEventList                   
00001fb1  xTaskResumeAll                             
00007241  xTimerCreateTimerTask                      


GLOBAL SYMBOLS: SORTED BY Symbol Address 

address   name                                       
-------   ----                                       
00000000  interruptVectors                           
00000145  __TI_printfi                               
00000400  __STACK_SIZE                               
00000b9f  CaptureMSP432_init                         
00000ba1  mainThread                                 
00001041  Power_sleep                                
00001829  I2CMSP432_open                             
00001a21  xTaskIncrementTick                         
00001de1  xQueueSemaphoreTake                        
00001fb1  xTaskResumeAll                             
0000217d  xQueueGenericSend                          
00002335  __aeabi_dsub                               
0000233f  __aeabi_dadd                               
000024eb  I2CMSP432_init                             
000024ed  pvPortMalloc                               
00002699  xTaskRemoveFromEventList                   
00002821  I2CMSP432_hwiIntFxn                        
000029a5  xQueueReceive                              
00002b21  GPIO_setConfig                             
00002de5  MSP_EXP432P401R_initGeneral                
00002f35  vTaskPriorityDisinheritAfterTimeout        
00003439  pthread_create                             
00003571  __aeabi_ddiv                               
000036a7  PowerMSP432_initPolicy                     
000037cd  xTaskPriorityInherit                       
00003a09  vTaskSuspend                               
00003b21  xTaskPriorityDisinherit                    
00003c39  ldexp                                      
00003c39  ldexpl                                     
00003c39  scalbn                                     
00003c39  scalbnl                                    
00003d49  xQueueGiveFromISR                          
00003e59  CaptureMSP432_open                         
00003f65  vTaskDelete                                
00004275  xQueueGenericReset                         
00004379  __aeabi_dmul                               
00004475  CS_getDCOFrequency                         
0000456d  xQueueReceiveFromISR                       
00004663  I2CMSP432_transfer                         
00004755  main                                       
0000492d  CS_startHFXTWithTimeout                    
00004a11  CS_startLFXTWithTimeout                    
00004bcd  vTaskSwitchContext                         
00004cb9  ulPortGetIPSR                              
00004cd1  xPortPendSVHandler                         
00004d31  vPortSVCHandler                            
00004d51  vPortStartFirstTask                        
00004d75  vPortEnableVFP                             
00004d85  xPortStartScheduler                        
00004fcd  xTaskCheckForTimeOut                       
000051e1  GPIO_init                                  
0000528d  I2CMSP432_cancel                           
000053e1  vPortFree                                  
00005489  Power_init                                 
00005525  __aeabi_memcpy                             
00005525  __aeabi_memcpy4                            
00005525  __aeabi_memcpy8                            
00005525  memcpy                                     
000055c1  vTaskStartScheduler                        
0000565d  RTC_C_init                                 
000056f5  __aeabi_uldivmod                           
0000578b  __aeabi_idiv0                              
0000578b  __aeabi_ldiv0                              
0000578d  RTC_C_getEnabledInterruptStatus            
00005821  RTC_C_initCalendar                         
000058b5  SysCtl_A_getTLVInfo                        
000059d7  vApplicationMallocFailedHook               
000059d9  GPIO_setAsPeripheralModuleFunctionInputPin 
00005a61  GPIO_setAsPeripheralModuleFunctionOutputPin
00005b71  __aeabi_cdcmpeq                            
00005b71  __aeabi_cdcmple                            
00005bf7  __aeabi_cdrcmple                           
00005c7d  RTC_C_IRQHandler                           
00005d85  xQueueGenericCreate                        
00005e07  vApplicationStackOverflowHook              
00005e09  Interrupt_disableInterrupt                 
00005e89  Interrupt_enableInterrupt                  
00005f85  mutate                                     
0000607b  __aeabi_memclr                             
0000607b  __aeabi_memclr4                            
0000607b  __aeabi_memclr8                            
0000607d  __aeabi_memset                             
0000607d  __aeabi_memset4                            
0000607d  __aeabi_memset8                            
00006083  memset                                     
000060f5  xTaskCreate                                
00006171  TimerMSP432_allocateTimerResource          
00006261  vPortSetupTimerInterrupt                   
000062d9  vTaskPlaceOnEventListRestricted            
00006351  I2CMSP432_close                            
000063c9  Keypad_InterruptHandler                    
000064b1  vPortValidateInterruptPriority             
00006525  PowerMSP432_deepSleepPolicy                
00006593  __aeabi_d2f                                
00006601  I2C_masterSendMultiByteFinish              
000066d9  CaptureMSP432_start                        
00006741  GPIO_hwiIntFxn                             
000067a9  PowerMSP432_getFreqs                       
00006811  Timer32_initModule                         
00006879  __TI_decompress_lzss                       
00006949  vListInsert                                
000069b1  RTC_C_enableInterrupt                      
00006a15  frexp                                      
00006a15  frexpl                                     
00006b41  GPIO_setCallback                           
00006ba1  HwiP_create                                
00006c01  pxPortInitialiseStack                      
00006c61  Interrupt_registerInterrupt                
00006cbd  RTC_C_getInterruptStatus                   
00006d19  RTC_C_setPrescaleValue                     
00006dd1  pthread_exit                               
00006e2d  vQueueWaitForMessageRestricted             
00006e89  vTaskDelay                                 
00006ee5  GPIO_setAsInputPinWithPullUpResistor       
00006f3d  RTC_C_clearInterruptFlag                   
00006f95  Timer_A_initCapture                        
00006fed  SemaphoreP_create                          
000070f1  Interrupt_setPriority                      
00007145  TimerMSP432_freeTimerResource              
00007199  __TI_auto_init_nopinit                     
000071ed  __TI_ltoa                                  
00007241  xTimerCreateTimerTask                      
000072e7  sem_init                                   
00007337  CaptureMSP432_close                        
00007385  atoi                                       
000073d1  copy_in                                    
00007501  vPortEnterCritical                         
0000754d  vTaskSetThreadLocalStoragePointer          
00007599  HwiP_dispatch                              
000075e1  Power_releaseConstraint                    
00007629  RTC_C_definePrescaleEvent                  
00007671  TempController_updateHeatingState          
00007701  __aeabi_d2iz                               
00007749  sleep                                      
00007791  uxListRemove                               
000077d9  xQueueCreateCountingSemaphore              
00007821  Capture_init                               
00007865  I2C_init                                   
00007931  malloc                                     
00007975  Capture_open                               
000079b5  GPIO_setAsOutputPin                        
000079f5  I2C_open                                   
00007a35  __aeabi_errno_addr                         
00007a75  pthread_setcancelstate                     
00007ab3  sem_post                                   
00007af1  RTC_C_setCalibrationFrequency              
00007b69  pvTaskGetThreadLocalStoragePointer         
00007ba5  usleep                                     
00007be1  vListInsertEnd                             
00007c1d  PowerMSP432_sleepPolicy                    
00007c91  Power_setConstraint                        
00007cc9  Timer32_startTimer                         
00007d01  delay_us                                   
00007de1  __aeabi_f2d                                
00007e19  CaptureMSP432_stop                         
00007e85  Capture_Callback                           
00007eb9  GPIO_clearInt                              
00007eed  GPIO_disableInt                            
00007f21  GPIO_enableInt                             
00007f55  SemaphoreP_pend                            
00007f89  Timer32_setCount                           
00007fbd  Timer_A_configureContinuousMode            
00007ff1  _c_int00_noargs                            
00008059  vTaskPlaceOnEventList                      
0000808d  CS_clearInterruptFlag                      
000080bd  DisplayI2C_send                            
000080ed  LCD_setCursor                              
000081ad  sprintf                                    
000081dd  vListInitialise                            
0000820d  vPortExitCritical                          
0000823d  xTaskGetSchedulerState                     
0000826d  __aeabi_i2d                                
0000829d  HwiP_disable                               
000082c9  RTC_C_startClock                           
000082f5  SemaphoreP_createBinary                    
00008321  Timer_A_clearCaptureCompareInterrupt       
0000834d  Timer_A_disableCaptureCompareInterrupt     
00008379  Timer_A_enableCaptureCompareInterrupt      
000083a5  __aeabi_ul2d                               
000083d1  vTaskSetApplicationTaskTag                 
000083fd  xPortSysTickHandler                        
00008429  Display_doPrintf                           
00008455  CS_getACLK                                 
0000847d  CS_getHSMCLK                               
000084a5  CS_getMCLK                                 
000084cd  CS_getSMCLK                                
000084f5  GPIO_setOutputHighOnPin                    
0000851d  GPIO_setOutputLowOnPin                     
00008545  HwiP_inISR                                 
0000856d  Power_registerNotify                       
000085e5  pthread_attr_setschedparam                 
0000860d  xTaskGetApplicationTaskTag                 
00008635  List_put                                   
0000865b  List_remove                                
00008681  _pthread_cleanup_pop                       
000086f1  vQueueDelete                               
00008715  vTaskInternalSetTimeOutState               
00008739  SemaphoreP_post                            
0000875b  Timer_A_getCaptureCompareCount             
0000877d  pthread_attr_setdetachstate                
000087a1  CS_getBCLK                                 
000087c1  CS_setExternalClockSourceFrequency         
000087e1  HwiP_restore                               
00008801  Power_unregisterNotify                     
00008861  HwiP_Params_init                           
0000887f  LCD_write                                  
000088bb  __aeabi_llsl                               
000088d9  Interrupt_unregisterInterrupt              
000088f5  pthread_attr_init                          
00008911  pvTaskIncrementMutexHeldCount              
0000892d  PTLS_taskDeleteHook                        
00008961  I2C_transfer                               
00008979  SysCtl_A_disableNMISource                  
00008991  SysCtl_A_enableNMISource                   
000089a9  Timer_A_clearTimer                         
000089d9  sem_wait                                   
000089f1  PTLS_getBuf                                
00008a07  PTLS_setBuf                                
00008a1d  SemaphoreP_Params_init                     
00008a33  Timer_A_startCounter                       
00008a49  strchr                                     
00008a61  Power_idleFunc                             
00008a75  Timer_A_stopTimer                          
00008a89  copysign                                   
00008a89  copysignl                                  
00008ab1  pthread_attr_setstacksize                  
00008ac5  pthread_self                               
00008ad9  resetISR                                   
00008aed  strlen                                     
00008b01  xTaskGetCurrentTaskHandle                  
00008b15  xTaskGetTickCount                          
00008b29  HwiP_delete                                
00008b3b  LCD_display                                
00008b4d  Capture_Params_init                        
00008b5d  I2C_Params_init                            
00008b6d  PowerMSP432_getNumPerfLevels               
00008b7d  Power_enablePolicy                         
00008b8d  SysCtl_A_getNMISourceStatus                
00008b9d  SysCtl_getNMISourceStatus                  
00008bad  vListInitialiseItem                        
00008bbd  vTaskSuspendAll                            
00008bcd  Timer32_getValue                           
00008bdb  __TI_decompress_none                       
00008be9  CPU_cpsid                                  
00008bf5  CPU_cpsie                                  
00008c01  Power_getConstraintMask                    
00008c0d  Power_getPerformanceLevel                  
00008c19  Power_setPolicy                            
00008c25  SemaphoreP_delete                          
00008c31  __TI_zero_init                             
00008c3d  vTaskMissedYield                           
00008c49  Capture_close                              
00008c53  Capture_start                              
00008c5d  Capture_stop                               
00008c67  PowerMSP432_updateFreqs                    
00008c7b  vPortSuppressTicksAndSleep                 
00008c8d  CaptureMSP432_control                      
00008c93  I2CMSP432_control                          
00008c99  TempData_create                            
00008c9f  _system_pre_init                           
00008ca3  C$$EXIT                                    
00008ca3  abort                                      
00008ea4  _ctypes_                                   
00008ff8  PowerMSP432_config                         
00009060  i2cMSP432HWAttrs                           
00009088  CaptureMSP432_captureFxnTable              
000090a0  I2CMSP432_fxnTable                         
000090b8  I2C_config                                 
000090d0  GPIOMSP432_config                          
000090e4  captureMSP432HWAttrs                       
00009108  I2C_defaultParams                          
00009118  ADC_count                                  
00009119  ADCBuf_count                               
0000911a  Capture_count                              
0000911b  Display_count                              
0000911c  I2C_count                                  
0000911d  I2CSlave_count                             
0000911e  NVS_count                                  
0000911f  PWM_count                                  
00009120  SDFatFS_count                              
00009121  SD_count                                   
00009122  SPI_count                                  
00009123  Timer_count                                
00009124  UART_count                                 
00009125  Watchdog_count                             
00009128  Capture_config                             
0000914c  ulMaxSyscallInterruptPriority              
0000917c  uxTopUsedPriority                          
00009188  __TI_static_base__                         
00009268  __TI_Handler_Table_Base                    
00009274  __TI_Handler_Table_Limit                   
00009288  __TI_CINIT_Base                            
000092a0  __TI_CINIT_Limit                           
000092a0  __TI_table_binit                           
000092a0  __binit__                                  
000092a0  binit                                      
01008e89  DisplayClient_showInfo                     
01008fd5  displayLCDThread                           
20000000  __start___llvm_prf_cnts                    
20000000  __stop___llvm_prf_cnts                     
200080c8  capturedIntervalsPtr                       
200080c9  readingData                                
200080cc  capturedIntervals                          
20008170  i2cMSP432Objects                           
20008210  disp_hdl                                   
20008214  unlockDisplayThread                        
20008230  initDisplayDone                            
2000824c  startReadingTemp                           
20008298  displayClient                              
2000829c  tempController                             
200082a0  tempSensor                                 
200082a4  keypad                                     
200082a8  rtc                                        
200082ac  readTemp                                   
200082b0  targetTemp                                 
200082b4  captureMSP432Objects                       
20008384  HwiP_dispatchTable                         
20008b84  PowerMSP432_perfLevels                     
20008cc4  myPerfLevels                               
20008d64  pxCurrentTCB                               
20008d98  gpioPinConfigs                             
20008dcc  PowerMSP432_module                         
20008e64  gpioCallbackFunctions                      
20009400  g_pfnRAMVectors                            
2000fc00  __stack                                    
20010000  __STACK_END                                
4000480c  WDTCTL_SYM                                 
ffffffff  __TI_pprof_out_hndl                        
ffffffff  __TI_prof_data_size                        
ffffffff  __TI_prof_data_start                       
ffffffff  __c_args__                                 
UNDEFED   DS1302_Init_Pins                           
UNDEFED   DS1302_Read_Time                           
UNDEFED   DS1302_Set_Time                            
UNDEFED   __mpu_init                                 
UNDEFED   _system_post_cinit                         

[336 symbols]
