******************************************************************************
                  TI ARM Linker PC v20.2.5                     
******************************************************************************
>> Linked Fri Sep  2 21:10:07 2022

OUTPUT FILE NAME:   <Thermostat.out>
ENTRY POINT SYMBOL: "resetISR"  address: 0000c22d


MEMORY CONFIGURATION

         name            origin    length      used     unused   attr    fill
----------------------  --------  ---------  --------  --------  ----  --------
  MAIN                  00000000   00040000  0000d4b6  00032b4a  R  X
  INFO                  00200000   00004000  00000000  00004000  R  X
  SRAM_CODE             01000000   00010000  0000a735  000058cb  RW X
  SRAM_DATA             20000000   00010000  0000a735  000058cb  RW  


SEGMENT ALLOCATION MAP

run origin  load origin   length   init length attrs members
----------  ----------- ---------- ----------- ----- -------
00000000    00000000    0000c510   0000c510    r-x
  00000000    00000000    00000144   00000144    r-- .intvecs
  00000144    00000144    0000c3cc   0000c3cc    r-x .text
0000c9dc    0000c9dc    000009aa   000009aa    r--
  0000c9dc    0000c9dc    000009aa   000009aa    r-- .const
0000d388    0000d388    00000130   00000130    r--
  0000d388    0000d388    00000120   00000120    r-- .cinit
  0000d4a8    0000d4a8    00000010   00000010    r-- .binit
01009d84    0000c510    000004cc   000004cc    r-x
  01009d84    0000c510    000004cc   000004cc    r-x .TI.ramfunc
20000000    20000000    00009d84   00000000    rw-
  20000000    20000000    00009261   00000000    rw- .bss
  20009264    20009264    00000b20   00000000    rw- .data
2000a400    2000a400    000000e8   00000000    rw-
  2000a400    2000a400    000000e8   00000000    rw- .vtable
2000fc00    2000fc00    00000400   00000000    rw-
  2000fc00    2000fc00    00000400   00000000    rw- .stack


SECTION ALLOCATION MAP

 output                                  attributes/
section   page    origin      length       input sections
--------  ----  ----------  ----------   ----------------
.text      0    00000144    0000c3cc     
                  00000144    00000a5a     rtsv7M4_T_le_v4SPD16_eabi.lib : _printfi.c.obj (.text:__TI_printfi)
                  00000b9e    00000002     drivers_msp432p401x.aem4f : CaptureMSP432.oem4f (.text:CaptureMSP432_init)
                  00000ba0    000004a4     freertos_builds_MSP_EXP432P401R_release_ccs.lib : SystemP_freertos.obj (.text:doPrint)
                  00001044    0000047e     grlib.a : string.obj (.text:Graphics_drawString)
                  000014c2    00000002     display.aem4f : DisplaySharp.oem4f (.text:DisplaySharp_init)
                  000014c4    000002f8     drivers_msp432p401x.aem4f : PowerMSP432.oem4f (.text:Power_sleep)
                  000017bc    000002d0                               : UARTMSP432.oem4f (.text:UARTMSP432_open)
                  00001a8c    0000028c                               : SPIMSP432DMA.oem4f (.text:SPIMSP432DMA_open)
                  00001d18    00000288                               : PowerMSP432.oem4f (.text:initPerfControl)
                  00001fa0    00000284     TempSensor.obj (.text:TempSensor_readTemp)
                  00002224    00000270     main_freertos.obj (.text:main)
                  00002494    00000268     rtsv7M4_T_le_v4SPD16_eabi.lib : _printfi.c.obj (.text:_pconv_a$20)
                  000026fc    000001f8     drivers_msp432p401x.aem4f : I2CMSP432.oem4f (.text:I2CMSP432_open)
                  000028f4    000001f0     freertos_builds_MSP_EXP432P401R_release_ccs.lib : tasks.obj (.text:xTaskIncrementTick)
                  00002ae4    000001d0     rtsv7M4_T_le_v4SPD16_eabi.lib : _printfi.c.obj (.text:_pconv_g$20)
                  00002cb4    000001d0     freertos_builds_MSP_EXP432P401R_release_ccs.lib : queue.obj (.text:xQueueSemaphoreTake)
                  00002e84    000001cc                                                     : tasks.obj (.text:xTaskResumeAll)
                  00003050    000001b8                                                     : queue.obj (.text:xQueueGenericSend)
                  00003208    000001b6     rtsv7M4_T_le_v4SPD16_eabi.lib : fd_add_t2.asm.obj (.text)
                  000033be    00000002     display.aem4f : DisplayUart.oem4f (.text:DisplayUartAnsi_init)
                  000033c0    000001ac     freertos_builds_MSP_EXP432P401R_release_ccs.lib : heap_4.obj (.text:pvPortMalloc)
                  0000356c    00000188                                                     : tasks.obj (.text:xTaskRemoveFromEventList)
                  000036f4    00000184     drivers_msp432p401x.aem4f : I2CMSP432.oem4f (.text:I2CMSP432_hwiIntFxn)
                  00003878    0000017c     freertos_builds_MSP_EXP432P401R_release_ccs.lib : queue.obj (.text:xQueueReceive)
                  000039f4    00000170     drivers_msp432p401x.aem4f : GPIOMSP432.oem4f (.text:GPIO_setConfig)
                  00003b64    00000154     freertos_builds_MSP_EXP432P401R_release_ccs.lib : timers.obj (.text:prvProcessReceivedCommands)
                  00003cb8    00000150     LCDdisplayClient.obj (.text:DisplayClient_showInfo)
                  00003e08    0000014c     MSP_EXP432P401R.obj (.text:MSP_EXP432P401R_initGeneral)
                  00003f54    00000148     freertos_builds_MSP_EXP432P401R_release_ccs.lib : tasks.obj (.text:vTaskPriorityDisinheritAfterTimeout)
                  0000409c    00000144     msp432p4xx_driverlib.lib : timer_a.o (.text:privateTimer_AProcessClockSourceDivider)
                  000041e0    0000013c     rtsv7M4_T_le_v4SPD16_eabi.lib : _printfi.c.obj (.text:_pconv_e$20)
                  0000431c    0000013a     freertos_builds_MSP_EXP432P401R_release_ccs.lib : tasks.obj (.text:prvInitialiseNewTask)
                  00004456    00000002     drivers_msp432p401x.aem4f : I2CMSP432.oem4f (.text:I2CMSP432_init)
                  00004458    00000138     freertos_builds_MSP_EXP432P401R_release_ccs.lib : pthread.obj (.text:pthread_create)
                  00004590    00000136     rtsv7M4_T_le_v4SPD16_eabi.lib : fd_div_t2.asm.obj (.text)
                  000046c6    00000002     msp432p4xx_driverlib.lib : interrupt.o (.text:IntDefaultHandler)
                  000046c8    00000130     drivers_msp432p401x.aem4f : UDMAMSP432.oem4f (.text:setupInterrupt)
                  000047f8    0000012c                               : SPIMSP432DMA.oem4f (.text:SPIMSP432DMA_transfer)
                  00004924    00000128     freertos_builds_MSP_EXP432P401R_release_ccs.lib : queue.obj (.text:xQueueGenericSendFromISR)
                  00004a4c    00000124     rtsv7M4_T_le_v4SPD16_eabi.lib : _printfi.c.obj (.text:fcvt$20)
                  00004b70    00000120     freertos_builds_MSP_EXP432P401R_release_ccs.lib : tasks.obj (.text:xTaskPriorityInherit)
                  00004c90    0000011c     msp432p4xx_driverlib.lib : uart.o (.text:UART_initModule)
                  00004dac    0000011c     drivers_msp432p401x.aem4f : I2CMSP432.oem4f (.text:primeTransfer)
                  00004ec8    00000118     freertos_builds_MSP_EXP432P401R_release_ccs.lib : tasks.obj (.text:vTaskSuspend)
                  00004fe0    00000118                                                     : tasks.obj (.text:xTaskPriorityDisinherit)
                  000050f8    00000112     grlib.a : rectangle.obj (.text:Graphics_fillRectangle)
                  0000520a    00000002     freertos_builds_MSP_EXP432P401R_release_ccs.lib : PowerMSP432_freertos.obj (.text:PowerMSP432_initPolicy)
                  0000520c    00000110     rtsv7M4_T_le_v4SPD16_eabi.lib : s_scalbn.c.obj (.text:scalbn)
                  0000531c    0000010e     freertos_builds_MSP_EXP432P401R_release_ccs.lib : queue.obj (.text:xQueueGiveFromISR)
                  0000542a    00000002     drivers_msp432p401x.aem4f : UARTMSP432.oem4f (.text:UARTMSP432_init)
                  0000542c    0000010c                               : CaptureMSP432.oem4f (.text:CaptureMSP432_open)
                  00005538    00000108     freertos_builds_MSP_EXP432P401R_release_ccs.lib : tasks.obj (.text:vTaskDelete)
                  00005640    00000104     drivers_msp432p401x.aem4f : SPIMSP432DMA.oem4f (.text:SPIMSP432DMA_transferCancel)
                  00005744    00000104     msp432p4xx_driverlib.lib : cs.o (.text:_CSComputeCLKFrequency)
                  00005848    00000104     freertos_builds_MSP_EXP432P401R_release_ccs.lib : tasks.obj (.text:prvAddNewTaskToReadyList)
                  0000594c    00000104                                                     : queue.obj (.text:xQueueGenericReset)
                  00005a50    000000fc     drivers_msp432p401x.aem4f : SPIMSP432DMA.oem4f (.text:configDMA)
                  00005b4c    000000fc     rtsv7M4_T_le_v4SPD16_eabi.lib : fd_mul_t2.asm.obj (.text)
                  00005c48    000000f8     msp432p4xx_driverlib.lib : cs.o (.text:CS_getDCOFrequency)
                  00005d40    000000f6     freertos_builds_MSP_EXP432P401R_release_ccs.lib : queue.obj (.text:xQueueReceiveFromISR)
                  00005e36    00000002                                                     : startup_msp432_ccs.obj (.text:defaultISR)
                  00005e38    000000f0     msp432p4xx_driverlib.lib : dma.o (.text:DMA_setChannelTransfer)
                  00005f28    000000f0     display.aem4f : DisplaySharp.oem4f (.text:DisplaySharp_open)
                  00006018    000000f0     drivers_msp432p401x.aem4f : I2CMSP432.oem4f (.text:I2CMSP432_transfer)
                  00006108    000000e8     freertos_builds_MSP_EXP432P401R_release_ccs.lib : tasks.obj (.text:prvAddCurrentTaskToDelayedList)
                  000061f0    000000e6     display.aem4f : SharpGrLib.oem4f (.text:SharpGrLib_rectFill)
                  000062d6    00000002     freertos_builds_MSP_EXP432P401R_release_ccs.lib : startup_msp432_ccs.obj (.text:faultISR)
                  000062d8    000000e4     msp432p4xx_driverlib.lib : cs.o (.text:CS_startHFXTWithTimeout)
                  000063bc    000000e4     display.aem4f : SharpGrLib.oem4f (.text:SharpGrLib_flush)
                  000064a0    000000e0     msp432p4xx_driverlib.lib : cs.o (.text:CS_startLFXTWithTimeout)
                  00006580    000000dc     drivers_msp432p401x.aem4f : UARTMSP432.oem4f (.text:UARTMSP432_readPolling)
                  0000665c    000000dc                               : UDMAMSP432.oem4f (.text:UDMAMSP432_close)
                  00006738    000000dc     msp432p4xx_driverlib.lib : cs.o (.text:_CSGetHFXTFrequency)
                  00006814    000000dc     freertos_builds_MSP_EXP432P401R_release_ccs.lib : tasks.obj (.text:vTaskSwitchContext)
                  000068f0    000000da                                                     : portasm.obj (.text)
                  000069ca    00000002                                                     : startup_msp432_ccs.obj (.text:nmiISR)
                  000069cc    000000d0                                                     : port.obj (.text:xPortStartScheduler)
                  00006a9c    000000ca     drivers_msp432p401x.aem4f : UARTMSP432.oem4f (.text:UARTMSP432_hwiIntFxn)
                  00006b66    000000bc     freertos_builds_MSP_EXP432P401R_release_ccs.lib : queue.obj (.text:prvCopyDataToQueue)
                  00006c22    00000002     rtsv7M4_T_le_v4SPD16_eabi.lib : div0.asm.obj (.text)
                  00006c24    000000bc     freertos_builds_MSP_EXP432P401R_release_ccs.lib : heap_4.obj (.text:prvHeapInit)
                  00006ce0    000000b8     display.aem4f : DisplaySharp.oem4f (.text:DisplaySharp_vprintf)
                  00006d98    000000b8     drivers_msp432p401x.aem4f : UARTMSP432.oem4f (.text:initHw)
                  00006e50    000000b8                               : UARTMSP432.oem4f (.text:readTaskCallback)
                  00006f08    000000b6     freertos_builds_MSP_EXP432P401R_release_ccs.lib : SystemP_freertos.obj (.text:formatNum)
                  00006fbe    00000002     main_freertos.obj (.text:vApplicationIdleHook)
                  00006fc0    000000b4     display.aem4f : DisplaySharp.oem4f (.text:DisplaySharp_control)
                  00007074    000000b4     drivers_msp432p401x.aem4f : UARTMSP432.oem4f (.text:UARTMSP432_control)
                  00007128    000000b4                               : UARTMSP432.oem4f (.text:UARTMSP432_writePolling)
                  000071dc    000000b4     freertos_builds_MSP_EXP432P401R_release_ccs.lib : tasks.obj (.text:xTaskCheckForTimeOut)
                  00007290    000000b1     rtsv7M4_T_le_v4SPD16_eabi.lib : _printfi.c.obj (.text:_ltostr$20)
                  00007341    00000001     --HOLE-- [fill = 0]
                  00007342    000000b0     msp432p4xx_driverlib.lib : spi.o (.text:SPI_initMaster)
                  000073f2    000000ae     freertos_builds_MSP_EXP432P401R_release_ccs.lib : queue.obj (.text:prvUnlockQueue)
                  000074a0    000000ac     display.aem4f : DisplayUart.oem4f (.text:DisplayUartAnsi_clearLines)
                  0000754c    000000ac     drivers_msp432p401x.aem4f : GPIOMSP432.oem4f (.text:GPIO_init)
                  000075f8    000000ac                               : I2CMSP432.oem4f (.text:I2CMSP432_cancel)
                  000076a4    000000aa     display.aem4f : SharpGrLib.oem4f (.text:SharpGrLib_lineDrawH)
                  0000774e    000000a8     drivers_msp432p401x.aem4f : UARTMSP432.oem4f (.text:UARTMSP432_write)
                  000077f6    00000002     main_freertos.obj (.text:vApplicationMallocFailedHook)
                  000077f8    000000a8     freertos_builds_MSP_EXP432P401R_release_ccs.lib : heap_4.obj (.text:prvInsertBlockIntoFreeList)
                  000078a0    000000a8     drivers_msp432p401x.aem4f : UARTMSP432.oem4f (.text:readTaskBlocking)
                  00007948    000000a8     freertos_builds_MSP_EXP432P401R_release_ccs.lib : heap_4.obj (.text:vPortFree)
                  000079f0    000000a7     display.aem4f : DisplayUart.oem4f (.text:DisplayUartAnsi_open)
                  00007a97    00000001     --HOLE-- [fill = 0]
                  00007a98    000000a0     freertos_builds_MSP_EXP432P401R_release_ccs.lib : ClockP_freertos.obj (.text:ClockP_create)
                  00007b38    000000a0     drivers_msp432p401x.aem4f : UARTMSP432.oem4f (.text:readIsrTextCallback)
                  00007bd8    0000009f     display.aem4f : DisplayUart.oem4f (.text:DisplayUartAnsi_vprintf)
                  00007c77    00000001     --HOLE-- [fill = 0]
                  00007c78    0000009c     grlib.a : line.obj (.text:Graphics_drawLineH)
                  00007d14    0000009c     drivers_msp432p401x.aem4f : PowerMSP432.oem4f (.text:Power_init)
                  00007db0    0000009c     rtsv7M4_T_le_v4SPD16_eabi.lib : memcpy_t2.asm.obj (.text)
                  00007e4c    0000009c     freertos_builds_MSP_EXP432P401R_release_ccs.lib : tasks.obj (.text:vTaskStartScheduler)
                  00007ee8    00000096     rtsv7M4_T_le_v4SPD16_eabi.lib : ull_div_t2.asm.obj (.text)
                  00007f7e    00000002     main_freertos.obj (.text:vApplicationStackOverflowHook)
                  00007f80    00000094     msp432p4xx_driverlib.lib : sysctl_a.o (.text:SysCtl_A_getTLVInfo)
                  00008014    00000094     drivers_msp432p401x.aem4f : UDMAMSP432.oem4f (.text:UDMAMSP432_init)
                  000080a8    00000094                               : UDMAMSP432.oem4f (.text:UDMAMSP432_open)
                  0000813c    00000092                               : UARTMSP432.oem4f (.text:UARTMSP432_close)
                  000081ce    00000092                               : UARTMSP432.oem4f (.text:writeData)
                  00008260    00000090     display.aem4f : SharpGrLib.oem4f (.text:SharpGrLib_clearScreen)
                  000082f0    0000008e     drivers_msp432p401x.aem4f : CaptureMSP432.oem4f (.text:CaptureMSP432_hwiIntFunction)
                  0000837e    0000008c                               : UARTMSP432.oem4f (.text:readIsrTextBlocking)
                  0000840a    00000002     --HOLE-- [fill = 0]
                  0000840c    00000088     msp432p4xx_driverlib.lib : gpio.o (.text:GPIO_setAsPeripheralModuleFunctionInputPin)
                  00008494    00000088     freertos_builds_MSP_EXP432P401R_release_ccs.lib : timers.obj (.text:prvProcessTimerOrBlockTask)
                  0000851c    00000086     rtsv7M4_T_le_v4SPD16_eabi.lib : fd_cmp_t2.asm.obj (.text:__aeabi_cdcmple)
                  000085a2    00000086                                   : fd_cmp_t2.asm.obj (.text:__aeabi_cdrcmple)
                  00008628    00000086     drivers_msp432p401x.aem4f : SPIMSP432DMA.oem4f (.text:initHw)
                  000086ae    00000002     --HOLE-- [fill = 0]
                  000086b0    00000084                               : PowerMSP432.oem4f (.text:restartHFXT)
                  00008734    00000084     freertos_builds_MSP_EXP432P401R_release_ccs.lib : timers.obj (.text:xTimerGenericCommand)
                  000087b8    00000082                                                     : queue.obj (.text:xQueueGenericCreate)
                  0000883a    00000002     --HOLE-- [fill = 0]
                  0000883c    00000080     msp432p4xx_driverlib.lib : interrupt.o (.text:Interrupt_disableInterrupt)
                  000088bc    00000080                              : interrupt.o (.text:Interrupt_enableInterrupt)
                  0000893c    0000007c                              : cs.o (.text:_CSGetDOCFrequency)
                  000089b8    0000007c     LCDdisplayProxy.obj (.text:mutate)
                  00008a34    0000007a     freertos_builds_MSP_EXP432P401R_release_ccs.lib : pthread.obj (.text:removeThreadKeys)
                  00008aae    0000007a     rtsv7M4_T_le_v4SPD16_eabi.lib : memset_t2.asm.obj (.text)
                  00008b28    0000007a     freertos_builds_MSP_EXP432P401R_release_ccs.lib : tasks.obj (.text:xTaskCreate)
                  00008ba2    00000002     --HOLE-- [fill = 0]
                  00008ba4    00000078     drivers_msp432p401x.aem4f : TimerMSP432.oem4f (.text:TimerMSP432_allocateTimerResource)
                  00008c1c    00000078     rtsv7M4_T_le_v4SPD16_eabi.lib : vla_alloc.c.obj (.text:_ZN33_INTERNAL_11_vla_alloc_c_be8bd49b21free_dead_allocationsEPv$13)
                  00008c94    00000078                                   : vla_alloc.c.obj (.text:__vla_dealloc)
                  00008d0c    00000078     freertos_builds_MSP_EXP432P401R_release_ccs.lib : timers.obj (.text:prvInsertTimerInActiveList)
                  00008d84    00000078                                                     : port.obj (.text:vPortSetupTimerInterrupt)
                  00008dfc    00000078                                                     : tasks.obj (.text:vTaskPlaceOnEventListRestricted)
                  00008e74    00000076     drivers_msp432p401x.aem4f : I2CMSP432.oem4f (.text:I2CMSP432_close)
                  00008eea    00000002     --HOLE-- [fill = 0]
                  00008eec    00000074     freertos_builds_MSP_EXP432P401R_release_ccs.lib : tasks.obj (.text:prvInitialiseTaskLists)
                  00008f60    00000074                                                     : port.obj (.text:vPortValidateInterruptPriority)
                  00008fd4    00000070     drivers_msp432p401x.aem4f : UARTMSP432.oem4f (.text:UARTMSP432_writeCancel)
                  00009044    00000070     freertos_builds_MSP_EXP432P401R_release_ccs.lib : ClockP_freertos.obj (.text:setClockObjTimeout)
                  000090b4    0000006e     rtsv7M4_T_le_v4SPD16_eabi.lib : fd_tos_t2.asm.obj (.text)
                  00009122    00000002     --HOLE-- [fill = 0]
                  00009124    0000006c     msp432p4xx_driverlib.lib : i2c.o (.text:I2C_masterSendMultiByteFinish)
                  00009190    0000006c     TempSensor.obj (.text:TempSensor_init)
                  000091fc    0000006a     rtsv7M4_T_le_v4SPD16_eabi.lib : _printfi.c.obj (.text:_mcpy$20)
                  00009266    00000002     --HOLE-- [fill = 0]
                  00009268    00000068     drivers_msp432p401x.aem4f : CaptureMSP432.oem4f (.text:CaptureMSP432_start)
                  000092d0    00000068                               : GPIOMSP432.oem4f (.text:GPIO_hwiIntFxn)
                  00009338    00000068                               : PowerMSP432.oem4f (.text:PowerMSP432_getFreqs)
                  000093a0    00000068     msp432p4xx_driverlib.lib : timer32.o (.text:Timer32_initModule)
                  00009408    00000068     rtsv7M4_T_le_v4SPD16_eabi.lib : copy_decompress_lzss.c.obj (.text:decompress:lzss:__TI_decompress_lzss)
                  00009470    00000068     drivers_msp432p401x.aem4f : I2CMSP432.oem4f (.text:initHw)
                  000094d8    00000066     freertos_builds_MSP_EXP432P401R_release_ccs.lib : memory.obj (.text:realloc)
                  0000953e    00000066                                                     : list.obj (.text:vListInsert)
                  000095a4    00000064                                                     : ClockP_freertos.obj (.text:ClockP_stop)
                  00009608    00000064     drivers_msp432p401x.aem4f : SPIMSP432DMA.oem4f (.text:SPIMSP432DMA_close)
                  0000966c    00000064     rtsv7M4_T_le_v4SPD16_eabi.lib : s_frexp.c.obj (.text:frexp)
                  000096d0    00000064     freertos_builds_MSP_EXP432P401R_release_ccs.lib : tasks.obj (.text:prvGetExpectedIdleTime)
                  00009734    00000062     msp432p4xx_driverlib.lib : cs.o (.text:_CSGetDividerValue)
                  00009796    00000062     freertos_builds_MSP_EXP432P401R_release_ccs.lib : timers.obj (.text:prvInitialiseNewTimer)
                  000097f8    00000060     drivers_msp432p401x.aem4f : GPIOMSP432.oem4f (.text:GPIO_setCallback)
                  00009858    00000060     freertos_builds_MSP_EXP432P401R_release_ccs.lib : HwiPMSP432_freertos.obj (.text:HwiP_create)
                  000098b8    00000060                                                     : tasks.obj (.text:prvIdleTask)
                  00009918    00000060                                                     : port.obj (.text:pxPortInitialiseStack)
                  00009978    0000005c     display.aem4f : Display.oem4f (.text:Display_doOpen)
                  000099d4    0000005c     msp432p4xx_driverlib.lib : interrupt.o (.text:Interrupt_registerInterrupt)
                  00009a30    0000005c     freertos_builds_MSP_EXP432P401R_release_ccs.lib : pthread.obj (.text:pthread_exit)
                  00009a8c    0000005c                                                     : queue.obj (.text:vQueueWaitForMessageRestricted)
                  00009ae8    0000005c                                                     : tasks.obj (.text:vTaskDelay)
                  00009b44    0000005a     display.aem4f : DisplaySharp.oem4f (.text:DisplaySharp_clearLines)
                  00009b9e    00000002     --HOLE-- [fill = 0]
                  00009ba0    00000058     msp432p4xx_driverlib.lib : gpio.o (.text:GPIO_setAsInputPinWithPullUpResistor)
                  00009bf8    00000058     drivers_msp432p401x.aem4f : GPIOMSP432.oem4f (.text:GPIO_write)
                  00009c50    00000058     msp432p4xx_driverlib.lib : interrupt.o (.text:Interrupt_unpendInterrupt)
                  00009ca8    00000058     display.aem4f : SharpGrLib.oem4f (.text:SharpGrLib_lineDrawV)
                  00009d00    00000058     msp432p4xx_driverlib.lib : timer_a.o (.text:Timer_A_initCapture)
                  00009d58    00000058     drivers_msp432p401x.aem4f : UARTMSP432.oem4f (.text:readIsrBinaryBlocking)
                  00009db0    00000058                               : SPIMSP432DMA.oem4f (.text:spiHwiFxn)
                  00009e08    00000056     freertos_builds_MSP_EXP432P401R_release_ccs.lib : SemaphoreP_freertos.obj (.text:SemaphoreP_create)
                  00009e5e    00000056     rtsv7M4_T_le_v4SPD16_eabi.lib : _printfi.c.obj (.text:_pconv_f$20)
                  00009eb4    00000056     drivers_msp432p401x.aem4f : I2CMSP432.oem4f (.text:completeTransfer)
                  00009f0a    00000002     --HOLE-- [fill = 0]
                  00009f0c    00000054     freertos_builds_MSP_EXP432P401R_release_ccs.lib : ClockP_freertos.obj (.text:ClockP_delete)
                  00009f60    00000054     msp432p4xx_driverlib.lib : interrupt.o (.text:Interrupt_setPriority)
                  00009fb4    00000054     drivers_msp432p401x.aem4f : TimerMSP432.oem4f (.text:TimerMSP432_freeTimerResource)
                  0000a008    00000054     rtsv7M4_T_le_v4SPD16_eabi.lib : autoinit.c.obj (.text:__TI_auto_init_nopinit:__TI_auto_init_nopinit)
                  0000a05c    00000054                                   : _ltoa.c.obj (.text:__TI_ltoa)
                  0000a0b0    00000054     freertos_builds_MSP_EXP432P401R_release_ccs.lib : timers.obj (.text:xTimerCreateTimerTask)
                  0000a104    00000052     grlib.a : context.obj (.text:Graphics_initContext)
                  0000a156    00000052     rtsv7M4_T_le_v4SPD16_eabi.lib : _printfi.c.obj (.text:_ecpy$20)
                  0000a1a8    00000050     drivers_msp432p401x.aem4f : UDMAMSP432.oem4f (.text:UDMAMSP432_hwiFxn)
                  0000a1f8    0000004e                               : CaptureMSP432.oem4f (.text:CaptureMSP432_close)
                  0000a246    00000002     --HOLE-- [fill = 0]
                  0000a248    0000004c     Keypad.obj (.text:Keypad_InterruptHandler)
                  0000a294    0000004c     rtsv7M4_T_le_v4SPD16_eabi.lib : atoi.c.obj (.text:atoi)
                  0000a2e0    0000004c                                   : cpy_tbl.c.obj (.text:copy_in)
                  0000a32c    0000004c     freertos_builds_MSP_EXP432P401R_release_ccs.lib : timers.obj (.text:prvCheckForValidListAndQueue)
                  0000a378    0000004c                                                     : tasks.obj (.text:prvCheckTasksWaitingTermination)
                  0000a3c4    0000004c                                                     : timers.obj (.text:prvProcessExpiredTimer)
                  0000a410    0000004c     drivers_msp432p401x.aem4f : UARTMSP432.oem4f (.text:readIsrBinaryCallback)
                  0000a45c    0000004c     freertos_builds_MSP_EXP432P401R_release_ccs.lib : port.obj (.text:vPortEnterCritical)
                  0000a4a8    0000004c                                                     : tasks.obj (.text:vTaskSetThreadLocalStoragePointer)
                  0000a4f4    00000048                                                     : HwiPMSP432_freertos.obj (.text:HwiP_dispatch)
                  0000a53c    00000048     drivers_msp432p401x.aem4f : PowerMSP432.oem4f (.text:Power_releaseConstraint)
                  0000a584    00000048     freertos_builds_MSP_EXP432P401R_release_ccs.lib : timers.obj (.text:prvSwitchTimerLists)
                  0000a5cc    00000048     rtsv7M4_T_le_v4SPD16_eabi.lib : fd_toi_t2.asm.obj (.text)
                  0000a614    00000048     freertos_builds_MSP_EXP432P401R_release_ccs.lib : sleep.obj (.text:sleep)
                  0000a65c    00000048                                                     : list.obj (.text:uxListRemove)
                  0000a6a4    00000046     drivers_msp432p401x.aem4f : RingBuf.oem4f (.text:RingBuf_put)
                  0000a6ea    00000046     display.aem4f : SharpGrLib.oem4f (.text:SharpGrLib_drawMultiple)
                  0000a730    00000046     freertos_builds_MSP_EXP432P401R_release_ccs.lib : queue.obj (.text:xQueueCreateCountingSemaphore)
                  0000a776    00000002     --HOLE-- [fill = 0]
                  0000a778    00000044     drivers_msp432p401x.aem4f : Capture.oem4f (.text:Capture_init)
                  0000a7bc    00000044                               : I2C.oem4f (.text:I2C_init)
                  0000a800    00000044                               : SPI.oem4f (.text:SPI_init)
                  0000a844    00000044                               : UART.oem4f (.text:UART_init)
                  0000a888    00000044                               : I2CMSP432.oem4f (.text:perfChangeNotifyFxn)
                  0000a8cc    00000044     freertos_builds_MSP_EXP432P401R_release_ccs.lib : queue.obj (.text:prvInitialiseNewQueue)
                  0000a910    00000044     rtsv7M4_T_le_v4SPD16_eabi.lib : fd_tou_t2.asm.obj (.text)
                  0000a954    00000042     display.aem4f : SharpGrLib.oem4f (.text:SharpGrLib_pixelDraw)
                  0000a996    00000042     freertos_builds_MSP_EXP432P401R_release_ccs.lib : memory.obj (.text:malloc)
                  0000a9d8    00000040     drivers_msp432p401x.aem4f : Capture.oem4f (.text:Capture_open)
                  0000aa18    00000040     msp432p4xx_driverlib.lib : gpio.o (.text:GPIO_setAsOutputPin)
                  0000aa58    00000040     grlib.a : string.obj (.text:Graphics_getNumberOfLeadingZeros)
                  0000aa98    00000040     drivers_msp432p401x.aem4f : I2C.oem4f (.text:I2C_open)
                  0000aad8    00000040                               : RingBuf.oem4f (.text:RingBuf_get)
                  0000ab18    00000040                               : SPI.oem4f (.text:SPI_open)
                  0000ab58    00000040                               : UARTMSP432.oem4f (.text:UARTMSP432_read)
                  0000ab98    00000040                               : UART.oem4f (.text:UART_open)
                  0000abd8    00000040     freertos_builds_MSP_EXP432P401R_release_ccs.lib : aeabi_portable.obj (.text:__aeabi_errno_addr)
                  0000ac18    00000040     msp432p4xx_driverlib.lib : spi.o (.text:is_A_Module)
                  0000ac58    00000040     drivers_msp432p401x.aem4f : UARTMSP432.oem4f (.text:perfChangeNotifyFxn)
                  0000ac98    00000040     rtsv7M4_T_le_v4SPD16_eabi.lib : u_divt2.asm.obj (.text)
                  0000acd8    0000003e     freertos_builds_MSP_EXP432P401R_release_ccs.lib : ClockP_freertos.obj (.text:ClockP_callbackFxn)
                  0000ad16    0000003e                                                     : pthread.obj (.text:pthread_setcancelstate)
                  0000ad54    0000003c                                                     : queue.obj (.text:prvCopyDataFromQueue)
                  0000ad90    0000003c                                                     : tasks.obj (.text:pvTaskGetThreadLocalStoragePointer)
                  0000adcc    0000003c                                                     : sleep.obj (.text:usleep)
                  0000ae08    0000003c                                                     : list.obj (.text:vListInsertEnd)
                  0000ae44    0000003c                                                     : timers.obj (.text:xTimerCreate)
                  0000ae80    0000003a                                                     : PowerMSP432_freertos.obj (.text:PowerMSP432_sleepPolicy)
                  0000aeba    0000003a     rtsv7M4_T_le_v4SPD16_eabi.lib : _printfi.c.obj (.text:_fcpy$20)
                  0000aef4    00000038     drivers_msp432p401x.aem4f : PowerMSP432.oem4f (.text:Power_setConstraint)
                  0000af2c    00000038     msp432p4xx_driverlib.lib : timer32.o (.text:Timer32_startTimer)
                  0000af64    00000038     utils.obj (.text:delay_us)
                  0000af9c    00000038     drivers_msp432p401x.aem4f : PowerMSP432.oem4f (.text:notify)
                  0000afd4    00000038     freertos_builds_MSP_EXP432P401R_release_ccs.lib : timers.obj (.text:prvGetNextExpireTime)
                  0000b00c    00000038                                                     : port.obj (.text:prvTaskExitError)
                  0000b044    00000038     rtsv7M4_T_le_v4SPD16_eabi.lib : fs_tod_t2.asm.obj (.text)
                  0000b07c    00000036     drivers_msp432p401x.aem4f : CaptureMSP432.oem4f (.text:CaptureMSP432_stop)
                  0000b0b2    00000036     grlib.a : display.obj (.text:Graphics_drawHorizontalLineOnDisplay)
                  0000b0e8    00000036     drivers_msp432p401x.aem4f : UARTMSP432.oem4f (.text:UARTMSP432_readCancel)
                  0000b11e    00000036     freertos_builds_MSP_EXP432P401R_release_ccs.lib : timers.obj (.text:prvReloadTimer)
                  0000b154    00000034     TempSensorProxy.obj (.text:Capture_Callback)
                  0000b188    00000034     display.aem4f : DisplaySharp.oem4f (.text:DisplaySharp_close)
                  0000b1bc    00000034     drivers_msp432p401x.aem4f : GPIOMSP432.oem4f (.text:GPIO_clearInt)
                  0000b1f0    00000034                               : GPIOMSP432.oem4f (.text:GPIO_disableInt)
                  0000b224    00000034                               : GPIOMSP432.oem4f (.text:GPIO_enableInt)
                  0000b258    00000034     freertos_builds_MSP_EXP432P401R_release_ccs.lib : SemaphoreP_freertos.obj (.text:SemaphoreP_pend)
                  0000b28c    00000034     msp432p4xx_driverlib.lib : timer32.o (.text:Timer32_setCount)
                  0000b2c0    00000034                              : timer_a.o (.text:Timer_A_configureContinuousMode)
                  0000b2f4    00000034     rtsv7M4_T_le_v4SPD16_eabi.lib : boot_cortex_m.c.obj (.text:_c_int00_noargs:_c_int00_noargs)
                  0000b328    00000034     freertos_builds_MSP_EXP432P401R_release_ccs.lib : timers.obj (.text:prvSampleTimeNow)
                  0000b35c    00000034                                                     : tasks.obj (.text:vTaskPlaceOnEventList)
                  0000b390    00000030     msp432p4xx_driverlib.lib : cs.o (.text:CS_clearInterruptFlag)
                  0000b3c0    00000030     LCDdisplayClient.obj (.text:DisplayClient_turnOffLCDbacklight)
                  0000b3f0    00000030     LCDdisplayI2C.obj (.text:DisplayI2C_send)
                  0000b420    00000030     LCDdisplayProxy.obj (.text:LCD_setCursor)
                  0000b450    00000030     freertos_builds_MSP_EXP432P401R_release_ccs.lib : SystemP_freertos.obj (.text:SystemP_snprintf)
                  0000b480    00000030     drivers_msp432p401x.aem4f : CaptureMSP432.oem4f (.text:mapPin)
                  0000b4b0    00000030                               : I2CMSP432.oem4f (.text:mapPin)
                  0000b4e0    00000030                               : SPIMSP432DMA.oem4f (.text:mapPin)
                  0000b510    00000030                               : UARTMSP432.oem4f (.text:mapPin)
                  0000b540    00000030     freertos_builds_MSP_EXP432P401R_release_ccs.lib : tasks.obj (.text:prvResetNextTaskUnblockTime)
                  0000b570    00000030     rtsv7M4_T_le_v4SPD16_eabi.lib : sprintf.c.obj (.text:sprintf)
                  0000b5a0    00000030     freertos_builds_MSP_EXP432P401R_release_ccs.lib : list.obj (.text:vListInitialise)
                  0000b5d0    00000030                                                     : port.obj (.text:vPortExitCritical)
                  0000b600    00000030                                                     : tasks.obj (.text:xTaskGetSchedulerState)
                  0000b630    0000002e     display.aem4f : SharpGrLib.oem4f (.text:SharpGrLib_initializeDisplayBuffer)
                  0000b65e    0000002e     freertos_builds_MSP_EXP432P401R_release_ccs.lib : SystemP_freertos.obj (.text:putChar)
                  0000b68c    0000002e                                                     : timers.obj (.text:pvTimerGetTimerID)
                  0000b6ba    0000002e     rtsv7M4_T_le_v4SPD16_eabi.lib : i_tofd_t2.asm.obj (.text)
                  0000b6e8    0000002c     grlib.a : display.obj (.text:Graphics_drawPixelOnDisplay)
                  0000b714    0000002c     freertos_builds_MSP_EXP432P401R_release_ccs.lib : HwiPMSP432_freertos.obj (.text:HwiP_disable)
                  0000b740    0000002c                                                     : SemaphoreP_freertos.obj (.text:SemaphoreP_createBinary)
                  0000b76c    0000002c     msp432p4xx_driverlib.lib : timer_a.o (.text:Timer_A_clearCaptureCompareInterrupt)
                  0000b798    0000002c                              : timer_a.o (.text:Timer_A_disableCaptureCompareInterrupt)
                  0000b7c4    0000002c                              : timer_a.o (.text:Timer_A_enableCaptureCompareInterrupt)
                  0000b7f0    0000002c     rtsv7M4_T_le_v4SPD16_eabi.lib : ull_tofd_t2.asm.obj (.text)
                  0000b81c    0000002c     freertos_builds_MSP_EXP432P401R_release_ccs.lib : tasks.obj (.text:vTaskSetApplicationTaskTag)
                  0000b848    0000002c                                                     : port.obj (.text:xPortSysTickHandler)
                  0000b874    0000002a     display.aem4f : DisplayUart.oem4f (.text:DisplayUartAnsi_clear)
                  0000b89e    0000002a                   : Display.oem4f (.text:Display_doPrintf)
                  0000b8c8    0000002a     drivers_msp432p401x.aem4f : SPIMSP432DMA.oem4f (.text:perfChangeNotifyFxn)
                  0000b8f2    00000002     --HOLE-- [fill = 0]
                  0000b8f4    00000028     msp432p4xx_driverlib.lib : cs.o (.text:CS_getACLK)
                  0000b91c    00000028                              : cs.o (.text:CS_getHSMCLK)
                  0000b944    00000028                              : cs.o (.text:CS_getMCLK)
                  0000b96c    00000028                              : cs.o (.text:CS_getSMCLK)
                  0000b994    00000028     display.aem4f : Display.oem4f (.text:Display_doInit)
                  0000b9bc    00000028     msp432p4xx_driverlib.lib : gpio.o (.text:GPIO_setOutputHighOnPin)
                  0000b9e4    00000028                              : gpio.o (.text:GPIO_setOutputLowOnPin)
                  0000ba0c    00000028     freertos_builds_MSP_EXP432P401R_release_ccs.lib : HwiPMSP432_freertos.obj (.text:HwiP_inISR)
                  0000ba34    00000028     drivers_msp432p401x.aem4f : PowerMSP432.oem4f (.text:Power_registerNotify)
                  0000ba5c    00000028     msp432p4xx_driverlib.lib : spi.o (.text:SPI_getInterruptStatus)
                  0000ba84    00000028     drivers_msp432p401x.aem4f : PowerMSP432.oem4f (.text:disableFaultCounter)
                  0000baac    00000028                               : PowerMSP432.oem4f (.text:disableHFXT)
                  0000bad4    00000028                               : UARTMSP432.oem4f (.text:findBaudDividerIndex)
                  0000bafc    00000028     freertos_builds_MSP_EXP432P401R_release_ccs.lib : pthread.obj (.text:pthread_attr_setschedparam)
                  0000bb24    00000028                                                     : tasks.obj (.text:xTaskGetApplicationTaskTag)
                  0000bb4c    00000026     drivers_msp432p401x.aem4f : List.oem4f (.text:List_put)
                  0000bb72    00000026                               : List.oem4f (.text:List_remove)
                  0000bb98    00000026     freertos_builds_MSP_EXP432P401R_release_ccs.lib : pthread.obj (.text:_pthread_cleanup_pop)
                  0000bbbe    00000026                                                     : queue.obj (.text:prvIsQueueFull)
                  0000bbe4    00000024     display.aem4f : DisplaySharp.oem4f (.text:DisplaySharp_clear)
                  0000bc08    00000024                   : SharpGrLib.oem4f (.text:SharpGrLib_init)
                  0000bc2c    00000024     freertos_builds_MSP_EXP432P401R_release_ccs.lib : queue.obj (.text:prvGetDisinheritPriorityAfterTimeout)
                  0000bc50    00000024                                                     : queue.obj (.text:vQueueDelete)
                  0000bc74    00000024                                                     : tasks.obj (.text:vTaskInternalSetTimeOutState)
                  0000bc98    00000022                                                     : SemaphoreP_freertos.obj (.text:SemaphoreP_post)
                  0000bcba    00000022                                                     : SystemP_freertos.obj (.text:SystemP_vsnprintf)
                  0000bcdc    00000022     msp432p4xx_driverlib.lib : timer_a.o (.text:Timer_A_getCaptureCompareCount)
                  0000bcfe    00000022     freertos_builds_MSP_EXP432P401R_release_ccs.lib : pthread.obj (.text:pthread_attr_setdetachstate)
                  0000bd20    00000020     msp432p4xx_driverlib.lib : cs.o (.text:CS_getBCLK)
                  0000bd40    00000020                              : cs.o (.text:CS_setExternalClockSourceFrequency)
                  0000bd60    00000020     freertos_builds_MSP_EXP432P401R_release_ccs.lib : HwiPMSP432_freertos.obj (.text:HwiP_restore)
                  0000bd80    00000020     drivers_msp432p401x.aem4f : PowerMSP432.oem4f (.text:Power_unregisterNotify)
                  0000bda0    00000020                               : RingBuf.oem4f (.text:RingBuf_peek)
                  0000bdc0    00000020     freertos_builds_MSP_EXP432P401R_release_ccs.lib : queue.obj (.text:prvIsQueueEmpty)
                  0000bde0    0000001e                                                     : ClockP_freertos.obj (.text:ClockP_start)
                  0000bdfe    0000001e     grlib.a : display.obj (.text:Graphics_fillRectangleOnDisplay)
                  0000be1c    0000001e     freertos_builds_MSP_EXP432P401R_release_ccs.lib : HwiPMSP432_freertos.obj (.text:HwiP_Params_init)
                  0000be3a    0000001e     LCDdisplayProxy.obj (.text:LCD_write)
                  0000be58    0000001e     freertos_builds_MSP_EXP432P401R_release_ccs.lib : pthread.obj (.text:_pthread_runStub)
                  0000be76    0000001e     rtsv7M4_T_le_v4SPD16_eabi.lib : ll_lsl_t2.asm.obj (.text)
                  0000be94    0000001c     freertos_builds_MSP_EXP432P401R_release_ccs.lib : ClockP_freertos.obj (.text:ClockP_Params_init)
                  0000beb0    0000001c                                                     : ClockP_freertos.obj (.text:ClockP_usleep)
                  0000becc    0000001c     msp432p4xx_driverlib.lib : interrupt.o (.text:Interrupt_unregisterInterrupt)
                  0000bee8    0000001c     freertos_builds_MSP_EXP432P401R_release_ccs.lib : pthread.obj (.text:pthread_attr_init)
                  0000bf04    0000001c                                                     : tasks.obj (.text:pvTaskIncrementMutexHeldCount)
                  0000bf20    0000001a     grlib.a : display.obj (.text:Graphics_clearDisplayOnDisplay)
                  0000bf3a    0000001a             : context.obj (.text:Graphics_setBackgroundColor)
                  0000bf54    0000001a             : context.obj (.text:Graphics_setFont)
                  0000bf6e    0000001a     freertos_builds_MSP_EXP432P401R_release_ccs.lib : PTLS.obj (.text:PTLS_taskDeleteHook)
                  0000bf88    0000001a                                                     : timers.obj (.text:prvTimerTask)
                  0000bfa2    00000018     msp432p4xx_driverlib.lib : spi.o (.text:EUSCI_A_SPI_getInterruptStatus)
                  0000bfba    00000018                              : spi.o (.text:EUSCI_B_SPI_getInterruptStatus)
                  0000bfd2    00000018     drivers_msp432p401x.aem4f : I2C.oem4f (.text:I2C_transfer)
                  0000bfea    00000002     --HOLE-- [fill = 0]
                  0000bfec    00000018     display.aem4f : SharpGrLib.oem4f (.text:SharpGrLib_reverse)
                  0000c004    00000018     msp432p4xx_driverlib.lib : sysctl_a.o (.text:SysCtl_A_disableNMISource)
                  0000c01c    00000018                              : sysctl_a.o (.text:SysCtl_A_enableNMISource)
                  0000c034    00000018                              : timer_a.o (.text:Timer_A_clearTimer)
                  0000c04c    00000018     drivers_msp432p401x.aem4f : UART.oem4f (.text:UART_Params_init)
                  0000c064    00000018     rtsv7M4_T_le_v4SPD16_eabi.lib : sprintf.c.obj (.text:_outs$12)
                  0000c07c    00000018     MSP_EXP432P401R.obj (.text:dmaErrorHwi$5)
                  0000c094    00000018     freertos_builds_MSP_EXP432P401R_release_ccs.lib : memory.obj (.text:free)
                  0000c0ac    00000018                                                     : sched.obj (.text:sched_yield)
                  0000c0c4    00000016                                                     : ClockP_freertos.obj (.text:ClockP_setTimeout)
                  0000c0da    00000016     display.aem4f : DisplayUart.oem4f (.text:DisplayUartAnsi_close)
                  0000c0f0    00000016     grlib.a : context.obj (.text:Graphics_setForegroundColor)
                  0000c106    00000016             : display.obj (.text:Graphics_translateColorOnDisplay)
                  0000c11c    00000016     freertos_builds_MSP_EXP432P401R_release_ccs.lib : PTLS.obj (.text:PTLS_getBuf)
                  0000c132    00000016                                                     : PTLS.obj (.text:PTLS_setBuf)
                  0000c148    00000016                                                     : SemaphoreP_freertos.obj (.text:SemaphoreP_Params_init)
                  0000c15e    00000016     msp432p4xx_driverlib.lib : timer_a.o (.text:Timer_A_startCounter)
                  0000c174    00000016     rtsv7M4_T_le_v4SPD16_eabi.lib : strchr.c.obj (.text:strchr)
                  0000c18a    00000002     --HOLE-- [fill = 0]
                  0000c18c    00000014     drivers_msp432p401x.aem4f : PowerMSP432.oem4f (.text:Power_idleFunc)
                  0000c1a0    00000014                               : SPI.oem4f (.text:SPI_Params_init)
                  0000c1b4    00000014     msp432p4xx_driverlib.lib : timer_a.o (.text:Timer_A_stopTimer)
                  0000c1c8    00000014     drivers_msp432p401x.aem4f : UARTMSP432.oem4f (.text:clearTXCPTIFG)
                  0000c1dc    00000014     rtsv7M4_T_le_v4SPD16_eabi.lib : s_copysign.c.obj (.text:copysign)
                  0000c1f0    00000014     freertos_builds_MSP_EXP432P401R_release_ccs.lib : tasks.obj (.text:prvDeleteTCB)
                  0000c204    00000014                                                     : pthread.obj (.text:pthread_attr_setstacksize)
                  0000c218    00000014                                                     : pthread.obj (.text:pthread_self)
                  0000c22c    00000014                                                     : startup_msp432_ccs.obj (.text:resetISR)
                  0000c240    00000014     rtsv7M4_T_le_v4SPD16_eabi.lib : strlen.c.obj (.text:strlen)
                  0000c254    00000014     freertos_builds_MSP_EXP432P401R_release_ccs.lib : tasks.obj (.text:xTaskGetCurrentTaskHandle)
                  0000c268    00000014                                                     : tasks.obj (.text:xTaskGetTickCount)
                  0000c27c    00000012     grlib.a : context.obj (.text:Graphics_clearDisplay)
                  0000c28e    00000012             : display.obj (.text:Graphics_flushOnDisplay)
                  0000c2a0    00000012     freertos_builds_MSP_EXP432P401R_release_ccs.lib : HwiPMSP432_freertos.obj (.text:HwiP_delete)
                  0000c2b2    00000012     LCDdisplayProxy.obj (.text:LCD_display)
                  0000c2c4    00000012     drivers_msp432p401x.aem4f : RingBuf.oem4f (.text:RingBuf_construct)
                  0000c2d6    00000002     --HOLE-- [fill = 0]
                  0000c2d8    00000010                               : Capture.oem4f (.text:Capture_Params_init)
                  0000c2e8    00000010                               : I2C.oem4f (.text:I2C_Params_init)
                  0000c2f8    00000010                               : PowerMSP432.oem4f (.text:PowerMSP432_getNumPerfLevels)
                  0000c308    00000010                               : PowerMSP432.oem4f (.text:Power_enablePolicy)
                  0000c318    00000010     msp432p4xx_driverlib.lib : sysctl_a.o (.text:SysCtl_A_getNMISourceStatus)
                  0000c328    00000010                              : sysctl.o (.text:SysCtl_getNMISourceStatus)
                  0000c338    00000010     drivers_msp432p401x.aem4f : UARTMSP432.oem4f (.text:readBlockingTimeout)
                  0000c348    00000010     rtsv7M4_T_le_v4SPD16_eabi.lib : strcpy.c.obj (.text:strcpy)
                  0000c358    00000010     freertos_builds_MSP_EXP432P401R_release_ccs.lib : list.obj (.text:vListInitialiseItem)
                  0000c368    00000010                                                     : tasks.obj (.text:vTaskSuspendAll)
                  0000c378    0000000e     grlib.a : context.obj (.text:Graphics_flushBuffer)
                  0000c386    0000000e     msp432p4xx_driverlib.lib : timer32.o (.text:Timer32_getValue)
                  0000c394    0000000e     rtsv7M4_T_le_v4SPD16_eabi.lib : copy_decompress_none.c.obj (.text:decompress:none:__TI_decompress_none)
                  0000c3a2    0000000c     msp432p4xx_driverlib.lib : cpu.o (.text:CPU_cpsid)
                  0000c3ae    0000000c                              : cpu.o (.text:CPU_cpsie)
                  0000c3ba    0000000c     display.aem4f : Display.oem4f (.text:Display_doClear)
                  0000c3c6    0000000c     freertos_builds_MSP_EXP432P401R_release_ccs.lib : HwiPMSP432_freertos.obj (.text:HwiP_clearInterrupt)
                  0000c3d2    0000000c                                                     : HwiPMSP432_freertos.obj (.text:HwiP_disableInterrupt)
                  0000c3de    0000000c                                                     : HwiPMSP432_freertos.obj (.text:HwiP_enableInterrupt)
                  0000c3ea    00000002     --HOLE-- [fill = 0]
                  0000c3ec    0000000c     drivers_msp432p401x.aem4f : PowerMSP432.oem4f (.text:Power_getConstraintMask)
                  0000c3f8    0000000c                               : PowerMSP432.oem4f (.text:Power_getPerformanceLevel)
                  0000c404    0000000c                               : PowerMSP432.oem4f (.text:Power_setPolicy)
                  0000c410    0000000c     freertos_builds_MSP_EXP432P401R_release_ccs.lib : SemaphoreP_freertos.obj (.text:SemaphoreP_delete)
                  0000c41c    0000000c     rtsv7M4_T_le_v4SPD16_eabi.lib : copy_zero_init.c.obj (.text:decompress:ZI:__TI_zero_init)
                  0000c428    0000000c     freertos_builds_MSP_EXP432P401R_release_ccs.lib : tasks.obj (.text:vTaskMissedYield)
                  0000c434    0000000a     drivers_msp432p401x.aem4f : Capture.oem4f (.text:Capture_close)
                  0000c43e    0000000a                               : Capture.oem4f (.text:Capture_start)
                  0000c448    0000000a                               : Capture.oem4f (.text:Capture_stop)
                  0000c452    0000000a     freertos_builds_MSP_EXP432P401R_release_ccs.lib : PowerMSP432_freertos.obj (.text:PowerMSP432_updateFreqs)
                  0000c45c    0000000a     drivers_msp432p401x.aem4f : SPI.oem4f (.text:SPI_close)
                  0000c466    0000000a                               : SPI.oem4f (.text:SPI_transfer)
                  0000c470    0000000a     display.aem4f : SharpGrLib.oem4f (.text:SharpGrLib_colorTranslate)
                  0000c47a    0000000a     drivers_msp432p401x.aem4f : UART.oem4f (.text:UART_close)
                  0000c484    0000000a                               : UART.oem4f (.text:UART_control)
                  0000c48e    0000000a                               : UART.oem4f (.text:UART_write)
                  0000c498    0000000a     rtsv7M4_T_le_v4SPD16_eabi.lib : sprintf.c.obj (.text:_outc$12)
                  0000c4a2    0000000a     freertos_builds_MSP_EXP432P401R_release_ccs.lib : PowerMSP432_freertos.obj (.text:vPortSuppressTicksAndSleep)
                  0000c4ac    00000008     display.aem4f : DisplaySharp.oem4f (.text:DisplaySharp_getType)
                  0000c4b4    00000008     drivers_msp432p401x.aem4f : I2CMSP432.oem4f (.text:blockingTransferCallback)
                  0000c4bc    00000008                               : SPIMSP432DMA.oem4f (.text:blockingTransferCallback)
                  0000c4c4    00000008                               : UARTMSP432.oem4f (.text:readSemCallback)
                  0000c4cc    00000008                               : UARTMSP432.oem4f (.text:txcptEnabledStatus)
                  0000c4d4    00000008                               : UARTMSP432.oem4f (.text:writeSemCallback)
                  0000c4dc    00000006                               : CaptureMSP432.oem4f (.text:CaptureMSP432_control)
                  0000c4e2    00000006     display.aem4f : DisplayUart.oem4f (.text:DisplayUartAnsi_control)
                  0000c4e8    00000006                   : DisplayUart.oem4f (.text:DisplayUartAnsi_getType)
                  0000c4ee    00000006                   : Display.oem4f (.text:Display_doParamsInit)
                  0000c4f4    00000006     drivers_msp432p401x.aem4f : I2CMSP432.oem4f (.text:I2CMSP432_control)
                  0000c4fa    00000006                               : SPIMSP432DMA.oem4f (.text:SPIMSP432DMA_control)
                  0000c500    00000004                               : SPIMSP432DMA.oem4f (.text:SPIMSP432DMA_init)
                  0000c504    00000004     rtsv7M4_T_le_v4SPD16_eabi.lib : error.c.obj (.text:__abort_execution)
                  0000c508    00000004                                   : pre_init.c.obj (.text:_system_pre_init)
                  0000c50c    00000004                                   : exit.c.obj (.text:abort:abort)

.const     0    0000c9dc    000009aa     
                  0000c9dc    000002f8     grlib.a : fontfixed6x8.obj (.const:.string:g_pucFontFixed6x8Data)
                  0000ccd4    00000101     rtsv7M4_T_le_v4SPD16_eabi.lib : ctype.c.obj (.const:.string:_ctypes_)
                  0000cdd5    00000001     display.aem4f : Display.oem4f (.const:Display_defaultParams)
                  0000cdd6    00000002     --HOLE-- [fill = 0]
                  0000cdd8    000000c8     grlib.a : fontfixed6x8.obj (.const:g_sFontFixed6x8)
                  0000cea0    000000b0     MSP_EXP432P401R.obj (.const:uartMSP432Baudrates)
                  0000cf50    00000090     MSP_EXP432P401R.obj (.const:spiMSP432DMAHWAttrs)
                  0000cfe0    00000050     msp432p4xx_driverlib.lib : interrupt.o (.const:g_pulRegs)
                  0000d030    00000038     MSP_EXP432P401R.obj (.const:PowerMSP432_config)
                  0000d068    00000030     msp432p4xx_driverlib.lib : gpio.o (.const:GPIO_PORT_TO_BASE)
                  0000d098    00000030     MSP_EXP432P401R.obj (.const:SPI_config)
                  0000d0c8    0000002c     MSP_EXP432P401R.obj (.const:uartMSP432HWAttrs)
                  0000d0f4    00000028     drivers_msp432p401x.aem4f : UARTMSP432.oem4f (.const:UARTMSP432_fxnTable)
                  0000d11c    00000024                               : UART.oem4f (.const:UART_defaultParams)
                  0000d140    00000020     display.aem4f : DisplaySharp.oem4f (.const:DisplaySharp_fxnTable)
                  0000d160    00000020                   : DisplayUart.oem4f (.const:DisplayUartAnsi_fxnTable)
                  0000d180    00000020     drivers_msp432p401x.aem4f : SPI.oem4f (.const:SPI_defaultParams)
                  0000d1a0    00000020     display.aem4f : SharpGrLib.oem4f (.const:g_sharpFxns)
                  0000d1c0    00000020     drivers_msp432p401x.aem4f : UARTMSP432.oem4f (.const:staticFxnTable)
                  0000d1e0    00000018                               : CaptureMSP432.oem4f (.const:CaptureMSP432_captureFxnTable)
                  0000d1f8    00000018     MSP_EXP432P401R.obj (.const:Display_config)
                  0000d210    00000018     drivers_msp432p401x.aem4f : I2CMSP432.oem4f (.const:I2CMSP432_fxnTable)
                  0000d228    00000018                               : SPIMSP432DMA.oem4f (.const:SPIMSP432DMA_fxnTable)
                  0000d240    00000018     MSP_EXP432P401R.obj (.const:displaySharpHWattrs)
                  0000d258    00000014     MSP_EXP432P401R.obj (.const:GPIOMSP432_config)
                  0000d26c    00000014     MSP_EXP432P401R.obj (.const:captureMSP432HWAttrs)
                  0000d280    00000014     MSP_EXP432P401R.obj (.const:displayUartHWAttrs)
                  0000d294    00000014     MSP_EXP432P401R.obj (.const:i2cMSP432HWAttrs)
                  0000d2a8    00000010     LCDdisplayProxy.obj (.const:$P$T0$1$4)
                  0000d2b8    00000010     display.aem4f : SharpGrLib.oem4f (.const:.string:referse_data)
                  0000d2c8    00000010     drivers_msp432p401x.aem4f : I2C.oem4f (.const:I2C_defaultParams)
                  0000d2d8    0000000e     MSP_EXP432P401R.obj (.const)
                  0000d2e6    00000002     --HOLE-- [fill = 0]
                  0000d2e8    0000000c     MSP_EXP432P401R.obj (.const:Capture_config)
                  0000d2f4    0000000c     MSP_EXP432P401R.obj (.const:I2C_config)
                  0000d300    0000000c     MSP_EXP432P401R.obj (.const:UART_config)
                  0000d30c    0000000c     drivers_msp432p401x.aem4f : I2CMSP432.oem4f (.const:bitRates)
                  0000d318    0000000c                               : Capture.oem4f (.const:defaultParams)
                  0000d324    0000000c     MSP_EXP432P401R.obj (.const:udmaMSP432HWAttrs)
                  0000d330    00000008     MSP_EXP432P401R.obj (.const:UDMAMSP432_config)
                  0000d338    00000008     drivers_msp432p401x.aem4f : SPIMSP432DMA.oem4f (.const:frameFormat)
                  0000d340    00000008     freertos_builds_MSP_EXP432P401R_release_ccs.lib : port.obj (.const)
                  0000d348    00000008     msp432p4xx_driverlib.lib : interrupt.o (.const:g_pulDisRegs)
                  0000d350    00000008                              : interrupt.o (.const:g_pulEnRegs)
                  0000d358    00000008                              : interrupt.o (.const:g_pulUnpendRegs)
                  0000d360    00000007     display.aem4f : DisplayUart.oem4f (.const:.string:$P$T0$1)
                  0000d367    00000006     drivers_msp432p401x.aem4f : GPIOMSP432.oem4f (.const:.string:interruptType)
                  0000d36d    00000006                               : GPIOMSP432.oem4f (.const:.string:portInterruptIds)
                  0000d373    00000005                               : UARTMSP432.oem4f (.const:.string:parityTypes)
                  0000d378    00000004     freertos_builds_MSP_EXP432P401R_release_ccs.lib : pthread.obj (.const)
                  0000d37c    00000004                                                     : tasks.obj (.const)
                  0000d380    00000004     drivers_msp432p401x.aem4f : UARTMSP432.oem4f (.const:stopBits)
                  0000d384    00000002     freertos_builds_MSP_EXP432P401R_release_ccs.lib : pthread.obj (.const:.string)

.cinit     0    0000d388    00000120     
                  0000d388    000000e7     (.cinit..data.load) [load image, compression = lzss]
                  0000d46f    00000001     --HOLE-- [fill = 0]
                  0000d470    0000000c     (__TI_handler_table)
                  0000d47c    00000004     --HOLE-- [fill = 0]
                  0000d480    00000008     (.cinit..bss.load) [load image, compression = zero_init]
                  0000d488    00000008     (.cinit..vtable.load) [load image, compression = zero_init]
                  0000d490    00000018     (__TI_cinit_table)

.init_array 
*          0    00000000    00000000     UNINITIALIZED

.intvecs   0    00000000    00000144     
                  00000000    00000144     freertos_builds_MSP_EXP432P401R_release_ccs.lib : startup_msp432_ccs.obj (.intvecs:retain)

.TI.ramfunc 
*          0    0000c510    000004cc     RUN ADDR = 01009d84
                  0000c510    00000180     LCDdisplayClient.obj (.TI.ramfunc:displayLCDThread)
                  0000c690    00000150     DisplayConsole.obj (.TI.ramfunc:displayConsoleThread)
                  0000c7e0    000000fc     TempController.obj (.TI.ramfunc:temperatureControllerThread)
                  0000c8dc    00000064     Keypad.obj (.TI.ramfunc:keypadThread)
                  0000c940    0000002c     TempSensor.obj (.TI.ramfunc:temperatureReadingThread)
                  0000c96c    00000008     <whole-program> (.tramp.TempSensor_readTemp.1)
                  0000c974    00000008     <whole-program> (.tramp.TempSensor_init.1)
                  0000c97c    00000008     drivers_msp432p401x.aem4f : GPIOMSP432.oem4f (.tramp.GPIO_setCallback.1)
                  0000c984    00000008                               : GPIOMSP432.oem4f (.tramp.GPIO_setConfig.1)
                  0000c98c    00000008                               : GPIOMSP432.oem4f (.tramp.GPIO_init.1)
                  0000c994    00000008     freertos_builds_MSP_EXP432P401R_release_ccs.lib : queue.obj (.tramp.xQueueGenericSend.1)
                  0000c99c    00000008                                                     : memory.obj (.tramp.realloc.1)
                  0000c9a4    00000008     <whole-program> (.tramp._ZN33_INTERNAL_11_vla_alloc_c_be8bd49b21free_dead_allocationsEPv$13.1)
                  0000c9ac    00000008     <whole-program> (.tramp.__vla_dealloc.1)
                  0000c9b4    00000008     display.aem4f : Display.oem4f (.tramp.Display_doOpen.1)
                  0000c9bc    00000008     freertos_builds_MSP_EXP432P401R_release_ccs.lib : timers.obj (.tramp.xTimerGenericCommand.1)
                  0000c9c4    00000008     <whole-program> (.tramp.DisplayClient_showInfo.1)
                  0000c9cc    00000008     freertos_builds_MSP_EXP432P401R_release_ccs.lib : queue.obj (.tramp.xQueueReceive.1)
                  0000c9d4    00000008     <whole-program> (.tramp.mutate.1)

.binit     0    0000d4a8    00000010     
                  0000d4a8    00000010     (.binit)

.bss       0    20000000    00009261     UNINITIALIZED
                  20000000    00008000     freertos_builds_MSP_EXP432P401R_release_ccs.lib : heap_4.obj (.bss:ucHeap)
                  20008000    00000800     MSP_EXP432P401R.obj (.bss:sharpDisplayBuf$5)
                  20008800    00000400     MSP_EXP432P401R.obj (.bss:displayBuf$5)
                  20008c00    00000120     (.common:spiMSP432DMAObjects)
                  20008d20    000000c8     freertos_builds_MSP_EXP432P401R_release_ccs.lib : tasks.obj (.bss:pxReadyTasksLists)
                  20008de8    00000018     main_freertos.obj (.bss:$O2$$)
                  20008e00    00000100     MSP_EXP432P401R.obj (.bss:dmaControlTable$5)
                  20008f00    000000a8     TempSensorProxy.obj (.bss:$O1$$)
                  20008fa8    00000080     (.common:uartMSP432Objects)
                  20009028    00000050     (.common:i2cMSP432Objects)
                  20009078    00000044     (.common:displaySharpObject)
                  200090bc    00000030     drivers_msp432p401x.aem4f : GPIOMSP432.oem4f (.bss:gpioCallbackInfo)
                  200090ec    00000020                               : UDMAMSP432.oem4f (.bss:hwiFxnArgs)
                  2000910c    00000020                               : UDMAMSP432.oem4f (.bss:hwiFxnHandlers)
                  2000912c    00000020     (.common:uartMSP432RingBuffer)
                  2000914c    00000018     display.aem4f : SharpGrLib.oem4f (.bss:spiTrans)
                  20009164    00000018     (.common:captureMSP432Objects)
                  2000917c    00000014     freertos_builds_MSP_EXP432P401R_release_ccs.lib : timers.obj (.bss:xActiveTimerList1)
                  20009190    00000014                                                     : timers.obj (.bss:xActiveTimerList2)
                  200091a4    00000014                                                     : tasks.obj (.bss:xDelayedTaskList1)
                  200091b8    00000014                                                     : tasks.obj (.bss:xDelayedTaskList2)
                  200091cc    00000014                                                     : tasks.obj (.bss:xPendingReadyList)
                  200091e0    00000014                                                     : tasks.obj (.bss:xSuspendedTaskList)
                  200091f4    00000014                                                     : tasks.obj (.bss:xTasksWaitingTermination)
                  20009208    00000010     drivers_msp432p401x.aem4f : UDMAMSP432.oem4f (.bss:hwiHandles)
                  20009218    0000000c     (.common:displayUartObject)
                  20009224    00000008     display.aem4f : SharpGrLib.oem4f (.bss)
                  2000922c    00000008     freertos_builds_MSP_EXP432P401R_release_ccs.lib : tasks.obj (.bss)
                  20009234    00000008                                                     : timers.obj (.bss)
                  2000923c    00000008     msp432p4xx_driverlib.lib : cs.o (.bss)
                  20009244    00000008     freertos_builds_MSP_EXP432P401R_release_ccs.lib : heap_4.obj (.bss:xStart)
                  2000924c    00000004     drivers_msp432p401x.aem4f : GPIOMSP432.oem4f (.bss)
                  20009250    00000004     freertos_builds_MSP_EXP432P401R_release_ccs.lib : aeabi_portable.obj (.bss:main_reent)
                  20009254    00000004     drivers_msp432p401x.aem4f : TimerMSP432.oem4f (.bss:timerState)
                  20009258    00000004     (.common:gObj)
                  2000925c    00000004     (.common:kp)
                  20009260    00000001     (.common:udmaMSP432Object)

.data      0    20009264    00000b20     UNINITIALIZED
                  20009264    00000800     freertos_builds_MSP_EXP432P401R_release_ccs.lib : HwiPMSP432_freertos.obj (.data:HwiP_dispatchTable)
                  20009a64    00000140     drivers_msp432p401x.aem4f : PowerMSP432.oem4f (.data:PowerMSP432_perfLevels)
                  20009ba4    000000a0     MSP_EXP432P401R.obj (.data:myPerfLevels)
                  20009c44    00000034     freertos_builds_MSP_EXP432P401R_release_ccs.lib : tasks.obj (.data)
                  20009c78    00000034     MSP_EXP432P401R.obj (.data:gpioPinConfigs)
                  20009cac    0000002c     drivers_msp432p401x.aem4f : PowerMSP432.oem4f (.data:PowerMSP432_module)
                  20009cd8    00000018                               : CaptureMSP432.oem4f (.data:captureModeConfig)
                  20009cf0    00000018     freertos_builds_MSP_EXP432P401R_release_ccs.lib : heap_4.obj (.data)
                  20009d08    00000018                                                     : port.obj (.data)
                  20009d20    00000014                                                     : pthread.obj (.data:defaultPthreadAttrs)
                  20009d34    00000010     drivers_msp432p401x.aem4f : CaptureMSP432.oem4f (.data:continuousModeConfig)
                  20009d44    00000010                               : UDMAMSP432.oem4f (.data)
                  20009d54    00000010     MSP_EXP432P401R.obj (.data:gpioCallbackFunctions)
                  20009d64    0000000c     freertos_builds_MSP_EXP432P401R_release_ccs.lib : timers.obj (.data)
                  20009d70    00000004                                                     : ClockP_freertos.obj (.data)
                  20009d74    00000004                                                     : HwiPMSP432_freertos.obj (.data)
                  20009d78    00000004     rtsv7M4_T_le_v4SPD16_eabi.lib : vla_alloc.c.obj (.data)
                  20009d7c    00000002     display.aem4f : SharpGrLib.oem4f (.data)
                  20009d7e    00000002     drivers_msp432p401x.aem4f : GPIOMSP432.oem4f (.data)
                  20009d80    00000001                               : Capture.oem4f (.data)
                  20009d81    00000001                               : I2C.oem4f (.data)
                  20009d82    00000001                               : SPI.oem4f (.data)
                  20009d83    00000001                               : UART.oem4f (.data)

.vtable    0    2000a400    000000e8     UNINITIALIZED
                  2000a400    000000e8     msp432p4xx_driverlib.lib : interrupt.o (.vtable)

.stack     0    2000fc00    00000400     UNINITIALIZED
                  2000fc00    00000004     rtsv7M4_T_le_v4SPD16_eabi.lib : boot_cortex_m.c.obj (.stack)
                  2000fc04    000003fc     --HOLE--

__llvm_prf_cnts 
*          0    20000000    00000000     UNINITIALIZED

MODULE SUMMARY

       Module                                   code    ro data   rw data
       ------                                   ----    -------   -------
    .\
       MSP_EXP432P401R.obj                      356     666       7112   
       LCDdisplayClient.obj                     1536    0         0      
       DisplayConsole.obj                       1008    0         0      
       TempSensor.obj                           884     0         0      
       TempController.obj                       756     0         0      
       main_freertos.obj                        630     0         48     
       TempSensorProxy.obj                      52      0         336    
       Keypad.obj                               376     0         0      
       LCDdisplayProxy.obj                      220     16        0      
       utils.obj                                56      0         0      
       LCDdisplayI2C.obj                        48      0         0      
    +--+----------------------------------------+-------+---------+---------+
       Total:                                   5922    682       7496   
                                                                         
    C:\Users\aaron\AppData\Local\Temp\
       {F893FBAA-BFAD-4505-80FE-818475198497}   144     0         1282   
    +--+----------------------------------------+-------+---------+---------+
       Total:                                   144     0         1282   
                                                                         
    C:/ti/ccs1110/ccs/workspace/freertos_builds_MSP_EXP432P401R_release_ccs/Debug/freertos_builds_MSP_EXP432P401R_release_ccs.lib
       heap_4.obj                               952     0         65600  
       tasks.obj                                5392    4         720    
       HwiPMSP432_freertos.obj                  368     0         4104   
       queue.obj                                3328    0         0      
       timers.obj                               1452    0         120    
       SystemP_freertos.obj                     1498    0         0      
       pthread.obj                              798     6         40     
       port.obj                                 764     8         48     
       ClockP_freertos.obj                      626     0         8      
       startup_msp432_ccs.obj                   26      324       0      
       list.obj                                 298     0         0      
       SemaphoreP_freertos.obj                  250     0         0      
       portasm.obj                              218     0         0      
       memory.obj                               216     0         0      
       sleep.obj                                132     0         0      
       PowerMSP432_freertos.obj                 80      0         0      
       aeabi_portable.obj                       64      0         8      
       PTLS.obj                                 70      0         0      
       sched.obj                                24      0         0      
    +--+----------------------------------------+-------+---------+---------+
       Total:                                   16556   342       70648  
                                                                         
    C:/ti/simplelink_msp432p4_sdk_3_40_01_02/source/ti/devices/msp432p4xx/driverlib/ccs/msp432p4xx_driverlib.lib
       cs.o                                     1674    0         16     
       interrupt.o                              550     104       464    
       timer_a.o                                696     0         0      
       gpio.o                                   368     48        0      
       spi.o                                    328     0         0      
       uart.o                                   284     0         0      
       dma.o                                    240     0         0      
       timer32.o                                226     0         0      
       sysctl_a.o                               212     0         0      
       i2c.o                                    108     0         0      
       cpu.o                                    24      0         0      
       sysctl.o                                 16      0         0      
    +--+----------------------------------------+-------+---------+---------+
       Total:                                   4726    152       480    
                                                                         
    C:/ti/simplelink_msp432p4_sdk_3_40_01_02/source/ti/display/lib/display.aem4f
       SharpGrLib.oem4f                         1112    48        68     
       DisplaySharp.oem4f                       792     32        0      
       DisplayUart.oem4f                        576     39        0      
       Display.oem4f                            216     1         0      
    +--+----------------------------------------+-------+---------+---------+
       Total:                                   2696    120       68     
                                                                         
    C:/ti/simplelink_msp432p4_sdk_3_40_01_02/source/ti/drivers/lib/drivers_msp432p401x.aem4f
       UARTMSP432.oem4f                         3406    81        0      
       PowerMSP432.oem4f                        2224    0         728    
       I2CMSP432.oem4f                          2028    36        0      
       SPIMSP432DMA.oem4f                       1894    32        0      
       GPIOMSP432.oem4f                         1056    12        108    
       UDMAMSP432.oem4f                         900     0         192    
       CaptureMSP432.oem4f                      702     24        80     
       UART.oem4f                               186     36        2      
       TimerMSP432.oem4f                        204     0         8      
       SPI.oem4f                                172     32        2      
       Capture.oem4f                            178     12        2      
       I2C.oem4f                                172     16        2      
       RingBuf.oem4f                            184     0         0      
       List.oem4f                               76      0         0      
    +--+----------------------------------------+-------+---------+---------+
       Total:                                   13382   281       1124   
                                                                         
    C:/ti/simplelink_msp432p4_sdk_3_40_01_02/source/ti/grlib/lib/ccs/m4f/grlib.a
       string.obj                               1214    0         0      
       fontfixed6x8.obj                         0       960       0      
       rectangle.obj                            274     0         0      
       display.obj                              194     0         0      
       context.obj                              188     0         0      
       line.obj                                 156     0         0      
    +--+----------------------------------------+-------+---------+---------+
       Total:                                   2026    960       0      
                                                                         
    C:\ti\ccs1110\ccs\tools\compiler\ti-cgt-arm_20.2.5.LTS\lib\rtsv7M4_T_le_v4SPD16_eabi.lib
       _printfi.c.obj                           4847    0         0      
       fd_add_t2.asm.obj                        438     0         0      
       fd_div_t2.asm.obj                        310     0         0      
       s_scalbn.c.obj                           272     0         0      
       fd_cmp_t2.asm.obj                        268     0         0      
       ctype.c.obj                              0       257       0      
       fd_mul_t2.asm.obj                        252     0         0      
       vla_alloc.c.obj                          240     0         8      
       memcpy_t2.asm.obj                        156     0         0      
       ull_div_t2.asm.obj                       150     0         0      
       memset_t2.asm.obj                        122     0         0      
       fd_tos_t2.asm.obj                        110     0         0      
       copy_decompress_lzss.c.obj               104     0         0      
       s_frexp.c.obj                            100     0         0      
       _ltoa.c.obj                              84      0         0      
       autoinit.c.obj                           84      0         0      
       sprintf.c.obj                            82      0         0      
       atoi.c.obj                               76      0         0      
       cpy_tbl.c.obj                            76      0         0      
       fd_toi_t2.asm.obj                        72      0         0      
       fd_tou_t2.asm.obj                        68      0         0      
       u_divt2.asm.obj                          64      0         0      
       fs_tod_t2.asm.obj                        56      0         0      
       boot_cortex_m.c.obj                      52      0         0      
       i_tofd_t2.asm.obj                        46      0         0      
       ull_tofd_t2.asm.obj                      44      0         0      
       ll_lsl_t2.asm.obj                        30      0         0      
       strchr.c.obj                             22      0         0      
       s_copysign.c.obj                         20      0         0      
       strlen.c.obj                             20      0         0      
       strcpy.c.obj                             16      0         0      
       copy_decompress_none.c.obj               14      0         0      
       copy_zero_init.c.obj                     12      0         0      
       error.c.obj                              4       0         0      
       exit.c.obj                               4       0         0      
       pre_init.c.obj                           4       0         0      
       div0.asm.obj                             2       0         0      
    +--+----------------------------------------+-------+---------+---------+
       Total:                                   8321    257       8      
                                                                         
       Stack:                                   0       0         2048   
       Linker Generated:                        0       299       0      
    +--+----------------------------------------+-------+---------+---------+
       Grand Total:                             53773   3093      83154  


LINKER GENERATED COPY TABLES

__TI_cinit_table @ 0000d490 records: 3, size/record: 8, table size: 24
	.data: load addr=0000d388, load size=000000e7 bytes, run addr=20009264, run size=00000b20 bytes, compression=lzss
	.bss: load addr=0000d480, load size=00000008 bytes, run addr=20000000, run size=00009261 bytes, compression=zero_init
[...]
00007129  UARTMSP432_writePolling                   
000071dd  xTaskCheckForTimeOut                      
00007343  SPI_initMaster                            
000074a1  DisplayUartAnsi_clearLines                
0000754d  GPIO_init                                 
000075f9  I2CMSP432_cancel                          
0000774f  UARTMSP432_write                          
000077f7  vApplicationMallocFailedHook              
00007949  vPortFree                                 
000079f1  DisplayUartAnsi_open                      
00007a99  ClockP_create                             
00007bd9  DisplayUartAnsi_vprintf                   
00007c79  Graphics_drawLineH                        
00007d15  Power_init                                
00007db1  __aeabi_memcpy                            
00007db1  __aeabi_memcpy4                           
00007db1  __aeabi_memcpy8                           
00007db1  memcpy                                    
00007e4d  vTaskStartScheduler                       
00007ee9  __aeabi_uldivmod                          
00007f7f  vApplicationStackOverflowHook             
00007f81  SysCtl_A_getTLVInfo                       
00008015  UDMAMSP432_init                           
000080a9  UDMAMSP432_open                           
0000813d  UARTMSP432_close                          
0000840d  GPIO_setAsPeripheralModuleFunctionInputPin
0000851d  __aeabi_cdcmpeq                           
0000851d  __aeabi_cdcmple                           
000085a3  __aeabi_cdrcmple                          
00008735  xTimerGenericCommand                      
000087b9  xQueueGenericCreate                       
0000883d  Interrupt_disableInterrupt                
000088bd  Interrupt_enableInterrupt                 
000089b9  mutate                                    
00008aaf  __aeabi_memclr                            
00008aaf  __aeabi_memclr4                           
00008aaf  __aeabi_memclr8                           
00008ab1  __aeabi_memset                            
00008ab1  __aeabi_memset4                           
00008ab1  __aeabi_memset8                           
00008ab7  memset                                    
00008b29  xTaskCreate                               
00008ba5  TimerMSP432_allocateTimerResource         
00008c95  __vla_dealloc                             
00008d85  vPortSetupTimerInterrupt                  
00008dfd  vTaskPlaceOnEventListRestricted           
00008e75  I2CMSP432_close                           
00008f61  vPortValidateInterruptPriority            
00008fd5  UARTMSP432_writeCancel                    
000090b5  __aeabi_d2f                               
00009125  I2C_masterSendMultiByteFinish             
00009191  TempSensor_init                           
00009269  CaptureMSP432_start                       
000092d1  GPIO_hwiIntFxn                            
00009339  PowerMSP432_getFreqs                      
000093a1  Timer32_initModule                        
00009409  __TI_decompress_lzss                      
000094d9  realloc                                   
0000953f  vListInsert                               
000095a5  ClockP_stop                               
00009609  SPIMSP432DMA_close                        
0000966d  frexp                                     
0000966d  frexpl                                    
000097f9  GPIO_setCallback                          
00009859  HwiP_create                               
00009919  pxPortInitialiseStack                     
00009979  Display_doOpen                            
000099d5  Interrupt_registerInterrupt               
00009a31  pthread_exit                              
00009a8d  vQueueWaitForMessageRestricted            
00009ae9  vTaskDelay                                
00009b45  DisplaySharp_clearLines                   
00009ba1  GPIO_setAsInputPinWithPullUpResistor      
00009bf9  GPIO_write                                
00009c51  Interrupt_unpendInterrupt                 
00009d01  Timer_A_initCapture                       
00009e09  SemaphoreP_create                         
00009f0d  ClockP_delete                             
00009f61  Interrupt_setPriority                     
00009fb5  TimerMSP432_freeTimerResource             
0000a009  __TI_auto_init_nopinit                    
0000a05d  __TI_ltoa                                 
0000a0b1  xTimerCreateTimerTask                     
0000a105  Graphics_initContext                      
0000a1f9  CaptureMSP432_close                       
0000a249  Keypad_InterruptHandler                   
0000a295  atoi                                      
0000a2e1  copy_in                                   
0000a45d  vPortEnterCritical                        
0000a4a9  vTaskSetThreadLocalStoragePointer         
0000a4f5  HwiP_dispatch                             
0000a53d  Power_releaseConstraint                   
0000a5cd  __aeabi_d2iz                              
0000a615  sleep                                     
0000a65d  uxListRemove                              
0000a6a5  RingBuf_put                               
0000a731  xQueueCreateCountingSemaphore             
0000a779  Capture_init                              
0000a7bd  I2C_init                                  
0000a801  SPI_init                                  
0000a845  UART_init                                 
0000a911  __aeabi_d2uiz                             
0000a997  malloc                                    
0000a9d9  Capture_open                              
0000aa19  GPIO_setAsOutputPin                       
0000aa99  I2C_open                                  
0000aad9  RingBuf_get                               
0000ab19  SPI_open                                  
0000ab59  UARTMSP432_read                           
0000ab99  UART_open                                 
0000abd9  __aeabi_errno_addr                        
0000ac99  __aeabi_uidiv                             
0000ac99  __aeabi_uidivmod                          
0000acd9  ClockP_callbackFxn                        
0000ad17  pthread_setcancelstate                    
0000ad91  pvTaskGetThreadLocalStoragePointer        
0000adcd  usleep                                    
0000ae09  vListInsertEnd                            
0000ae45  xTimerCreate                              
0000ae81  PowerMSP432_sleepPolicy                   
0000aef5  Power_setConstraint                       
0000af2d  Timer32_startTimer                        
0000af65  delay_us                                  
0000b045  __aeabi_f2d                               
0000b07d  CaptureMSP432_stop                        
0000b0b3  Graphics_drawHorizontalLineOnDisplay      
0000b0e9  UARTMSP432_readCancel                     
0000b155  Capture_Callback                          
0000b189  DisplaySharp_close                        
0000b1bd  GPIO_clearInt                             
0000b1f1  GPIO_disableInt                           
0000b225  GPIO_enableInt                            
0000b259  SemaphoreP_pend                           
0000b28d  Timer32_setCount                          
0000b2c1  Timer_A_configureContinuousMode           
0000b2f5  _c_int00_noargs                           
0000b35d  vTaskPlaceOnEventList                     
0000b391  CS_clearInterruptFlag                     
0000b3c1  DisplayClient_turnOffLCDbacklight         
0000b3f1  DisplayI2C_send                           
0000b421  LCD_setCursor                             
0000b451  SystemP_snprintf                          
0000b571  sprintf                                   
0000b5a1  vListInitialise                           
0000b5d1  vPortExitCritical                         
0000b601  xTaskGetSchedulerState                    
0000b68d  pvTimerGetTimerID                         
0000b6bb  __aeabi_i2d                               
0000b6e9  Graphics_drawPixelOnDisplay               
0000b715  HwiP_disable                              
0000b741  SemaphoreP_createBinary                   
0000b76d  Timer_A_clearCaptureCompareInterrupt      
0000b799  Timer_A_disableCaptureCompareInterrupt    
0000b7c5  Timer_A_enableCaptureCompareInterrupt     
0000b7f1  __aeabi_ul2d                              
0000b81d  vTaskSetApplicationTaskTag                
0000b849  xPortSysTickHandler                       
0000b875  DisplayUartAnsi_clear                     
0000b89f  Display_doPrintf                          
0000b8f5  CS_getACLK                                
0000b91d  CS_getHSMCLK                              
0000b945  CS_getMCLK                                
0000b96d  CS_getSMCLK                               
0000b995  Display_doInit                            
0000b9bd  GPIO_setOutputHighOnPin                   
0000b9e5  GPIO_setOutputLowOnPin                    
0000ba0d  HwiP_inISR                                
0000ba35  Power_registerNotify                      
0000ba5d  SPI_getInterruptStatus                    
0000bafd  pthread_attr_setschedparam                
0000bb25  xTaskGetApplicationTaskTag                
0000bb4d  List_put                                  
0000bb73  List_remove                               
0000bb99  _pthread_cleanup_pop                      
0000bbe5  DisplaySharp_clear                        
0000bc09  SharpGrLib_init                           
0000bc51  vQueueDelete                              
0000bc75  vTaskInternalSetTimeOutState              
0000bc99  SemaphoreP_post                           
0000bcbb  SystemP_vsnprintf                         
0000bcdd  Timer_A_getCaptureCompareCount            
0000bcff  pthread_attr_setdetachstate               
0000bd21  CS_getBCLK                                
0000bd41  CS_setExternalClockSourceFrequency        
0000bd61  HwiP_restore                              
0000bd81  Power_unregisterNotify                    
0000bda1  RingBuf_peek                              
0000bde1  ClockP_start                              
0000bdff  Graphics_fillRectangleOnDisplay           
0000be1d  HwiP_Params_init                          
0000be3b  LCD_write                                 
0000be77  __aeabi_llsl                              
0000be95  ClockP_Params_init                        
0000beb1  ClockP_usleep                             
0000becd  Interrupt_unregisterInterrupt             
0000bee9  pthread_attr_init                         
0000bf05  pvTaskIncrementMutexHeldCount             
0000bf21  Graphics_clearDisplayOnDisplay            
0000bf3b  Graphics_setBackgroundColor               
0000bf55  Graphics_setFont                          
0000bf6f  PTLS_taskDeleteHook                       
0000bfa3  EUSCI_A_SPI_getInterruptStatus            
0000bfbb  EUSCI_B_SPI_getInterruptStatus            
0000bfd3  I2C_transfer                              
0000c005  SysCtl_A_disableNMISource                 
0000c01d  SysCtl_A_enableNMISource                  
0000c035  Timer_A_clearTimer                        
0000c04d  UART_Params_init                          
0000c095  free                                      
0000c0ad  sched_yield                               
0000c0c5  ClockP_setTimeout                         
0000c0db  DisplayUartAnsi_close                     
0000c0f1  Graphics_setForegroundColor               
0000c107  Graphics_translateColorOnDisplay          
0000c11d  PTLS_getBuf                               
0000c133  PTLS_setBuf                               
0000c149  SemaphoreP_Params_init                    
0000c15f  Timer_A_startCounter                      
0000c175  strchr                                    
0000c18d  Power_idleFunc                            
0000c1a1  SPI_Params_init                           
0000c1b5  Timer_A_stopTimer                         
0000c1dd  copysign                                  
0000c1dd  copysignl                                 
0000c205  pthread_attr_setstacksize                 
0000c219  pthread_self                              
0000c22d  resetISR                                  
0000c241  strlen                                    
0000c255  xTaskGetCurrentTaskHandle                 
0000c269  xTaskGetTickCount                         
0000c27d  Graphics_clearDisplay                     
0000c28f  Graphics_flushOnDisplay                   
0000c2a1  HwiP_delete                               
0000c2b3  LCD_display                               
0000c2c5  RingBuf_construct                         
0000c2d9  Capture_Params_init                       
0000c2e9  I2C_Params_init                           
0000c2f9  PowerMSP432_getNumPerfLevels              
0000c309  Power_enablePolicy                        
0000c319  SysCtl_A_getNMISourceStatus               
0000c329  SysCtl_getNMISourceStatus                 
0000c349  strcpy                                    
0000c359  vListInitialiseItem                       
0000c369  vTaskSuspendAll                           
0000c379  Graphics_flushBuffer                      
0000c387  Timer32_getValue                          
0000c395  __TI_decompress_none                      
0000c3a3  CPU_cpsid                                 
0000c3af  CPU_cpsie                                 
0000c3bb  Display_doClear                           
0000c3c7  HwiP_clearInterrupt                       
0000c3d3  HwiP_disableInterrupt                     
0000c3df  HwiP_enableInterrupt                      
0000c3ed  Power_getConstraintMask                   
0000c3f9  Power_getPerformanceLevel                 
0000c405  Power_setPolicy                           
0000c411  SemaphoreP_delete                         
0000c41d  __TI_zero_init                            
0000c429  vTaskMissedYield                          
0000c435  Capture_close                             
0000c43f  Capture_start                             
0000c449  Capture_stop                              
0000c453  PowerMSP432_updateFreqs                   
0000c45d  SPI_close                                 
0000c467  SPI_transfer                              
0000c47b  UART_close                                
0000c485  UART_control                              
0000c48f  UART_write                                
0000c4a3  vPortSuppressTicksAndSleep                
0000c4ad  DisplaySharp_getType                      
0000c4dd  CaptureMSP432_control                     
0000c4e3  DisplayUartAnsi_control                   
0000c4e9  DisplayUartAnsi_getType                   
0000c4ef  Display_doParamsInit                      
0000c4f5  I2CMSP432_control                         
0000c4fb  SPIMSP432DMA_control                      
0000c501  SPIMSP432DMA_init                         
0000c505  __abort_execution                         
0000c509  _system_pre_init                          
0000c50d  C$$EXIT                                   
0000c50d  abort                                     
0000ccd4  _ctypes_                                  
0000cdd5  Display_defaultParams                     
0000cdd8  g_sFontFixed6x8                           
0000cea0  uartMSP432Baudrates                       
0000cf50  spiMSP432DMAHWAttrs                       
0000d030  PowerMSP432_config                        
0000d098  SPI_config                                
0000d0c8  uartMSP432HWAttrs                         
0000d0f4  UARTMSP432_fxnTable                       
0000d11c  UART_defaultParams                        
0000d140  DisplaySharp_fxnTable                     
0000d160  DisplayUartAnsi_fxnTable                  
0000d180  SPI_defaultParams                         
0000d1a0  g_sharpFxns                               
0000d1e0  CaptureMSP432_captureFxnTable             
0000d1f8  Display_config                            
0000d210  I2CMSP432_fxnTable                        
0000d228  SPIMSP432DMA_fxnTable                     
0000d240  displaySharpHWattrs                       
0000d258  GPIOMSP432_config                         
0000d26c  captureMSP432HWAttrs                      
0000d280  displayUartHWAttrs                        
0000d294  i2cMSP432HWAttrs                          
0000d2c8  I2C_defaultParams                         
0000d2d8  ADC_count                                 
0000d2d9  ADCBuf_count                              
0000d2da  Capture_count                             
0000d2db  Display_count                             
0000d2dc  I2C_count                                 
0000d2dd  I2CSlave_count                            
0000d2de  NVS_count                                 
0000d2df  PWM_count                                 
0000d2e0  SDFatFS_count                             
0000d2e1  SD_count                                  
0000d2e2  SPI_count                                 
0000d2e3  Timer_count                               
0000d2e4  UART_count                                
0000d2e5  Watchdog_count                            
0000d2e8  Capture_config                            
0000d2f4  I2C_config                                
0000d300  UART_config                               
0000d324  udmaMSP432HWAttrs                         
0000d330  UDMAMSP432_config                         
0000d340  ulMaxSyscallInterruptPriority             
0000d37c  uxTopUsedPriority                         
0000d388  __TI_static_base__                        
0000d470  __TI_Handler_Table_Base                   
0000d47c  __TI_Handler_Table_Limit                  
0000d490  __TI_CINIT_Base                           
0000d4a8  __TI_CINIT_Limit                          
0000d4a8  __TI_table_binit                          
0000d4a8  __binit__                                 
0000d4a8  binit                                     
01009d85  displayLCDThread                          
01009f05  displayConsoleThread                      
0100a055  temperatureControllerThread               
0100a151  keypadThread                              
0100a1b5  temperatureReadingThread                  
20000000  __start___llvm_prf_cnts                   
20000000  __stop___llvm_prf_cnts                    
20008c00  spiMSP432DMAObjects                       
20008de8  disp_hdl                                  
20008dec  qTReadToLCD                               
20008df0  qTReadToTCtrl                             
20008df4  qDispConsole                              
20008df8  qKeypadToTCtrl                            
20008dfc  qTCtrlToLCD                               
20008f00  capturedIntervalsPtr                      
20008f01  readingData                               
20008f04  capturedIntervals                         
20008fa8  uartMSP432Objects                         
20009028  i2cMSP432Objects                          
20009078  displaySharpObject                        
2000912c  uartMSP432RingBuffer                      
20009164  captureMSP432Objects                      
20009218  displayUartObject                         
20009258  gObj                                      
2000925c  kp                                        
20009260  udmaMSP432Object                          
20009264  HwiP_dispatchTable                        
20009a64  PowerMSP432_perfLevels                    
20009ba4  myPerfLevels                              
20009c44  pxCurrentTCB                              
20009c78  gpioPinConfigs                            
20009cac  PowerMSP432_module                        
20009d54  gpioCallbackFunctions                     
2000a400  g_pfnRAMVectors                           
2000fc00  __stack                                   
20010000  __STACK_END                               
4000480c  WDTCTL_SYM                                
ffffffff  __TI_pprof_out_hndl                       
ffffffff  __TI_prof_data_size                       
ffffffff  __TI_prof_data_start                      
ffffffff  __c_args__                                
UNDEFED   __mpu_init                                
UNDEFED   _system_post_cinit                        

[449 symbols]
