******************************************************************************
                  TI ARM Linker PC v20.2.5                     
******************************************************************************
>> Linked Fri Aug 26 00:46:26 2022

OUTPUT FILE NAME:   <Thermostat.out>
ENTRY POINT SYMBOL: "resetISR"  address: 0000c555


MEMORY CONFIGURATION

         name            origin    length      used     unused   attr    fill
----------------------  --------  ---------  --------  --------  ----  --------
  MAIN                  00000000   00040000  0000d37a  00032c86  R  X
  INFO                  00200000   00004000  00000000  00004000  R  X
  SRAM_CODE             01000000   00010000  0000a269  00005d97  RW X
  SRAM_DATA             20000000   00010000  0000a269  00005d97  RW  


SEGMENT ALLOCATION MAP

run origin  load origin   length   init length attrs members
----------  ----------- ---------- ----------- ----- -------
00000000    00000000    0000d380   0000d380    r-x
  00000000    00000000    00000144   00000144    r-- .intvecs
  00000144    00000144    0000c76c   0000c76c    r-x .text
  0000c8b0    0000c8b0    000009aa   000009aa    r-- .const
  0000d260    0000d260    00000120   00000120    r-- .cinit
20000000    20000000    00009d84   00000000    rw-
  20000000    20000000    00009261   00000000    rw- .bss
  20009264    20009264    00000b20   00000000    rw- .data
2000a000    2000a000    000000e8   00000000    rw-
  2000a000    2000a000    000000e8   00000000    rw- .vtable
2000fc00    2000fc00    00000400   00000000    rw-
  2000fc00    2000fc00    00000400   00000000    rw- .stack


SECTION ALLOCATION MAP

 output                                  attributes/
section   page    origin      length       input sections
--------  ----  ----------  ----------   ----------------
.text      0    00000144    0000c76c     
                  00000144    00000a4e     rtsv7M4_T_le_v4SPD16_eabi.lib : _printfi.c.obj (.text:__TI_printfi)
                  00000b92    00000002     drivers_msp432p401x.aem4f : CaptureMSP432.oem4f (.text:CaptureMSP432_init)
                  00000b94    000004a4     freertos_builds_MSP_EXP432P401R_release_ccs.lib : SystemP_freertos.obj (.text:doPrint)
                  00001038    0000047e     grlib.a : string.obj (.text:Graphics_drawString)
                  000014b6    00000002     display.aem4f : DisplaySharp.oem4f (.text:DisplaySharp_init)
                  000014b8    000002f8     drivers_msp432p401x.aem4f : PowerMSP432.oem4f (.text:Power_sleep)
                  000017b0    000002d0                               : UARTMSP432.oem4f (.text:UARTMSP432_open)
                  00001a80    0000028c                               : SPIMSP432DMA.oem4f (.text:SPIMSP432DMA_open)
                  00001d0c    00000288                               : PowerMSP432.oem4f (.text:initPerfControl)
                  00001f94    00000270     rtsv7M4_T_le_v4SPD16_eabi.lib : _printfi.c.obj (.text:_pconv_a)
                  00002204    000001f8     drivers_msp432p401x.aem4f : I2CMSP432.oem4f (.text:I2CMSP432_open)
                  000023fc    000001f0     freertos_builds_MSP_EXP432P401R_release_ccs.lib : tasks.obj (.text:xTaskIncrementTick)
                  000025ec    000001ec     TempSensorProxy.obj (.text:TempSensorProxy_access)
                  000027d8    000001e0     main_freertos.obj (.text:main)
                  000029b8    000001d0     rtsv7M4_T_le_v4SPD16_eabi.lib : _printfi.c.obj (.text:_pconv_g)
                  00002b88    000001d0     freertos_builds_MSP_EXP432P401R_release_ccs.lib : queue.obj (.text:xQueueSemaphoreTake)
                  00002d58    000001cc                                                     : tasks.obj (.text:xTaskResumeAll)
                  00002f24    000001b8                                                     : queue.obj (.text:xQueueGenericSend)
                  000030dc    000001b6     rtsv7M4_T_le_v4SPD16_eabi.lib : fd_add_t2.asm.obj (.text)
                  00003292    00000002     display.aem4f : DisplayUart.oem4f (.text:DisplayUartAnsi_init)
                  00003294    000001ac     freertos_builds_MSP_EXP432P401R_release_ccs.lib : heap_4.obj (.text:pvPortMalloc)
                  00003440    00000188                                                     : tasks.obj (.text:xTaskRemoveFromEventList)
                  000035c8    00000184     drivers_msp432p401x.aem4f : I2CMSP432.oem4f (.text:I2CMSP432_hwiIntFxn)
                  0000374c    0000017c     freertos_builds_MSP_EXP432P401R_release_ccs.lib : queue.obj (.text:xQueueReceive)
                  000038c8    00000170     drivers_msp432p401x.aem4f : GPIOMSP432.oem4f (.text:GPIO_setConfig)
                  00003a38    00000154     freertos_builds_MSP_EXP432P401R_release_ccs.lib : timers.obj (.text:prvProcessReceivedCommands)
                  00003b8c    0000014c     LCDdisplayClient.obj (.text:DisplayClient_showInfo)
                  00003cd8    0000014c     rtsv7M4_T_le_v4SPD16_eabi.lib : vla_alloc.c.obj (.text:__vla_alloc)
                  00003e24    00000148     freertos_builds_MSP_EXP432P401R_release_ccs.lib : tasks.obj (.text:vTaskPriorityDisinheritAfterTimeout)
                  00003f6c    00000144     msp432p4xx_driverlib.lib : timer_a.o (.text:privateTimer_AProcessClockSourceDivider)
                  000040b0    0000013c     rtsv7M4_T_le_v4SPD16_eabi.lib : _printfi.c.obj (.text:_pconv_e)
                  000041ec    0000013a     freertos_builds_MSP_EXP432P401R_release_ccs.lib : tasks.obj (.text:prvInitialiseNewTask)
                  00004326    00000002     drivers_msp432p401x.aem4f : I2CMSP432.oem4f (.text:I2CMSP432_init)
                  00004328    00000138     freertos_builds_MSP_EXP432P401R_release_ccs.lib : pthread.obj (.text:pthread_create)
                  00004460    00000136     rtsv7M4_T_le_v4SPD16_eabi.lib : fd_div_t2.asm.obj (.text)
                  00004596    00000002     msp432p4xx_driverlib.lib : interrupt.o (.text:IntDefaultHandler)
                  00004598    00000130     drivers_msp432p401x.aem4f : UDMAMSP432.oem4f (.text:setupInterrupt)
                  000046c8    0000012c                               : SPIMSP432DMA.oem4f (.text:SPIMSP432DMA_transfer)
                  000047f4    00000128     freertos_builds_MSP_EXP432P401R_release_ccs.lib : queue.obj (.text:xQueueGenericSendFromISR)
                  0000491c    00000124     rtsv7M4_T_le_v4SPD16_eabi.lib : _printfi.c.obj (.text:fcvt)
                  00004a40    00000120     freertos_builds_MSP_EXP432P401R_release_ccs.lib : tasks.obj (.text:xTaskPriorityInherit)
                  00004b60    0000011c     msp432p4xx_driverlib.lib : uart.o (.text:UART_initModule)
                  00004c7c    0000011c     drivers_msp432p401x.aem4f : I2CMSP432.oem4f (.text:primeTransfer)
                  00004d98    00000118     freertos_builds_MSP_EXP432P401R_release_ccs.lib : tasks.obj (.text:vTaskSuspend)
                  00004eb0    00000118                                                     : tasks.obj (.text:xTaskPriorityDisinherit)
                  00004fc8    00000112     grlib.a : rectangle.obj (.text:Graphics_fillRectangle)
                  000050da    00000002     freertos_builds_MSP_EXP432P401R_release_ccs.lib : PowerMSP432_freertos.obj (.text:PowerMSP432_initPolicy)
                  000050dc    00000110     rtsv7M4_T_le_v4SPD16_eabi.lib : s_scalbn.c.obj (.text:scalbn)
                  000051ec    0000010e     freertos_builds_MSP_EXP432P401R_release_ccs.lib : queue.obj (.text:xQueueGiveFromISR)
                  000052fa    00000002     drivers_msp432p401x.aem4f : UARTMSP432.oem4f (.text:UARTMSP432_init)
                  000052fc    0000010c                               : CaptureMSP432.oem4f (.text:CaptureMSP432_open)
                  00005408    00000108     freertos_builds_MSP_EXP432P401R_release_ccs.lib : tasks.obj (.text:vTaskDelete)
                  00005510    00000104     drivers_msp432p401x.aem4f : SPIMSP432DMA.oem4f (.text:SPIMSP432DMA_transferCancel)
                  00005614    00000104     msp432p4xx_driverlib.lib : cs.o (.text:_CSComputeCLKFrequency)
                  00005718    00000104     freertos_builds_MSP_EXP432P401R_release_ccs.lib : tasks.obj (.text:prvAddNewTaskToReadyList)
                  0000581c    00000104                                                     : queue.obj (.text:xQueueGenericReset)
                  00005920    000000fc     drivers_msp432p401x.aem4f : SPIMSP432DMA.oem4f (.text:configDMA)
                  00005a1c    000000fc     rtsv7M4_T_le_v4SPD16_eabi.lib : fd_mul_t2.asm.obj (.text)
                  00005b18    000000f8     msp432p4xx_driverlib.lib : cs.o (.text:CS_getDCOFrequency)
                  00005c10    000000f6     freertos_builds_MSP_EXP432P401R_release_ccs.lib : queue.obj (.text:xQueueReceiveFromISR)
                  00005d06    00000002                                                     : startup_msp432_ccs.obj (.text:defaultISR)
                  00005d08    000000f0     msp432p4xx_driverlib.lib : dma.o (.text:DMA_setChannelTransfer)
                  00005df8    000000f0     display.aem4f : DisplaySharp.oem4f (.text:DisplaySharp_open)
                  00005ee8    000000f0     drivers_msp432p401x.aem4f : I2CMSP432.oem4f (.text:I2CMSP432_transfer)
                  00005fd8    000000e8     freertos_builds_MSP_EXP432P401R_release_ccs.lib : tasks.obj (.text:prvAddCurrentTaskToDelayedList)
                  000060c0    000000e6     display.aem4f : SharpGrLib.oem4f (.text:SharpGrLib_rectFill)
                  000061a6    00000002     freertos_builds_MSP_EXP432P401R_release_ccs.lib : startup_msp432_ccs.obj (.text:faultISR)
                  000061a8    000000e4     msp432p4xx_driverlib.lib : cs.o (.text:CS_startHFXTWithTimeout)
                  0000628c    000000e4     display.aem4f : SharpGrLib.oem4f (.text:SharpGrLib_flush)
                  00006370    000000e0     msp432p4xx_driverlib.lib : cs.o (.text:CS_startLFXTWithTimeout)
                  00006450    000000dc     drivers_msp432p401x.aem4f : UARTMSP432.oem4f (.text:UARTMSP432_readPolling)
                  0000652c    000000dc                               : UDMAMSP432.oem4f (.text:UDMAMSP432_close)
                  00006608    000000dc     msp432p4xx_driverlib.lib : cs.o (.text:_CSGetHFXTFrequency)
                  000066e4    000000dc     TempController.obj (.text:temperatureControllerThread)
                  000067c0    000000dc     freertos_builds_MSP_EXP432P401R_release_ccs.lib : tasks.obj (.text:vTaskSwitchContext)
                  0000689c    000000da                                                     : portasm.obj (.text)
                  00006976    00000002                                                     : startup_msp432_ccs.obj (.text:nmiISR)
                  00006978    000000d0                                                     : port.obj (.text:xPortStartScheduler)
                  00006a48    000000ca     drivers_msp432p401x.aem4f : UARTMSP432.oem4f (.text:UARTMSP432_hwiIntFxn)
                  00006b12    00000002     rtsv7M4_T_le_v4SPD16_eabi.lib : div0.asm.obj (.text)
                  00006b14    000000bc     LCDdisplayClient.obj (.text:displayLCDThread)
                  00006bd0    000000bc     freertos_builds_MSP_EXP432P401R_release_ccs.lib : queue.obj (.text:prvCopyDataToQueue)
                  00006c8c    000000bc                                                     : heap_4.obj (.text:prvHeapInit)
                  00006d48    000000b8     display.aem4f : DisplaySharp.oem4f (.text:DisplaySharp_vprintf)
                  00006e00    000000b8     drivers_msp432p401x.aem4f : UARTMSP432.oem4f (.text:initHw)
                  00006eb8    000000b8                               : UARTMSP432.oem4f (.text:readTaskCallback)
                  00006f70    000000b6     freertos_builds_MSP_EXP432P401R_release_ccs.lib : SystemP_freertos.obj (.text:formatNum)
                  00007026    00000002     main_freertos.obj (.text:vApplicationMallocFailedHook)
                  00007028    000000b4     display.aem4f : DisplaySharp.oem4f (.text:DisplaySharp_control)
                  000070dc    000000b4     drivers_msp432p401x.aem4f : UARTMSP432.oem4f (.text:UARTMSP432_control)
                  00007190    000000b4                               : UARTMSP432.oem4f (.text:UARTMSP432_writePolling)
                  00007244    000000b4     freertos_builds_MSP_EXP432P401R_release_ccs.lib : tasks.obj (.text:xTaskCheckForTimeOut)
                  000072f8    000000b1     rtsv7M4_T_le_v4SPD16_eabi.lib : _printfi.c.obj (.text:_ltostr)
                  000073a9    00000001     --HOLE-- [fill = 0]
                  000073aa    000000b0     msp432p4xx_driverlib.lib : spi.o (.text:SPI_initMaster)
                  0000745a    000000ae     freertos_builds_MSP_EXP432P401R_release_ccs.lib : queue.obj (.text:prvUnlockQueue)
                  00007508    000000ac     display.aem4f : DisplayUart.oem4f (.text:DisplayUartAnsi_clearLines)
                  000075b4    000000ac     drivers_msp432p401x.aem4f : GPIOMSP432.oem4f (.text:GPIO_init)
                  00007660    000000ac                               : I2CMSP432.oem4f (.text:I2CMSP432_cancel)
                  0000770c    000000aa     display.aem4f : SharpGrLib.oem4f (.text:SharpGrLib_lineDrawH)
                  000077b6    000000a8     drivers_msp432p401x.aem4f : UARTMSP432.oem4f (.text:UARTMSP432_write)
                  0000785e    00000002     main_freertos.obj (.text:vApplicationStackOverflowHook)
                  00007860    000000a8     freertos_builds_MSP_EXP432P401R_release_ccs.lib : heap_4.obj (.text:prvInsertBlockIntoFreeList)
                  00007908    000000a8     drivers_msp432p401x.aem4f : UARTMSP432.oem4f (.text:readTaskBlocking)
                  000079b0    000000a8     freertos_builds_MSP_EXP432P401R_release_ccs.lib : heap_4.obj (.text:vPortFree)
                  00007a58    000000a7     display.aem4f : DisplayUart.oem4f (.text:DisplayUartAnsi_open)
                  00007aff    00000001     --HOLE-- [fill = 0]
                  00007b00    000000a0     freertos_builds_MSP_EXP432P401R_release_ccs.lib : ClockP_freertos.obj (.text:ClockP_create)
                  00007ba0    000000a0     drivers_msp432p401x.aem4f : UARTMSP432.oem4f (.text:readIsrTextCallback)
                  00007c40    0000009f     display.aem4f : DisplayUart.oem4f (.text:DisplayUartAnsi_vprintf)
                  00007cdf    00000001     --HOLE-- [fill = 0]
                  00007ce0    0000009c     grlib.a : line.obj (.text:Graphics_drawLineH)
                  00007d7c    0000009c     drivers_msp432p401x.aem4f : PowerMSP432.oem4f (.text:Power_init)
                  00007e18    0000009c     rtsv7M4_T_le_v4SPD16_eabi.lib : memcpy_t2.asm.obj (.text)
                  00007eb4    0000009c     freertos_builds_MSP_EXP432P401R_release_ccs.lib : tasks.obj (.text:vTaskStartScheduler)
                  00007f50    00000096     rtsv7M4_T_le_v4SPD16_eabi.lib : ull_div_t2.asm.obj (.text)
                  00007fe6    00000002     --HOLE-- [fill = 0]
                  00007fe8    00000094     msp432p4xx_driverlib.lib : sysctl_a.o (.text:SysCtl_A_getTLVInfo)
                  0000807c    00000094     drivers_msp432p401x.aem4f : UDMAMSP432.oem4f (.text:UDMAMSP432_init)
                  00008110    00000094                               : UDMAMSP432.oem4f (.text:UDMAMSP432_open)
                  000081a4    00000092                               : UARTMSP432.oem4f (.text:UARTMSP432_close)
                  00008236    00000092                               : UARTMSP432.oem4f (.text:writeData)
                  000082c8    00000090     display.aem4f : SharpGrLib.oem4f (.text:SharpGrLib_clearScreen)
                  00008358    00000090     TempSensor.obj (.text:TempSensor_readTemp)
                  000083e8    0000008e     drivers_msp432p401x.aem4f : CaptureMSP432.oem4f (.text:CaptureMSP432_hwiIntFunction)
                  00008476    0000008c                               : UARTMSP432.oem4f (.text:readIsrTextBlocking)
                  00008502    00000002     --HOLE-- [fill = 0]
                  00008504    00000088     msp432p4xx_driverlib.lib : gpio.o (.text:GPIO_setAsPeripheralModuleFunctionInputPin)
                  0000858c    00000088     freertos_builds_MSP_EXP432P401R_release_ccs.lib : timers.obj (.text:prvProcessTimerOrBlockTask)
                  00008614    00000086     rtsv7M4_T_le_v4SPD16_eabi.lib : fd_cmp_t2.asm.obj (.text:__aeabi_cdcmple)
                  0000869a    00000086                                   : fd_cmp_t2.asm.obj (.text:__aeabi_cdrcmple)
                  00008720    00000086     drivers_msp432p401x.aem4f : SPIMSP432DMA.oem4f (.text:initHw)
                  000087a6    00000002     --HOLE-- [fill = 0]
                  000087a8    00000084                               : PowerMSP432.oem4f (.text:restartHFXT)
                  0000882c    00000084     freertos_builds_MSP_EXP432P401R_release_ccs.lib : timers.obj (.text:xTimerGenericCommand)
                  000088b0    00000082                                                     : queue.obj (.text:xQueueGenericCreate)
                  00008932    00000002     --HOLE-- [fill = 0]
                  00008934    00000080     msp432p4xx_driverlib.lib : interrupt.o (.text:Interrupt_disableInterrupt)
                  000089b4    00000080                              : interrupt.o (.text:Interrupt_enableInterrupt)
                  00008a34    0000007c                              : cs.o (.text:_CSGetDOCFrequency)
                  00008ab0    0000007c     LCDdisplayProxy.obj (.text:mutate)
                  00008b2c    0000007a     freertos_builds_MSP_EXP432P401R_release_ccs.lib : pthread.obj (.text:removeThreadKeys)
                  00008ba6    0000007a     rtsv7M4_T_le_v4SPD16_eabi.lib : memset_t2.asm.obj (.text)
                  00008c20    0000007a     freertos_builds_MSP_EXP432P401R_release_ccs.lib : tasks.obj (.text:xTaskCreate)
                  00008c9a    00000002     --HOLE-- [fill = 0]
                  00008c9c    00000078     drivers_msp432p401x.aem4f : TimerMSP432.oem4f (.text:TimerMSP432_allocateTimerResource)
                  00008d14    00000078     rtsv7M4_T_le_v4SPD16_eabi.lib : vla_alloc.c.obj (.text:_ZN33_INTERNAL_11_vla_alloc_c_be8bd49b21free_dead_allocationsEPv)
                  00008d8c    00000078     freertos_builds_MSP_EXP432P401R_release_ccs.lib : timers.obj (.text:prvInsertTimerInActiveList)
                  00008e04    00000078                                                     : port.obj (.text:vPortSetupTimerInterrupt)
                  00008e7c    00000078                                                     : tasks.obj (.text:vTaskPlaceOnEventListRestricted)
                  00008ef4    00000076     drivers_msp432p401x.aem4f : I2CMSP432.oem4f (.text:I2CMSP432_close)
                  00008f6a    00000002     --HOLE-- [fill = 0]
                  00008f6c    00000074     freertos_builds_MSP_EXP432P401R_release_ccs.lib : tasks.obj (.text:prvInitialiseTaskLists)
                  00008fe0    00000074                                                     : port.obj (.text:vPortValidateInterruptPriority)
                  00009054    00000070     drivers_msp432p401x.aem4f : UARTMSP432.oem4f (.text:UARTMSP432_writeCancel)
                  000090c4    00000070     rtsv7M4_T_le_v4SPD16_eabi.lib : vla_alloc.c.obj (.text:__vla_dealloc)
                  00009134    00000070     freertos_builds_MSP_EXP432P401R_release_ccs.lib : ClockP_freertos.obj (.text:setClockObjTimeout)
                  000091a4    0000006e     rtsv7M4_T_le_v4SPD16_eabi.lib : _printfi.c.obj (.text:_mcpy)
                  00009212    0000006e                                   : fd_tos_t2.asm.obj (.text)
                  00009280    0000006c     msp432p4xx_driverlib.lib : i2c.o (.text:I2C_masterSendMultiByteFinish)
                  000092ec    00000068     drivers_msp432p401x.aem4f : CaptureMSP432.oem4f (.text:CaptureMSP432_start)
                  00009354    00000068                               : GPIOMSP432.oem4f (.text:GPIO_hwiIntFxn)
                  000093bc    00000068                               : PowerMSP432.oem4f (.text:PowerMSP432_getFreqs)
                  00009424    00000068     msp432p4xx_driverlib.lib : timer32.o (.text:Timer32_initModule)
                  0000948c    00000068     rtsv7M4_T_le_v4SPD16_eabi.lib : copy_decompress_lzss.c.obj (.text:decompress:lzss:__TI_decompress_lzss)
                  000094f4    00000068     drivers_msp432p401x.aem4f : I2CMSP432.oem4f (.text:initHw)
                  0000955c    00000066     freertos_builds_MSP_EXP432P401R_release_ccs.lib : memory.obj (.text:realloc)
                  000095c2    00000066                                                     : list.obj (.text:vListInsert)
                  00009628    00000064                                                     : ClockP_freertos.obj (.text:ClockP_stop)
                  0000968c    00000064     drivers_msp432p401x.aem4f : SPIMSP432DMA.oem4f (.text:SPIMSP432DMA_close)
                  000096f0    00000064     rtsv7M4_T_le_v4SPD16_eabi.lib : s_frexp.c.obj (.text:frexp)
                  00009754    00000064     freertos_builds_MSP_EXP432P401R_release_ccs.lib : tasks.obj (.text:prvGetExpectedIdleTime)
                  000097b8    00000062     msp432p4xx_driverlib.lib : cs.o (.text:_CSGetDividerValue)
                  0000981a    00000062     freertos_builds_MSP_EXP432P401R_release_ccs.lib : timers.obj (.text:prvInitialiseNewTimer)
                  0000987c    00000060     drivers_msp432p401x.aem4f : GPIOMSP432.oem4f (.text:GPIO_setCallback)
                  000098dc    00000060     freertos_builds_MSP_EXP432P401R_release_ccs.lib : HwiPMSP432_freertos.obj (.text:HwiP_create)
                  0000993c    00000060                                                     : tasks.obj (.text:prvIdleTask)
                  0000999c    00000060                                                     : port.obj (.text:pxPortInitialiseStack)
                  000099fc    0000005e     DisplayConsole.obj (.text:displayConsoleThread)
                  00009a5a    00000002     --HOLE-- [fill = 0]
                  00009a5c    0000005c     display.aem4f : Display.oem4f (.text:Display_doOpen)
                  00009ab8    0000005c     msp432p4xx_driverlib.lib : interrupt.o (.text:Interrupt_registerInterrupt)
                  00009b14    0000005c     freertos_builds_MSP_EXP432P401R_release_ccs.lib : pthread.obj (.text:pthread_exit)
                  00009b70    0000005c                                                     : queue.obj (.text:vQueueWaitForMessageRestricted)
                  00009bcc    0000005c                                                     : tasks.obj (.text:vTaskDelay)
                  00009c28    0000005a     display.aem4f : DisplaySharp.oem4f (.text:DisplaySharp_clearLines)
                  00009c82    00000002     --HOLE-- [fill = 0]
                  00009c84    00000058     msp432p4xx_driverlib.lib : gpio.o (.text:GPIO_setAsInputPinWithPullUpResistor)
                  00009cdc    00000058     drivers_msp432p401x.aem4f : GPIOMSP432.oem4f (.text:GPIO_write)
                  00009d34    00000058     msp432p4xx_driverlib.lib : interrupt.o (.text:Interrupt_unpendInterrupt)
                  00009d8c    00000058     display.aem4f : SharpGrLib.oem4f (.text:SharpGrLib_lineDrawV)
                  00009de4    00000058     msp432p4xx_driverlib.lib : timer_a.o (.text:Timer_A_initCapture)
                  00009e3c    00000058     drivers_msp432p401x.aem4f : UARTMSP432.oem4f (.text:readIsrBinaryBlocking)
                  00009e94    00000058                               : SPIMSP432DMA.oem4f (.text:spiHwiFxn)
                  00009eec    00000056     freertos_builds_MSP_EXP432P401R_release_ccs.lib : SemaphoreP_freertos.obj (.text:SemaphoreP_create)
                  00009f42    00000056     rtsv7M4_T_le_v4SPD16_eabi.lib : _printfi.c.obj (.text:_pconv_f)
                  00009f98    00000056     drivers_msp432p401x.aem4f : I2CMSP432.oem4f (.text:completeTransfer)
                  00009fee    00000002     --HOLE-- [fill = 0]
                  00009ff0    00000054     freertos_builds_MSP_EXP432P401R_release_ccs.lib : ClockP_freertos.obj (.text:ClockP_delete)
                  0000a044    00000054     msp432p4xx_driverlib.lib : interrupt.o (.text:Interrupt_setPriority)
                  0000a098    00000054     drivers_msp432p401x.aem4f : TimerMSP432.oem4f (.text:TimerMSP432_freeTimerResource)
                  0000a0ec    00000054     rtsv7M4_T_le_v4SPD16_eabi.lib : _ltoa.c.obj (.text:__TI_ltoa)
                  0000a140    00000054     freertos_builds_MSP_EXP432P401R_release_ccs.lib : timers.obj (.text:xTimerCreateTimerTask)
                  0000a194    00000052     grlib.a : context.obj (.text:Graphics_initContext)
                  0000a1e6    00000052     rtsv7M4_T_le_v4SPD16_eabi.lib : _printfi.c.obj (.text:_ecpy)
                  0000a238    00000050     drivers_msp432p401x.aem4f : UDMAMSP432.oem4f (.text:UDMAMSP432_hwiFxn)
                  0000a288    0000004e                               : CaptureMSP432.oem4f (.text:CaptureMSP432_close)
                  0000a2d6    00000002     --HOLE-- [fill = 0]
                  0000a2d8    0000004c     Keypad.obj (.text:Keypad_InterruptHandler)
                  0000a324    0000004c     rtsv7M4_T_le_v4SPD16_eabi.lib : atoi.c.obj (.text:atoi)
                  0000a370    0000004c     freertos_builds_MSP_EXP432P401R_release_ccs.lib : timers.obj (.text:prvCheckForValidListAndQueue)
                  0000a3bc    0000004c                                                     : tasks.obj (.text:prvCheckTasksWaitingTermination)
                  0000a408    0000004c                                                     : timers.obj (.text:prvProcessExpiredTimer)
                  0000a454    0000004c     drivers_msp432p401x.aem4f : UARTMSP432.oem4f (.text:readIsrBinaryCallback)
                  0000a4a0    0000004c     freertos_builds_MSP_EXP432P401R_release_ccs.lib : port.obj (.text:vPortEnterCritical)
                  0000a4ec    0000004c                                                     : tasks.obj (.text:vTaskSetThreadLocalStoragePointer)
                  0000a538    00000048                                                     : HwiPMSP432_freertos.obj (.text:HwiP_dispatch)
                  0000a580    00000048     drivers_msp432p401x.aem4f : PowerMSP432.oem4f (.text:Power_releaseConstraint)
                  0000a5c8    00000048     main_freertos.obj (.text:create_Queues)
                  0000a610    00000048     freertos_builds_MSP_EXP432P401R_release_ccs.lib : timers.obj (.text:prvSwitchTimerLists)
                  0000a658    00000048     rtsv7M4_T_le_v4SPD16_eabi.lib : fd_toi_t2.asm.obj (.text)
                  0000a6a0    00000048     freertos_builds_MSP_EXP432P401R_release_ccs.lib : sleep.obj (.text:sleep)
                  0000a6e8    00000048                                                     : list.obj (.text:uxListRemove)
                  0000a730    00000046     drivers_msp432p401x.aem4f : RingBuf.oem4f (.text:RingBuf_put)
                  0000a776    00000046     display.aem4f : SharpGrLib.oem4f (.text:SharpGrLib_drawMultiple)
                  0000a7bc    00000046     freertos_builds_MSP_EXP432P401R_release_ccs.lib : queue.obj (.text:xQueueCreateCountingSemaphore)
                  0000a802    00000002     --HOLE-- [fill = 0]
                  0000a804    00000044     drivers_msp432p401x.aem4f : Capture.oem4f (.text:Capture_init)
                  0000a848    00000044                               : I2C.oem4f (.text:I2C_init)
                  0000a88c    00000044                               : SPI.oem4f (.text:SPI_init)
                  0000a8d0    00000044     TempController.obj (.text:TempController_init)
                  0000a914    00000044     drivers_msp432p401x.aem4f : UART.oem4f (.text:UART_init)
                  0000a958    00000044     rtsv7M4_T_le_v4SPD16_eabi.lib : autoinit.c.obj (.text:__TI_auto_init_nobinit_nopinit:__TI_auto_init_nobinit_nopinit)
                  0000a99c    00000044     drivers_msp432p401x.aem4f : I2CMSP432.oem4f (.text:perfChangeNotifyFxn)
                  0000a9e0    00000044     freertos_builds_MSP_EXP432P401R_release_ccs.lib : queue.obj (.text:prvInitialiseNewQueue)
                  0000aa24    00000044     rtsv7M4_T_le_v4SPD16_eabi.lib : fd_tou_t2.asm.obj (.text)
                  0000aa68    00000042     display.aem4f : SharpGrLib.oem4f (.text:SharpGrLib_pixelDraw)
                  0000aaaa    00000042     freertos_builds_MSP_EXP432P401R_release_ccs.lib : memory.obj (.text:malloc)
                  0000aaec    00000040     drivers_msp432p401x.aem4f : Capture.oem4f (.text:Capture_open)
                  0000ab2c    00000040     msp432p4xx_driverlib.lib : gpio.o (.text:GPIO_setAsOutputPin)
                  0000ab6c    00000040     grlib.a : string.obj (.text:Graphics_getNumberOfLeadingZeros)
                  0000abac    00000040     drivers_msp432p401x.aem4f : I2C.oem4f (.text:I2C_open)
                  0000abec    00000040                               : RingBuf.oem4f (.text:RingBuf_get)
                  0000ac2c    00000040                               : SPI.oem4f (.text:SPI_open)
                  0000ac6c    00000040                               : UARTMSP432.oem4f (.text:UARTMSP432_read)
                  0000acac    00000040                               : UART.oem4f (.text:UART_open)
                  0000acec    00000040     freertos_builds_MSP_EXP432P401R_release_ccs.lib : aeabi_portable.obj (.text:__aeabi_errno_addr)
                  0000ad2c    00000040     msp432p4xx_driverlib.lib : spi.o (.text:is_A_Module)
                  0000ad6c    00000040     drivers_msp432p401x.aem4f : UARTMSP432.oem4f (.text:perfChangeNotifyFxn)
                  0000adac    00000040     rtsv7M4_T_le_v4SPD16_eabi.lib : u_divt2.asm.obj (.text)
                  0000adec    00000040                                   : sprintf.c.obj (.text:sprintf)
                  0000ae2c    0000003e     freertos_builds_MSP_EXP432P401R_release_ccs.lib : ClockP_freertos.obj (.text:ClockP_callbackFxn)
                  0000ae6a    0000003e     rtsv7M4_T_le_v4SPD16_eabi.lib : _printfi.c.obj (.text:_fcpy)
                  0000aea8    0000003e     freertos_builds_MSP_EXP432P401R_release_ccs.lib : pthread.obj (.text:pthread_setcancelstate)
                  0000aee6    00000002     --HOLE-- [fill = 0]
                  0000aee8    0000003c     Keypad.obj (.text:Keypad_init)
                  0000af24    0000003c     freertos_builds_MSP_EXP432P401R_release_ccs.lib : queue.obj (.text:prvCopyDataFromQueue)
                  0000af60    0000003c                                                     : tasks.obj (.text:pvTaskGetThreadLocalStoragePointer)
                  0000af9c    0000003c                                                     : sleep.obj (.text:usleep)
                  0000afd8    0000003c                                                     : list.obj (.text:vListInsertEnd)
                  0000b014    0000003c                                                     : timers.obj (.text:xTimerCreate)
                  0000b050    0000003a                                                     : PowerMSP432_freertos.obj (.text:PowerMSP432_sleepPolicy)
                  0000b08a    00000038     LCDdisplayI2C.obj (.text:DisplayI2C_initialize)
                  0000b0c2    00000002     --HOLE-- [fill = 0]
                  0000b0c4    00000038     drivers_msp432p401x.aem4f : PowerMSP432.oem4f (.text:Power_setConstraint)
                  0000b0fc    00000038     msp432p4xx_driverlib.lib : timer32.o (.text:Timer32_startTimer)
                  0000b134    00000038     utils.obj (.text:delay_us)
                  0000b16c    00000038     drivers_msp432p401x.aem4f : PowerMSP432.oem4f (.text:notify)
                  0000b1a4    00000038     freertos_builds_MSP_EXP432P401R_release_ccs.lib : timers.obj (.text:prvGetNextExpireTime)
                  0000b1dc    00000038                                                     : port.obj (.text:prvTaskExitError)
                  0000b214    00000038     rtsv7M4_T_le_v4SPD16_eabi.lib : fs_tod_t2.asm.obj (.text)
                  0000b24c    00000036     drivers_msp432p401x.aem4f : CaptureMSP432.oem4f (.text:CaptureMSP432_stop)
                  0000b282    00000036     grlib.a : display.obj (.text:Graphics_drawHorizontalLineOnDisplay)
                  0000b2b8    00000036     drivers_msp432p401x.aem4f : UARTMSP432.oem4f (.text:UARTMSP432_readCancel)
                  0000b2ee    00000036     freertos_builds_MSP_EXP432P401R_release_ccs.lib : timers.obj (.text:prvReloadTimer)
                  0000b324    00000034     TempSensorProxy.obj (.text:Capture_Callback)
                  0000b358    00000034     display.aem4f : DisplaySharp.oem4f (.text:DisplaySharp_close)
                  0000b38c    00000034     drivers_msp432p401x.aem4f : GPIOMSP432.oem4f (.text:GPIO_clearInt)
                  0000b3c0    00000034                               : GPIOMSP432.oem4f (.text:GPIO_disableInt)
                  0000b3f4    00000034                               : GPIOMSP432.oem4f (.text:GPIO_enableInt)
                  0000b428    00000034     LCDdisplayProxy.obj (.text:LCD_setCursor)
                  0000b45c    00000034     freertos_builds_MSP_EXP432P401R_release_ccs.lib : SemaphoreP_freertos.obj (.text:SemaphoreP_pend)
                  0000b490    00000034     TempSensorProxy.obj (.text:TempSensorProxy_configure)
                  0000b4c4    00000034     msp432p4xx_driverlib.lib : timer32.o (.text:Timer32_setCount)
                  0000b4f8    00000034                              : timer_a.o (.text:Timer_A_configureContinuousMode)
                  0000b52c    00000034     rtsv7M4_T_le_v4SPD16_eabi.lib : boot_cortex_m.c.obj (.text:_c_int00_noargs:_c_int00_noargs)
                  0000b560    00000034     freertos_builds_MSP_EXP432P401R_release_ccs.lib : timers.obj (.text:prvSampleTimeNow)
                  0000b594    00000034                                                     : tasks.obj (.text:vTaskPlaceOnEventList)
                  0000b5c8    00000030     msp432p4xx_driverlib.lib : cs.o (.text:CS_clearInterruptFlag)
                  0000b5f8    00000030     LCDdisplayI2C.obj (.text:DisplayI2C_send)
                  0000b628    00000030     freertos_builds_MSP_EXP432P401R_release_ccs.lib : SystemP_freertos.obj (.text:SystemP_snprintf)
                  0000b658    00000030     drivers_msp432p401x.aem4f : CaptureMSP432.oem4f (.text:mapPin)
                  0000b688    00000030                               : I2CMSP432.oem4f (.text:mapPin)
                  0000b6b8    00000030                               : SPIMSP432DMA.oem4f (.text:mapPin)
                  0000b6e8    00000030                               : UARTMSP432.oem4f (.text:mapPin)
                  0000b718    00000030     freertos_builds_MSP_EXP432P401R_release_ccs.lib : tasks.obj (.text:prvResetNextTaskUnblockTime)
                  0000b748    00000030                                                     : list.obj (.text:vListInitialise)
                  0000b778    00000030                                                     : port.obj (.text:vPortExitCritical)
                  0000b7a8    00000030                                                     : tasks.obj (.text:xTaskGetSchedulerState)
                  0000b7d8    0000002e     display.aem4f : SharpGrLib.oem4f (.text:SharpGrLib_initializeDisplayBuffer)
                  0000b806    0000002e     freertos_builds_MSP_EXP432P401R_release_ccs.lib : SystemP_freertos.obj (.text:putChar)
                  0000b834    0000002e                                                     : timers.obj (.text:pvTimerGetTimerID)
                  0000b862    0000002e     rtsv7M4_T_le_v4SPD16_eabi.lib : i_tofd_t2.asm.obj (.text)
                  0000b890    0000002c     grlib.a : display.obj (.text:Graphics_drawPixelOnDisplay)
                  0000b8bc    0000002c     freertos_builds_MSP_EXP432P401R_release_ccs.lib : HwiPMSP432_freertos.obj (.text:HwiP_disable)
                  0000b8e8    0000002c                                                     : SemaphoreP_freertos.obj (.text:SemaphoreP_createBinary)
                  0000b914    0000002c     msp432p4xx_driverlib.lib : timer_a.o (.text:Timer_A_clearCaptureCompareInterrupt)
                  0000b940    0000002c                              : timer_a.o (.text:Timer_A_disableCaptureCompareInterrupt)
                  0000b96c    0000002c                              : timer_a.o (.text:Timer_A_enableCaptureCompareInterrupt)
                  0000b998    0000002c     rtsv7M4_T_le_v4SPD16_eabi.lib : ull_tofd_t2.asm.obj (.text)
                  0000b9c4    0000002c     TempSensor.obj (.text:temperatureReadingThread)
                  0000b9f0    0000002c     freertos_builds_MSP_EXP432P401R_release_ccs.lib : tasks.obj (.text:vTaskSetApplicationTaskTag)
                  0000ba1c    0000002c                                                     : port.obj (.text:xPortSysTickHandler)
                  0000ba48    0000002a     display.aem4f : DisplayUart.oem4f (.text:DisplayUartAnsi_clear)
                  0000ba72    0000002a                   : Display.oem4f (.text:Display_doPrintf)
                  0000ba9c    0000002a     drivers_msp432p401x.aem4f : SPIMSP432DMA.oem4f (.text:perfChangeNotifyFxn)
                  0000bac6    00000002     --HOLE-- [fill = 0]
                  0000bac8    00000028     msp432p4xx_driverlib.lib : cs.o (.text:CS_getACLK)
                  0000baf0    00000028                              : cs.o (.text:CS_getHSMCLK)
                  0000bb18    00000028                              : cs.o (.text:CS_getMCLK)
                  0000bb40    00000028                              : cs.o (.text:CS_getSMCLK)
                  0000bb68    00000028     display.aem4f : Display.oem4f (.text:Display_doInit)
                  0000bb90    00000028     msp432p4xx_driverlib.lib : gpio.o (.text:GPIO_setOutputHighOnPin)
                  0000bbb8    00000028                              : gpio.o (.text:GPIO_setOutputLowOnPin)
                  0000bbe0    00000028     freertos_builds_MSP_EXP432P401R_release_ccs.lib : HwiPMSP432_freertos.obj (.text:HwiP_inISR)
                  0000bc08    00000028     drivers_msp432p401x.aem4f : PowerMSP432.oem4f (.text:Power_registerNotify)
                  0000bc30    00000028     msp432p4xx_driverlib.lib : spi.o (.text:SPI_getInterruptStatus)
                  0000bc58    00000028     drivers_msp432p401x.aem4f : PowerMSP432.oem4f (.text:disableFaultCounter)
                  0000bc80    00000028                               : PowerMSP432.oem4f (.text:disableHFXT)
                  0000bca8    00000028                               : UARTMSP432.oem4f (.text:findBaudDividerIndex)
                  0000bcd0    00000028     Keypad.obj (.text:keypadThread)
                  0000bcf8    00000028     freertos_builds_MSP_EXP432P401R_release_ccs.lib : pthread.obj (.text:pthread_attr_setschedparam)
                  0000bd20    00000028                                                     : tasks.obj (.text:xTaskGetApplicationTaskTag)
                  0000bd48    00000026     drivers_msp432p401x.aem4f : List.oem4f (.text:List_put)
                  0000bd6e    00000026                               : List.oem4f (.text:List_remove)
                  0000bd94    00000026     freertos_builds_MSP_EXP432P401R_release_ccs.lib : pthread.obj (.text:_pthread_cleanup_pop)
                  0000bdba    00000026                                                     : queue.obj (.text:prvIsQueueFull)
                  0000bde0    00000024     display.aem4f : DisplaySharp.oem4f (.text:DisplaySharp_clear)
                  0000be04    00000024     LCDdisplayProxy.obj (.text:LCD_init)
                  0000be28    00000024     display.aem4f : SharpGrLib.oem4f (.text:SharpGrLib_init)
                  0000be4c    00000024     freertos_builds_MSP_EXP432P401R_release_ccs.lib : queue.obj (.text:prvGetDisinheritPriorityAfterTimeout)
                  0000be70    00000024                                                     : queue.obj (.text:vQueueDelete)
                  0000be94    00000024                                                     : tasks.obj (.text:vTaskInternalSetTimeOutState)
                  0000beb8    00000022                                                     : SemaphoreP_freertos.obj (.text:SemaphoreP_post)
                  0000beda    00000022                                                     : SystemP_freertos.obj (.text:SystemP_vsnprintf)
                  0000befc    00000022     msp432p4xx_driverlib.lib : timer_a.o (.text:Timer_A_getCaptureCompareCount)
                  0000bf1e    00000022     freertos_builds_MSP_EXP432P401R_release_ccs.lib : pthread.obj (.text:pthread_attr_setdetachstate)
                  0000bf40    00000020     msp432p4xx_driverlib.lib : cs.o (.text:CS_getBCLK)
                  0000bf60    00000020                              : cs.o (.text:CS_setExternalClockSourceFrequency)
                  0000bf80    00000020     freertos_builds_MSP_EXP432P401R_release_ccs.lib : HwiPMSP432_freertos.obj (.text:HwiP_restore)
                  0000bfa0    00000020     drivers_msp432p401x.aem4f : PowerMSP432.oem4f (.text:Power_unregisterNotify)
                  0000bfc0    00000020                               : RingBuf.oem4f (.text:RingBuf_peek)
                  0000bfe0    00000020     freertos_builds_MSP_EXP432P401R_release_ccs.lib : queue.obj (.text:prvIsQueueEmpty)
                  0000c000    0000001e                                                     : ClockP_freertos.obj (.text:ClockP_start)
                  0000c01e    0000001e     grlib.a : display.obj (.text:Graphics_fillRectangleOnDisplay)
                  0000c03c    0000001e     freertos_builds_MSP_EXP432P401R_release_ccs.lib : HwiPMSP432_freertos.obj (.text:HwiP_Params_init)
                  0000c05a    0000001e     LCDdisplayProxy.obj (.text:LCD_write)
                  0000c078    0000001e     freertos_builds_MSP_EXP432P401R_release_ccs.lib : pthread.obj (.text:_pthread_runStub)
                  0000c096    0000001e     rtsv7M4_T_le_v4SPD16_eabi.lib : ll_lsl_t2.asm.obj (.text)
                  0000c0b4    0000001c     freertos_builds_MSP_EXP432P401R_release_ccs.lib : ClockP_freertos.obj (.text:ClockP_Params_init)
                  0000c0d0    0000001c                                                     : ClockP_freertos.obj (.text:ClockP_usleep)
                  0000c0ec    0000001c     LCDdisplayClient.obj (.text:DisplayClient_turnOffLCDbacklight)
                  0000c108    0000001c     msp432p4xx_driverlib.lib : interrupt.o (.text:Interrupt_unregisterInterrupt)
                  0000c124    0000001c     LCDdisplayProxy.obj (.text:LCD_configure)
                  0000c140    0000001c     rtsv7M4_T_le_v4SPD16_eabi.lib : memccpy.c.obj (.text:memccpy)
                  0000c15c    0000001c     freertos_builds_MSP_EXP432P401R_release_ccs.lib : pthread.obj (.text:pthread_attr_init)
                  0000c178    0000001c                                                     : tasks.obj (.text:pvTaskIncrementMutexHeldCount)
                  0000c194    0000001a     grlib.a : display.obj (.text:Graphics_clearDisplayOnDisplay)
                  0000c1ae    0000001a             : context.obj (.text:Graphics_setBackgroundColor)
                  0000c1c8    0000001a             : context.obj (.text:Graphics_setFont)
                  0000c1e2    0000001a     freertos_builds_MSP_EXP432P401R_release_ccs.lib : PTLS.obj (.text:PTLS_taskDeleteHook)
                  0000c1fc    0000001a     TempSensorProxy.obj (.text:TempSensorProxy_create)
                  0000c216    0000001a     rtsv7M4_T_le_v4SPD16_eabi.lib : s_copysign.c.obj (.text:copysign)
                  0000c230    0000001a     freertos_builds_MSP_EXP432P401R_release_ccs.lib : timers.obj (.text:prvTimerTask)
                  0000c24a    00000018     msp432p4xx_driverlib.lib : spi.o (.text:EUSCI_A_SPI_getInterruptStatus)
                  0000c262    00000018                              : spi.o (.text:EUSCI_B_SPI_getInterruptStatus)
                  0000c27a    00000018     drivers_msp432p401x.aem4f : I2C.oem4f (.text:I2C_transfer)
                  0000c292    00000018     LCDdisplayProxy.obj (.text:LCD_create)
                  0000c2aa    00000002     --HOLE-- [fill = 0]
                  0000c2ac    00000018     display.aem4f : SharpGrLib.oem4f (.text:SharpGrLib_reverse)
                  0000c2c4    00000018     msp432p4xx_driverlib.lib : sysctl_a.o (.text:SysCtl_A_disableNMISource)
                  0000c2dc    00000018                              : sysctl_a.o (.text:SysCtl_A_enableNMISource)
                  0000c2f4    00000018                              : timer_a.o (.text:Timer_A_clearTimer)
                  0000c30c    00000018     drivers_msp432p401x.aem4f : UART.oem4f (.text:UART_Params_init)
                  0000c324    00000018     rtsv7M4_T_le_v4SPD16_eabi.lib : sprintf.c.obj (.text:_outs)
                  0000c33c    00000018     MSP_EXP432P401R.obj (.text:dmaErrorHwi)
                  0000c354    00000018     freertos_builds_MSP_EXP432P401R_release_ccs.lib : memory.obj (.text:free)
                  0000c36c    00000018     main_freertos.obj (.text:queryClockFreqs)
                  0000c384    00000018     freertos_builds_MSP_EXP432P401R_release_ccs.lib : sched.obj (.text:sched_yield)
                  0000c39c    00000016                                                     : ClockP_freertos.obj (.text:ClockP_setTimeout)
                  0000c3b2    00000016     display.aem4f : DisplayUart.oem4f (.text:DisplayUartAnsi_close)
                  0000c3c8    00000016     grlib.a : context.obj (.text:Graphics_setForegroundColor)
                  0000c3de    00000016             : display.obj (.text:Graphics_translateColorOnDisplay)
                  0000c3f4    00000016     freertos_builds_MSP_EXP432P401R_release_ccs.lib : PTLS.obj (.text:PTLS_getBuf)
                  0000c40a    00000016                                                     : PTLS.obj (.text:PTLS_setBuf)
                  0000c420    00000016                                                     : SemaphoreP_freertos.obj (.text:SemaphoreP_Params_init)
                  0000c436    00000016     msp432p4xx_driverlib.lib : timer_a.o (.text:Timer_A_startCounter)
                  0000c44c    00000016     rtsv7M4_T_le_v4SPD16_eabi.lib : strchr.c.obj (.text:strchr)
                  0000c462    00000002     --HOLE-- [fill = 0]
                  0000c464    00000014     LCDdisplayClient.obj (.text:DisplayClient_init)
                  0000c478    00000014     LCDdisplayI2C.obj (.text:DisplayI2C_create)
                  0000c48c    00000014     LCDdisplayProxy.obj (.text:LCD_clear)
                  0000c4a0    00000014     LCDdisplayProxy.obj (.text:LCD_home)
                  0000c4b4    00000014     drivers_msp432p401x.aem4f : PowerMSP432.oem4f (.text:Power_idleFunc)
                  0000c4c8    00000014                               : SPI.oem4f (.text:SPI_Params_init)
                  0000c4dc    00000014     TempData.obj (.text:TempData_init)
                  0000c4f0    00000014     msp432p4xx_driverlib.lib : timer_a.o (.text:Timer_A_stopTimer)
                  0000c504    00000014     drivers_msp432p401x.aem4f : UARTMSP432.oem4f (.text:clearTXCPTIFG)
                  0000c518    00000014     freertos_builds_MSP_EXP432P401R_release_ccs.lib : tasks.obj (.text:prvDeleteTCB)
                  0000c52c    00000014                                                     : pthread.obj (.text:pthread_attr_setstacksize)
                  0000c540    00000014                                                     : pthread.obj (.text:pthread_self)
                  0000c554    00000014                                                     : startup_msp432_ccs.obj (.text:resetISR)
                  0000c568    00000014     rtsv7M4_T_le_v4SPD16_eabi.lib : strcpy.c.obj (.text:strcpy)
                  0000c57c    00000014                                   : strlen.c.obj (.text:strlen)
                  0000c590    00000014     freertos_builds_MSP_EXP432P401R_release_ccs.lib : tasks.obj (.text:xTaskGetCurrentTaskHandle)
                  0000c5a4    00000014                                                     : tasks.obj (.text:xTaskGetTickCount)
                  0000c5b8    00000012     grlib.a : context.obj (.text:Graphics_clearDisplay)
                  0000c5ca    00000012             : display.obj (.text:Graphics_flushOnDisplay)
                  0000c5dc    00000012     freertos_builds_MSP_EXP432P401R_release_ccs.lib : HwiPMSP432_freertos.obj (.text:HwiP_delete)
                  0000c5ee    00000012     LCDdisplayProxy.obj (.text:LCD_blink)
                  0000c600    00000012     LCDdisplayProxy.obj (.text:LCD_display)
                  0000c612    00000012     LCDdisplayProxy.obj (.text:LCD_noDisplay)
                  0000c624    00000012     drivers_msp432p401x.aem4f : RingBuf.oem4f (.text:RingBuf_construct)
                  0000c636    00000012     rtsv7M4_T_le_v4SPD16_eabi.lib : wcslen.c.obj (.text:wcslen)
                  0000c648    00000010     drivers_msp432p401x.aem4f : Capture.oem4f (.text:Capture_Params_init)
                  0000c658    00000010                               : I2C.oem4f (.text:I2C_Params_init)
                  0000c668    00000010                               : PowerMSP432.oem4f (.text:PowerMSP432_getNumPerfLevels)
                  0000c678    00000010     msp432p4xx_driverlib.lib : sysctl_a.o (.text:SysCtl_A_getNMISourceStatus)
                  0000c688    00000010                              : sysctl.o (.text:SysCtl_getNMISourceStatus)
                  0000c698    00000010     TempData.obj (.text:TempData_create)
                  0000c6a8    00000010     main_freertos.obj (.text:init_Timer32_module)
                  0000c6b8    00000010     drivers_msp432p401x.aem4f : UARTMSP432.oem4f (.text:readBlockingTimeout)
                  0000c6c8    00000010     freertos_builds_MSP_EXP432P401R_release_ccs.lib : list.obj (.text:vListInitialiseItem)
                  0000c6d8    00000010                                                     : tasks.obj (.text:vTaskSuspendAll)
                  0000c6e8    0000000e     grlib.a : context.obj (.text:Graphics_flushBuffer)
                  0000c6f6    0000000e     msp432p4xx_driverlib.lib : timer32.o (.text:Timer32_getValue)
                  0000c704    0000000e     rtsv7M4_T_le_v4SPD16_eabi.lib : copy_decompress_none.c.obj (.text:decompress:none:__TI_decompress_none)
                  0000c712    0000000c     msp432p4xx_driverlib.lib : cpu.o (.text:CPU_cpsid)
                  0000c71e    0000000c                              : cpu.o (.text:CPU_cpsie)
                  0000c72a    0000000c     display.aem4f : Display.oem4f (.text:Display_doClear)
                  0000c736    0000000c     freertos_builds_MSP_EXP432P401R_release_ccs.lib : HwiPMSP432_freertos.obj (.text:HwiP_clearInterrupt)
                  0000c742    0000000c                                                     : HwiPMSP432_freertos.obj (.text:HwiP_disableInterrupt)
                  0000c74e    0000000c                                                     : HwiPMSP432_freertos.obj (.text:HwiP_enableInterrupt)
                  0000c75a    00000002     --HOLE-- [fill = 0]
                  0000c75c    0000000c     drivers_msp432p401x.aem4f : PowerMSP432.oem4f (.text:Power_getConstraintMask)
                  0000c768    0000000c                               : PowerMSP432.oem4f (.text:Power_getPerformanceLevel)
                  0000c774    0000000c     freertos_builds_MSP_EXP432P401R_release_ccs.lib : SemaphoreP_freertos.obj (.text:SemaphoreP_delete)
                  0000c780    0000000c     TempSensorProxy.obj (.text:TempSensorProxy_init)
                  0000c78c    0000000c     TempSensor.obj (.text:TempSensor_init)
                  0000c798    0000000c     rtsv7M4_T_le_v4SPD16_eabi.lib : copy_zero_init.c.obj (.text:decompress:ZI:__TI_zero_init)
                  0000c7a4    0000000c     freertos_builds_MSP_EXP432P401R_release_ccs.lib : tasks.obj (.text:vTaskMissedYield)
                  0000c7b0    0000000a     drivers_msp432p401x.aem4f : Capture.oem4f (.text:Capture_close)
                  0000c7ba    0000000a                               : Capture.oem4f (.text:Capture_start)
                  0000c7c4    0000000a                               : Capture.oem4f (.text:Capture_stop)
                  0000c7ce    0000000a     LCDdisplayProxy.obj (.text:LCD_backlight)
                  0000c7d8    0000000a     LCDdisplayProxy.obj (.text:LCD_noBacklight)
                  0000c7e2    0000000a     freertos_builds_MSP_EXP432P401R_release_ccs.lib : PowerMSP432_freertos.obj (.text:PowerMSP432_updateFreqs)
                  0000c7ec    0000000a     drivers_msp432p401x.aem4f : SPI.oem4f (.text:SPI_close)
                  0000c7f6    0000000a                               : SPI.oem4f (.text:SPI_transfer)
                  0000c800    0000000a     display.aem4f : SharpGrLib.oem4f (.text:SharpGrLib_colorTranslate)
                  0000c80a    0000000a     drivers_msp432p401x.aem4f : UART.oem4f (.text:UART_close)
                  0000c814    0000000a                               : UART.oem4f (.text:UART_control)
                  0000c81e    0000000a                               : UART.oem4f (.text:UART_write)
                  0000c828    0000000a     rtsv7M4_T_le_v4SPD16_eabi.lib : sprintf.c.obj (.text:_outc)
                  0000c832    0000000a     freertos_builds_MSP_EXP432P401R_release_ccs.lib : PowerMSP432_freertos.obj (.text:vPortSuppressTicksAndSleep)
                  0000c83c    00000008     display.aem4f : DisplaySharp.oem4f (.text:DisplaySharp_getType)
                  0000c844    00000008     drivers_msp432p401x.aem4f : I2CMSP432.oem4f (.text:blockingTransferCallback)
                  0000c84c    00000008                               : SPIMSP432DMA.oem4f (.text:blockingTransferCallback)
                  0000c854    00000008                               : UARTMSP432.oem4f (.text:readSemCallback)
                  0000c85c    00000008                               : UARTMSP432.oem4f (.text:txcptEnabledStatus)
                  0000c864    00000008                               : UARTMSP432.oem4f (.text:writeSemCallback)
                  0000c86c    00000006                               : CaptureMSP432.oem4f (.text:CaptureMSP432_control)
                  0000c872    00000006     LCDdisplayClient.obj (.text:DisplayClient_create)
                  0000c878    00000006     display.aem4f : DisplayUart.oem4f (.text:DisplayUartAnsi_control)
                  0000c87e    00000006                   : DisplayUart.oem4f (.text:DisplayUartAnsi_getType)
                  0000c884    00000006                   : Display.oem4f (.text:Display_doParamsInit)
                  0000c88a    00000006     drivers_msp432p401x.aem4f : I2CMSP432.oem4f (.text:I2CMSP432_control)
                  0000c890    00000006     Keypad.obj (.text:Keypad_create)
                  0000c896    00000006     drivers_msp432p401x.aem4f : SPIMSP432DMA.oem4f (.text:SPIMSP432DMA_control)
                  0000c89c    00000004     MSP_EXP432P401R.obj (.text:MSP_EXP432P401R_initGeneral)
                  0000c8a0    00000004     drivers_msp432p401x.aem4f : SPIMSP432DMA.oem4f (.text:SPIMSP432DMA_init)
                  0000c8a4    00000004     rtsv7M4_T_le_v4SPD16_eabi.lib : error.c.obj (.text:__abort_execution)
                  0000c8a8    00000004                                   : pre_init.c.obj (.text:_system_pre_init)
                  0000c8ac    00000004                                   : exit.c.obj (.text:abort:abort)

.const     0    0000c8b0    000009aa     
                  0000c8b0    000002f8     grlib.a : fontfixed6x8.obj (.const:.string:g_pucFontFixed6x8Data)
                  0000cba8    00000101     rtsv7M4_T_le_v4SPD16_eabi.lib : ctype.c.obj (.const:.string:_ctypes_)
                  0000cca9    00000001     display.aem4f : Display.oem4f (.const:Display_defaultParams)
                  0000ccaa    00000002     --HOLE-- [fill = 0]
                  0000ccac    000000c8     grlib.a : fontfixed6x8.obj (.const:g_sFontFixed6x8)
                  0000cd74    000000b0     MSP_EXP432P401R.obj (.const:uartMSP432Baudrates)
                  0000ce24    00000090     MSP_EXP432P401R.obj (.const:spiMSP432DMAHWAttrs)
                  0000ceb4    00000050     msp432p4xx_driverlib.lib : interrupt.o (.const:g_pulRegs)
                  0000cf04    00000038     MSP_EXP432P401R.obj (.const:PowerMSP432_config)
                  0000cf3c    00000030     msp432p4xx_driverlib.lib : gpio.o (.const:GPIO_PORT_TO_BASE)
                  0000cf6c    00000030     MSP_EXP432P401R.obj (.const:SPI_config)
                  0000cf9c    0000002c     MSP_EXP432P401R.obj (.const:uartMSP432HWAttrs)
                  0000cfc8    00000028     drivers_msp432p401x.aem4f : UARTMSP432.oem4f (.const:UARTMSP432_fxnTable)
                  0000cff0    00000024                               : UART.oem4f (.const:UART_defaultParams)
                  0000d014    00000020     display.aem4f : DisplaySharp.oem4f (.const:DisplaySharp_fxnTable)
                  0000d034    00000020                   : DisplayUart.oem4f (.const:DisplayUartAnsi_fxnTable)
                  0000d054    00000020     drivers_msp432p401x.aem4f : SPI.oem4f (.const:SPI_defaultParams)
                  0000d074    00000020     display.aem4f : SharpGrLib.oem4f (.const:g_sharpFxns)
                  0000d094    00000020     drivers_msp432p401x.aem4f : UARTMSP432.oem4f (.const:staticFxnTable)
                  0000d0b4    00000018                               : CaptureMSP432.oem4f (.const:CaptureMSP432_captureFxnTable)
                  0000d0cc    00000018     MSP_EXP432P401R.obj (.const:Display_config)
                  0000d0e4    00000018     drivers_msp432p401x.aem4f : I2CMSP432.oem4f (.const:I2CMSP432_fxnTable)
                  0000d0fc    00000018                               : SPIMSP432DMA.oem4f (.const:SPIMSP432DMA_fxnTable)
                  0000d114    00000018     MSP_EXP432P401R.obj (.const:displaySharpHWattrs)
                  0000d12c    00000014     MSP_EXP432P401R.obj (.const:GPIOMSP432_config)
                  0000d140    00000014     MSP_EXP432P401R.obj (.const:captureMSP432HWAttrs)
                  0000d154    00000014     MSP_EXP432P401R.obj (.const:displayUartHWAttrs)
                  0000d168    00000014     MSP_EXP432P401R.obj (.const:i2cMSP432HWAttrs)
                  0000d17c    00000010     LCDdisplayProxy.obj (.const:$P$T0$1)
                  0000d18c    00000010     display.aem4f : SharpGrLib.oem4f (.const:.string:referse_data)
                  0000d19c    00000010     drivers_msp432p401x.aem4f : I2C.oem4f (.const:I2C_defaultParams)
                  0000d1ac    0000000e     MSP_EXP432P401R.obj (.const)
                  0000d1ba    00000002     --HOLE-- [fill = 0]
                  0000d1bc    0000000c     MSP_EXP432P401R.obj (.const:Capture_config)
                  0000d1c8    0000000c     MSP_EXP432P401R.obj (.const:I2C_config)
                  0000d1d4    0000000c     MSP_EXP432P401R.obj (.const:UART_config)
                  0000d1e0    0000000c     drivers_msp432p401x.aem4f : I2CMSP432.oem4f (.const:bitRates)
                  0000d1ec    0000000c                               : Capture.oem4f (.const:defaultParams)
                  0000d1f8    0000000c     MSP_EXP432P401R.obj (.const:udmaMSP432HWAttrs)
                  0000d204    00000008     MSP_EXP432P401R.obj (.const:UDMAMSP432_config)
                  0000d20c    00000008     drivers_msp432p401x.aem4f : SPIMSP432DMA.oem4f (.const:frameFormat)
                  0000d214    00000008     freertos_builds_MSP_EXP432P401R_release_ccs.lib : port.obj (.const)
                  0000d21c    00000008     msp432p4xx_driverlib.lib : interrupt.o (.const:g_pulDisRegs)
                  0000d224    00000008                              : interrupt.o (.const:g_pulEnRegs)
                  0000d22c    00000008                              : interrupt.o (.const:g_pulUnpendRegs)
                  0000d234    00000007     display.aem4f : DisplayUart.oem4f (.const:.string:$P$T0$1)
                  0000d23b    00000006     drivers_msp432p401x.aem4f : GPIOMSP432.oem4f (.const:.string:interruptType)
                  0000d241    00000006                               : GPIOMSP432.oem4f (.const:.string:portInterruptIds)
                  0000d247    00000005                               : UARTMSP432.oem4f (.const:.string:parityTypes)
                  0000d24c    00000004     freertos_builds_MSP_EXP432P401R_release_ccs.lib : pthread.obj (.const)
                  0000d250    00000004                                                     : tasks.obj (.const)
                  0000d254    00000004     drivers_msp432p401x.aem4f : UARTMSP432.oem4f (.const:stopBits)
                  0000d258    00000002     freertos_builds_MSP_EXP432P401R_release_ccs.lib : pthread.obj (.const:.string)

.cinit     0    0000d260    00000120     
                  0000d260    000000e9     (.cinit..data.load) [load image, compression = lzss]
                  0000d349    00000003     --HOLE-- [fill = 0]
                  0000d34c    0000000c     (__TI_handler_table)
                  0000d358    00000008     (.cinit..bss.load) [load image, compression = zero_init]
                  0000d360    00000008     (.cinit..vtable.load) [load image, compression = zero_init]
                  0000d368    00000018     (__TI_cinit_table)

.init_array 
*          0    00000000    00000000     UNINITIALIZED

.intvecs   0    00000000    00000144     
                  00000000    00000144     freertos_builds_MSP_EXP432P401R_release_ccs.lib : startup_msp432_ccs.obj (.intvecs:retain)

.bss       0    20000000    00009261     UNINITIALIZED
                  20000000    00008000     freertos_builds_MSP_EXP432P401R_release_ccs.lib : heap_4.obj (.bss:ucHeap)
                  20008000    00000800     MSP_EXP432P401R.obj (.bss:sharpDisplayBuf)
                  20008800    00000400     MSP_EXP432P401R.obj (.bss:displayBuf)
                  20008c00    00000120     (.common:spiMSP432DMAObjects)
                  20008d20    000000c8     freertos_builds_MSP_EXP432P401R_release_ccs.lib : tasks.obj (.bss:pxReadyTasksLists)
                  20008de8    00000018     display.aem4f : SharpGrLib.oem4f (.bss:spiTrans)
                  20008e00    00000100     MSP_EXP432P401R.obj (.bss:dmaControlTable)
                  20008f00    000000a8     TempSensorProxy.obj (.bss:$O1$$)
                  20008fa8    00000080     (.common:uartMSP432Objects)
                  20009028    00000050     (.common:i2cMSP432Objects)
                  20009078    00000044     (.common:displaySharpObject)
                  200090bc    00000030     drivers_msp432p401x.aem4f : GPIOMSP432.oem4f (.bss:gpioCallbackInfo)
                  200090ec    00000020                               : UDMAMSP432.oem4f (.bss:hwiFxnArgs)
                  2000910c    00000020                               : UDMAMSP432.oem4f (.bss:hwiFxnHandlers)
                  2000912c    00000020     (.common:uartMSP432RingBuffer)
                  2000914c    00000018     (.common:captureMSP432Objects)
                  20009164    00000014     main_freertos.obj (.bss:$O1$$)
                  20009178    00000014     freertos_builds_MSP_EXP432P401R_release_ccs.lib : timers.obj (.bss:xActiveTimerList1)
                  2000918c    00000014                                                     : timers.obj (.bss:xActiveTimerList2)
                  200091a0    00000014                                                     : tasks.obj (.bss:xDelayedTaskList1)
                  200091b4    00000014                                                     : tasks.obj (.bss:xDelayedTaskList2)
                  200091c8    00000014                                                     : tasks.obj (.bss:xPendingReadyList)
                  200091dc    00000014                                                     : tasks.obj (.bss:xSuspendedTaskList)
                  200091f0    00000014                                                     : tasks.obj (.bss:xTasksWaitingTermination)
                  20009204    00000010     drivers_msp432p401x.aem4f : UDMAMSP432.oem4f (.bss:hwiHandles)
                  20009214    0000000c     (.common:displayUartObject)
                  20009220    00000008     display.aem4f : SharpGrLib.oem4f (.bss)
                  20009228    00000008     freertos_builds_MSP_EXP432P401R_release_ccs.lib : tasks.obj (.bss)
                  20009230    00000008                                                     : timers.obj (.bss)
                  20009238    00000008     msp432p4xx_driverlib.lib : cs.o (.bss)
                  20009240    00000008     freertos_builds_MSP_EXP432P401R_release_ccs.lib : heap_4.obj (.bss:xStart)
                  20009248    00000004     drivers_msp432p401x.aem4f : GPIOMSP432.oem4f (.bss)
                  2000924c    00000004     freertos_builds_MSP_EXP432P401R_release_ccs.lib : aeabi_portable.obj (.bss:main_reent)
                  20009250    00000004     drivers_msp432p401x.aem4f : TimerMSP432.oem4f (.bss:timerState)
                  20009254    00000004     (.common:disp_hdl)
                  20009258    00000004     (.common:gObj)
                  2000925c    00000004     (.common:kp)
                  20009260    00000001     (.common:udmaMSP432Object)

.data      0    20009264    00000b20     UNINITIALIZED
                  20009264    00000800     freertos_builds_MSP_EXP432P401R_release_ccs.lib : HwiPMSP432_freertos.obj (.data:HwiP_dispatchTable)
                  20009a64    00000140     drivers_msp432p401x.aem4f : PowerMSP432.oem4f (.data:PowerMSP432_perfLevels)
                  20009ba4    000000a0     MSP_EXP432P401R.obj (.data:myPerfLevels)
                  20009c44    00000034     freertos_builds_MSP_EXP432P401R_release_ccs.lib : tasks.obj (.data)
                  20009c78    00000034     MSP_EXP432P401R.obj (.data:gpioPinConfigs)
                  20009cac    0000002c     drivers_msp432p401x.aem4f : PowerMSP432.oem4f (.data:PowerMSP432_module)
                  20009cd8    00000018                               : CaptureMSP432.oem4f (.data:captureModeConfig)
                  20009cf0    00000018     freertos_builds_MSP_EXP432P401R_release_ccs.lib : heap_4.obj (.data)
                  20009d08    00000018                                                     : port.obj (.data)
                  20009d20    00000014                                                     : pthread.obj (.data:defaultPthreadAttrs)
                  20009d34    00000010     drivers_msp432p401x.aem4f : CaptureMSP432.oem4f (.data:continuousModeConfig)
                  20009d44    00000010                               : UDMAMSP432.oem4f (.data)
                  20009d54    00000010     MSP_EXP432P401R.obj (.data:gpioCallbackFunctions)
                  20009d64    0000000c     freertos_builds_MSP_EXP432P401R_release_ccs.lib : timers.obj (.data)
                  20009d70    00000004                                                     : ClockP_freertos.obj (.data)
                  20009d74    00000004                                                     : HwiPMSP432_freertos.obj (.data)
                  20009d78    00000004     rtsv7M4_T_le_v4SPD16_eabi.lib : vla_alloc.c.obj (.data)
                  20009d7c    00000002     display.aem4f : SharpGrLib.oem4f (.data)
                  20009d7e    00000002     drivers_msp432p401x.aem4f : GPIOMSP432.oem4f (.data)
                  20009d80    00000001                               : Capture.oem4f (.data)
                  20009d81    00000001                               : I2C.oem4f (.data)
                  20009d82    00000001                               : SPI.oem4f (.data)
                  20009d83    00000001                               : UART.oem4f (.data)

.vtable    0    2000a000    000000e8     UNINITIALIZED
                  2000a000    000000e8     msp432p4xx_driverlib.lib : interrupt.o (.vtable)

.stack     0    2000fc00    00000400     UNINITIALIZED
                  2000fc00    00000004     rtsv7M4_T_le_v4SPD16_eabi.lib : boot_cortex_m.c.obj (.stack)
                  2000fc04    000003fc     --HOLE--

__llvm_prf_cnts 
*          0    20000000    00000000     UNINITIALIZED

.binit     0    00000000    00000000     

MODULE SUMMARY

       Module                       code    ro data   rw data
       ------                       ----    -------   -------
    .\
       MSP_EXP432P401R.obj          28      666       8378   
       TempSensorProxy.obj          634     0         336    
       main_freertos.obj            596     0         48     
       LCDdisplayClient.obj         574     0         8      
       LCDdisplayProxy.obj          408     16        0      
       TempController.obj           288     0         0      
       TempSensor.obj               200     0         0      
       Keypad.obj                   182     0         8      
       LCDdisplayI2C.obj            124     0         0      
       DisplayConsole.obj           94      0         0      
       utils.obj                    56      0         0      
       TempData.obj                 36      0         0      
    +--+----------------------------+-------+---------+---------+
       Total:                       3220    682       8778   
                                                             
    C:/ti/ccs1110/ccs/workspace/freertos_builds_MSP_EXP432P401R_release_ccs/Debug/freertos_builds_MSP_EXP432P401R_release_ccs.lib
       heap_4.obj                   952     0         65600  
       tasks.obj                    5392    4         720    
       HwiPMSP432_freertos.obj      368     0         4104   
       queue.obj                    3280    0         0      
       timers.obj                   1428    0         120    
       SystemP_freertos.obj         1498    0         0      
       pthread.obj                  798     6         40     
       port.obj                     764     8         48     
       ClockP_freertos.obj          626     0         8      
       startup_msp432_ccs.obj       26      324       0      
       list.obj                     298     0         0      
       SemaphoreP_freertos.obj      250     0         0      
       portasm.obj                  218     0         0      
       memory.obj                   192     0         0      
       sleep.obj                    132     0         0      
       PowerMSP432_freertos.obj     80      0         0      
       aeabi_portable.obj           64      0         8      
       PTLS.obj                     70      0         0      
       sched.obj                    24      0         0      
    +--+----------------------------+-------+---------+---------+
       Total:                       16460   342       70648  
                                                             
    C:/ti/simplelink_msp432p4_sdk_3_40_01_02/source/ti/devices/msp432p4xx/driverlib/ccs/msp432p4xx_driverlib.lib
       cs.o                         1674    0         16     
       interrupt.o                  550     104       464    
       timer_a.o                    696     0         0      
       gpio.o                       368     48        0      
       spi.o                        328     0         0      
       uart.o                       284     0         0      
       dma.o                        240     0         0      
       timer32.o                    226     0         0      
       sysctl_a.o                   212     0         0      
       i2c.o                        108     0         0      
       cpu.o                        24      0         0      
       sysctl.o                     16      0         0      
    +--+----------------------------+-------+---------+---------+
       Total:                       4726    152       480    
                                                             
    C:/ti/simplelink_msp432p4_sdk_3_40_01_02/source/ti/display/lib/display.aem4f
       SharpGrLib.oem4f             1112    48        68     
       DisplaySharp.oem4f           792     32        0      
       DisplayUart.oem4f            576     39        0      
       Display.oem4f                192     1         0      
    +--+----------------------------+-------+---------+---------+
       Total:                       2672    120       68     
                                                             
    C:/ti/simplelink_msp432p4_sdk_3_40_01_02/source/ti/drivers/lib/drivers_msp432p401x.aem4f
       UARTMSP432.oem4f             3406    81        0      
       PowerMSP432.oem4f            2196    0         728    
       I2CMSP432.oem4f              2028    36        0      
       SPIMSP432DMA.oem4f           1894    32        0      
       GPIOMSP432.oem4f             984     12        108    
       UDMAMSP432.oem4f             900     0         192    
       CaptureMSP432.oem4f          702     24        80     
       UART.oem4f                   186     36        2      
       TimerMSP432.oem4f            204     0         8      
       SPI.oem4f                    172     32        2      
       Capture.oem4f                178     12        2      
       I2C.oem4f                    172     16        2      
       RingBuf.oem4f                184     0         0      
       List.oem4f                   76      0         0      
    +--+----------------------------+-------+---------+---------+
       Total:                       13282   281       1124   
                                                             
    C:/ti/simplelink_msp432p4_sdk_3_40_01_02/source/ti/grlib/lib/ccs/m4f/grlib.a
       string.obj                   1214    0         0      
       fontfixed6x8.obj             0       960       0      
       rectangle.obj                274     0         0      
       display.obj                  194     0         0      
       context.obj                  188     0         0      
       line.obj                     156     0         0      
    +--+----------------------------+-------+---------+---------+
       Total:                       2026    960       0      
                                                             
    C:\ti\ccs1110\ccs\tools\compiler\ti-cgt-arm_20.2.5.LTS\lib\rtsv7M4_T_le_v4SPD16_eabi.lib
       _printfi.c.obj               4851    0         0      
       vla_alloc.c.obj              564     0         8      
       fd_add_t2.asm.obj            438     0         0      
       fd_div_t2.asm.obj            310     0         0      
       s_scalbn.c.obj               272     0         0      
       fd_cmp_t2.asm.obj            268     0         0      
       ctype.c.obj                  0       257       0      
       fd_mul_t2.asm.obj            252     0         0      
       memcpy_t2.asm.obj            156     0         0      
       ull_div_t2.asm.obj           150     0         0      
       memset_t2.asm.obj            122     0         0      
       fd_tos_t2.asm.obj            110     0         0      
       copy_decompress_lzss.c.obj   104     0         0      
       s_frexp.c.obj                100     0         0      
       sprintf.c.obj                98      0         0      
       _ltoa.c.obj                  84      0         0      
       atoi.c.obj                   76      0         0      
       fd_toi_t2.asm.obj            72      0         0      
       autoinit.c.obj               68      0         0      
       fd_tou_t2.asm.obj            68      0         0      
       u_divt2.asm.obj              64      0         0      
       fs_tod_t2.asm.obj            56      0         0      
       boot_cortex_m.c.obj          52      0         0      
       i_tofd_t2.asm.obj            46      0         0      
       ull_tofd_t2.asm.obj          44      0         0      
       ll_lsl_t2.asm.obj            30      0         0      
       memccpy.c.obj                28      0         0      
       s_copysign.c.obj             26      0         0      
       strchr.c.obj                 22      0         0      
       strcpy.c.obj                 20      0         0      
       strlen.c.obj                 20      0         0      
       wcslen.c.obj                 18      0         0      
       copy_decompress_none.c.obj   14      0         0      
       copy_zero_init.c.obj         12      0         0      
       error.c.obj                  4       0         0      
       exit.c.obj                   4       0         0      
       pre_init.c.obj               4       0         0      
       div0.asm.obj                 2       0         0      
    +--+----------------------------+-------+---------+---------+
       Total:                       8629    257       8      
                                                             
       Stack:                       0       0         2048   
       Linker Generated:            0       285       0      
    +--+----------------------------+-------+---------+---------+
       Grand Total:                 51015   3079      83154  


LINKER GENERATED COPY TABLES

__TI_cinit_table @ 0000d368 records: 3, size/record: 8, table size: 24
	.data: load addr=0000d260, load size=000000e9 bytes, run addr=20009264, run size=00000b20 bytes, compression=lzss
	.bss: load addr=0000d358, load size=00000008 bytes, run addr=20000000, run size=00009261 bytes, compression=zero_init
	.vtable: load addr=0000d360, load size=00000008 bytes, run addr=2000a000, run size=000000e8 bytes, compression=zero_init


LINKER GENERATED HANDLER TABLE

__TI_handler_table @ 0000d34c records: 3, size/record: 4, table size: 12
	index: 0, handler: __TI_decompress_lzss
	index: 1, handler: __TI_decompress_none
	index: 2, handler: __TI_zero_init


GLOBAL SYMBOLS: SORTED ALPHABETICALLY BY Name 

address   name                                      
-------   ----                                      
0000d1ad  ADCBuf_count                              
0000d1ac  ADC_count                                 
0000c89d  Board_init                                
0000c8ad  C$$EXIT                                   
0000c713  CPU_cpsid                                 
0000c71f  CPU_cpsie                                 
0000b5c9  CS_clearInterruptFlag                     
0000bac9  CS_getACLK                                
0000bf41  CS_getBCLK                                
00005b19  CS_getDCOFrequency                        
0000baf1  CS_getHSMCLK                              
0000bb19  CS_getMCLK                                
0000bb41  CS_getSMCLK                               
0000bf61  CS_setExternalClockSourceFrequency        
000061a9  CS_startHFXTWithTimeout                   
00006371  CS_startLFXTWithTimeout                   
0000d0b4  CaptureMSP432_captureFxnTable             
0000a289  CaptureMSP432_close                       
0000c86d  CaptureMSP432_control                     
00000b93  CaptureMSP432_init                        
000052fd  CaptureMSP432_open                        
000092ed  CaptureMSP432_start                       
[...]
00008111  UDMAMSP432_open                           
000081a5  UARTMSP432_close                          
00008359  TempSensor_readTemp                       
00008505  GPIO_setAsPeripheralModuleFunctionInputPin
00008615  __aeabi_cdcmpeq                           
00008615  __aeabi_cdcmple                           
0000869b  __aeabi_cdrcmple                          
0000882d  xTimerGenericCommand                      
000088b1  xQueueGenericCreate                       
00008935  Interrupt_disableInterrupt                
000089b5  Interrupt_enableInterrupt                 
00008ab1  mutate                                    
00008ba7  __aeabi_memclr                            
00008ba7  __aeabi_memclr4                           
00008ba7  __aeabi_memclr8                           
00008ba9  __aeabi_memset                            
00008ba9  __aeabi_memset4                           
00008ba9  __aeabi_memset8                           
00008baf  memset                                    
00008c21  xTaskCreate                               
00008c9d  TimerMSP432_allocateTimerResource         
00008e05  vPortSetupTimerInterrupt                  
00008e7d  vTaskPlaceOnEventListRestricted           
00008ef5  I2CMSP432_close                           
00008fe1  vPortValidateInterruptPriority            
00009055  UARTMSP432_writeCancel                    
000090c5  __vla_dealloc                             
00009213  __aeabi_d2f                               
00009281  I2C_masterSendMultiByteFinish             
000092ed  CaptureMSP432_start                       
00009355  GPIO_hwiIntFxn                            
000093bd  PowerMSP432_getFreqs                      
00009425  Timer32_initModule                        
0000948d  __TI_decompress_lzss                      
0000955d  realloc                                   
000095c3  vListInsert                               
00009629  ClockP_stop                               
0000968d  SPIMSP432DMA_close                        
000096f1  frexp                                     
000096f1  frexpl                                    
0000987d  GPIO_setCallback                          
000098dd  HwiP_create                               
0000999d  pxPortInitialiseStack                     
000099fd  displayConsoleThread                      
00009a5d  Display_doOpen                            
00009ab9  Interrupt_registerInterrupt               
00009b15  pthread_exit                              
00009b71  vQueueWaitForMessageRestricted            
00009bcd  vTaskDelay                                
00009c29  DisplaySharp_clearLines                   
00009c85  GPIO_setAsInputPinWithPullUpResistor      
00009cdd  GPIO_write                                
00009d35  Interrupt_unpendInterrupt                 
00009de5  Timer_A_initCapture                       
00009eed  SemaphoreP_create                         
00009ff1  ClockP_delete                             
0000a045  Interrupt_setPriority                     
0000a099  TimerMSP432_freeTimerResource             
0000a0ed  __TI_ltoa                                 
0000a141  xTimerCreateTimerTask                     
0000a195  Graphics_initContext                      
0000a289  CaptureMSP432_close                       
0000a2d9  Keypad_InterruptHandler                   
0000a325  atoi                                      
0000a4a1  vPortEnterCritical                        
0000a4ed  vTaskSetThreadLocalStoragePointer         
0000a539  HwiP_dispatch                             
0000a581  Power_releaseConstraint                   
0000a5c9  create_Queues                             
0000a659  __aeabi_d2iz                              
0000a6a1  sleep                                     
0000a6e9  uxListRemove                              
0000a731  RingBuf_put                               
0000a7bd  xQueueCreateCountingSemaphore             
0000a805  Capture_init                              
0000a849  I2C_init                                  
0000a88d  SPI_init                                  
0000a8d1  TempController_init                       
0000a915  UART_init                                 
0000a959  __TI_auto_init_nobinit_nopinit            
0000aa25  __aeabi_d2uiz                             
0000aaab  malloc                                    
0000aaed  Capture_open                              
0000ab2d  GPIO_setAsOutputPin                       
0000abad  I2C_open                                  
0000abed  RingBuf_get                               
0000ac2d  SPI_open                                  
0000ac6d  UARTMSP432_read                           
0000acad  UART_open                                 
0000aced  __aeabi_errno_addr                        
0000adad  __aeabi_uidiv                             
0000adad  __aeabi_uidivmod                          
0000aded  sprintf                                   
0000ae2d  ClockP_callbackFxn                        
0000aea9  pthread_setcancelstate                    
0000aee9  Keypad_init                               
0000af61  pvTaskGetThreadLocalStoragePointer        
0000af9d  usleep                                    
0000afd9  vListInsertEnd                            
0000b015  xTimerCreate                              
0000b051  PowerMSP432_sleepPolicy                   
0000b08b  DisplayI2C_initialize                     
0000b0c5  Power_setConstraint                       
0000b0fd  Timer32_startTimer                        
0000b135  delay_us                                  
0000b215  __aeabi_f2d                               
0000b24d  CaptureMSP432_stop                        
0000b283  Graphics_drawHorizontalLineOnDisplay      
0000b2b9  UARTMSP432_readCancel                     
0000b325  Capture_Callback                          
0000b359  DisplaySharp_close                        
0000b38d  GPIO_clearInt                             
0000b3c1  GPIO_disableInt                           
0000b3f5  GPIO_enableInt                            
0000b429  LCD_setCursor                             
0000b45d  SemaphoreP_pend                           
0000b491  TempSensorProxy_configure                 
0000b4c5  Timer32_setCount                          
0000b4f9  Timer_A_configureContinuousMode           
0000b52d  _c_int00_noargs                           
0000b595  vTaskPlaceOnEventList                     
0000b5c9  CS_clearInterruptFlag                     
0000b5f9  DisplayI2C_send                           
0000b629  SystemP_snprintf                          
0000b749  vListInitialise                           
0000b779  vPortExitCritical                         
0000b7a9  xTaskGetSchedulerState                    
0000b835  pvTimerGetTimerID                         
0000b863  __aeabi_i2d                               
0000b891  Graphics_drawPixelOnDisplay               
0000b8bd  HwiP_disable                              
0000b8e9  SemaphoreP_createBinary                   
0000b915  Timer_A_clearCaptureCompareInterrupt      
0000b941  Timer_A_disableCaptureCompareInterrupt    
0000b96d  Timer_A_enableCaptureCompareInterrupt     
0000b999  __aeabi_ul2d                              
0000b9c5  temperatureReadingThread                  
0000b9f1  vTaskSetApplicationTaskTag                
0000ba1d  xPortSysTickHandler                       
0000ba49  DisplayUartAnsi_clear                     
0000ba73  Display_doPrintf                          
0000bac9  CS_getACLK                                
0000baf1  CS_getHSMCLK                              
0000bb19  CS_getMCLK                                
0000bb41  CS_getSMCLK                               
0000bb69  Display_doInit                            
0000bb91  GPIO_setOutputHighOnPin                   
0000bbb9  GPIO_setOutputLowOnPin                    
0000bbe1  HwiP_inISR                                
0000bc09  Power_registerNotify                      
0000bc31  SPI_getInterruptStatus                    
0000bcd1  keypadThread                              
0000bcf9  pthread_attr_setschedparam                
0000bd21  xTaskGetApplicationTaskTag                
0000bd49  List_put                                  
0000bd6f  List_remove                               
0000bd95  _pthread_cleanup_pop                      
0000bde1  DisplaySharp_clear                        
0000be05  LCD_init                                  
0000be29  SharpGrLib_init                           
0000be71  vQueueDelete                              
0000be95  vTaskInternalSetTimeOutState              
0000beb9  SemaphoreP_post                           
0000bedb  SystemP_vsnprintf                         
0000befd  Timer_A_getCaptureCompareCount            
0000bf1f  pthread_attr_setdetachstate               
0000bf41  CS_getBCLK                                
0000bf61  CS_setExternalClockSourceFrequency        
0000bf81  HwiP_restore                              
0000bfa1  Power_unregisterNotify                    
0000bfc1  RingBuf_peek                              
0000c001  ClockP_start                              
0000c01f  Graphics_fillRectangleOnDisplay           
0000c03d  HwiP_Params_init                          
0000c05b  LCD_write                                 
0000c097  __aeabi_llsl                              
0000c0b5  ClockP_Params_init                        
0000c0d1  ClockP_usleep                             
0000c0ed  DisplayClient_turnOffLCDbacklight         
0000c109  Interrupt_unregisterInterrupt             
0000c125  LCD_configure                             
0000c141  memccpy                                   
0000c15d  pthread_attr_init                         
0000c179  pvTaskIncrementMutexHeldCount             
0000c195  Graphics_clearDisplayOnDisplay            
0000c1af  Graphics_setBackgroundColor               
0000c1c9  Graphics_setFont                          
0000c1e3  PTLS_taskDeleteHook                       
0000c1fd  TempSensorProxy_create                    
0000c217  copysign                                  
0000c217  copysignl                                 
0000c24b  EUSCI_A_SPI_getInterruptStatus            
0000c263  EUSCI_B_SPI_getInterruptStatus            
0000c27b  I2C_transfer                              
0000c293  LCD_create                                
0000c2c5  SysCtl_A_disableNMISource                 
0000c2dd  SysCtl_A_enableNMISource                  
0000c2f5  Timer_A_clearTimer                        
0000c30d  UART_Params_init                          
0000c355  free                                      
0000c36d  queryClockFreqs                           
0000c385  sched_yield                               
0000c39d  ClockP_setTimeout                         
0000c3b3  DisplayUartAnsi_close                     
0000c3c9  Graphics_setForegroundColor               
0000c3df  Graphics_translateColorOnDisplay          
0000c3f5  PTLS_getBuf                               
0000c40b  PTLS_setBuf                               
0000c421  SemaphoreP_Params_init                    
0000c437  Timer_A_startCounter                      
0000c44d  strchr                                    
0000c465  DisplayClient_init                        
0000c479  DisplayI2C_create                         
0000c48d  LCD_clear                                 
0000c4a1  LCD_home                                  
0000c4b5  Power_idleFunc                            
0000c4b5  vApplicationIdleHook                      
0000c4c9  SPI_Params_init                           
0000c4dd  TempData_init                             
0000c4f1  Timer_A_stopTimer                         
0000c52d  pthread_attr_setstacksize                 
0000c541  pthread_self                              
0000c555  resetISR                                  
0000c569  strcpy                                    
0000c57d  strlen                                    
0000c591  xTaskGetCurrentTaskHandle                 
0000c5a5  xTaskGetTickCount                         
0000c5b9  Graphics_clearDisplay                     
0000c5cb  Graphics_flushOnDisplay                   
0000c5dd  HwiP_delete                               
0000c5ef  LCD_blink                                 
0000c601  LCD_display                               
0000c613  LCD_noDisplay                             
0000c625  RingBuf_construct                         
0000c637  wcslen                                    
0000c649  Capture_Params_init                       
0000c659  I2C_Params_init                           
0000c669  PowerMSP432_getNumPerfLevels              
0000c679  SysCtl_A_getNMISourceStatus               
0000c689  SysCtl_getNMISourceStatus                 
0000c699  TempData_create                           
0000c6a9  init_Timer32_module                       
0000c6c9  vListInitialiseItem                       
0000c6d9  vTaskSuspendAll                           
0000c6e9  Graphics_flushBuffer                      
0000c6f7  Timer32_getValue                          
0000c705  __TI_decompress_none                      
0000c713  CPU_cpsid                                 
0000c71f  CPU_cpsie                                 
0000c72b  Display_doClear                           
0000c737  HwiP_clearInterrupt                       
0000c743  HwiP_disableInterrupt                     
0000c74f  HwiP_enableInterrupt                      
0000c75d  Power_getConstraintMask                   
0000c769  Power_getPerformanceLevel                 
0000c775  SemaphoreP_delete                         
0000c781  TempSensorProxy_init                      
0000c78d  TempSensor_init                           
0000c799  __TI_zero_init                            
0000c7a5  vTaskMissedYield                          
0000c7b1  Capture_close                             
0000c7bb  Capture_start                             
0000c7c5  Capture_stop                              
0000c7cf  LCD_backlight                             
0000c7d9  LCD_noBacklight                           
0000c7e3  PowerMSP432_updateFreqs                   
0000c7ed  SPI_close                                 
0000c7f7  SPI_transfer                              
0000c80b  UART_close                                
0000c815  UART_control                              
0000c81f  UART_write                                
0000c833  vPortSuppressTicksAndSleep                
0000c83d  DisplaySharp_getType                      
0000c86d  CaptureMSP432_control                     
0000c873  DisplayClient_create                      
0000c879  DisplayUartAnsi_control                   
0000c87f  DisplayUartAnsi_getType                   
0000c885  Display_doParamsInit                      
0000c88b  I2CMSP432_control                         
0000c891  Keypad_create                             
0000c897  SPIMSP432DMA_control                      
0000c89d  Board_init                                
0000c89d  MSP_EXP432P401R_initGeneral               
0000c8a1  SPIMSP432DMA_init                         
0000c8a5  __abort_execution                         
0000c8a9  _system_pre_init                          
0000c8ad  C$$EXIT                                   
0000c8ad  abort                                     
0000cba8  _ctypes_                                  
0000cca9  Display_defaultParams                     
0000ccac  g_sFontFixed6x8                           
0000cd74  uartMSP432Baudrates                       
0000ce24  spiMSP432DMAHWAttrs                       
0000cf04  PowerMSP432_config                        
0000cf6c  SPI_config                                
0000cf9c  uartMSP432HWAttrs                         
0000cfc8  UARTMSP432_fxnTable                       
0000cff0  UART_defaultParams                        
0000d014  DisplaySharp_fxnTable                     
0000d034  DisplayUartAnsi_fxnTable                  
0000d054  SPI_defaultParams                         
0000d074  g_sharpFxns                               
0000d0b4  CaptureMSP432_captureFxnTable             
0000d0cc  Display_config                            
0000d0e4  I2CMSP432_fxnTable                        
0000d0fc  SPIMSP432DMA_fxnTable                     
0000d114  displaySharpHWattrs                       
0000d12c  GPIOMSP432_config                         
0000d140  captureMSP432HWAttrs                      
0000d154  displayUartHWAttrs                        
0000d168  i2cMSP432HWAttrs                          
0000d19c  I2C_defaultParams                         
0000d1ac  ADC_count                                 
0000d1ad  ADCBuf_count                              
0000d1ae  Capture_count                             
0000d1af  Display_count                             
0000d1b0  I2C_count                                 
0000d1b1  I2CSlave_count                            
0000d1b2  NVS_count                                 
0000d1b3  PWM_count                                 
0000d1b4  SDFatFS_count                             
0000d1b5  SD_count                                  
0000d1b6  SPI_count                                 
0000d1b7  Timer_count                               
0000d1b8  UART_count                                
0000d1b9  Watchdog_count                            
0000d1bc  Capture_config                            
0000d1c8  I2C_config                                
0000d1d4  UART_config                               
0000d1f8  udmaMSP432HWAttrs                         
0000d204  UDMAMSP432_config                         
0000d214  ulMaxSyscallInterruptPriority             
0000d250  uxTopUsedPriority                         
0000d260  __TI_static_base__                        
0000d34c  __TI_Handler_Table_Base                   
0000d358  __TI_Handler_Table_Limit                  
0000d368  __TI_CINIT_Base                           
0000d380  __TI_CINIT_Limit                          
20000000  __start___llvm_prf_cnts                   
20000000  __stop___llvm_prf_cnts                    
20008c00  spiMSP432DMAObjects                       
20008f01  capturedIntervalsPtr                      
20008f04  capturedIntervals                         
20008fa8  uartMSP432Objects                         
20009028  i2cMSP432Objects                          
20009078  displaySharpObject                        
2000912c  uartMSP432RingBuffer                      
2000914c  captureMSP432Objects                      
20009164  qTReadToLCD                               
20009168  qTReadToTCtrl                             
2000916c  qDispConsole                              
20009170  qKeypadToTCtrl                            
20009174  qTCtrlToLCD                               
20009214  displayUartObject                         
20009254  disp_hdl                                  
20009258  gObj                                      
2000925c  kp                                        
20009260  udmaMSP432Object                          
20009264  HwiP_dispatchTable                        
20009a64  PowerMSP432_perfLevels                    
20009ba4  myPerfLevels                              
20009c44  pxCurrentTCB                              
20009c78  gpioPinConfigs                            
20009cac  PowerMSP432_module                        
20009d54  gpioCallbackFunctions                     
2000a000  g_pfnRAMVectors                           
2000fc00  __stack                                   
20010000  __STACK_END                               
4000480c  WDTCTL_SYM                                
ffffffff  __TI_pprof_out_hndl                       
ffffffff  __TI_prof_data_size                       
ffffffff  __TI_prof_data_start                      
ffffffff  __binit__                                 
ffffffff  __c_args__                                
ffffffff  binit                                     
UNDEFED   __mpu_init                                
UNDEFED   _system_post_cinit                        

[473 symbols]
