******************************************************************************
                  TI ARM Linker PC v20.2.5                     
******************************************************************************
>> Linked Tue Nov 15 19:29:39 2022

OUTPUT FILE NAME:   <Thermostat.out>
ENTRY POINT SYMBOL: "resetISR"  address: 0000c529


MEMORY CONFIGURATION

         name            origin    length      used     unused   attr    fill
----------------------  --------  ---------  --------  --------  ----  --------
  MAIN                  00000000   0003f000  0000cc9e  00032362  R  X
  MYDATA                0003f000   00001000  00000000  00001000  R  X
  INFO                  00200000   00004000  00000000  00004000  R  X
  SRAM_CODE             01000000   00010000  0000c27a  00003d86  RW X
  SRAM_DATA             20000000   00010000  0000c27a  00003d86  RW  


SEGMENT ALLOCATION MAP

run origin  load origin   length   init length attrs members
----------  ----------- ---------- ----------- ----- -------
00000000    00000000    00000144   00000144    r--
  00000000    00000000    00000144   00000144    r-- .intvecs
00002fe4    00002fe4    00009b62   00009b62    r-x
  00002fe4    00002fe4    0000981c   0000981c    r-x .text
  0000c800    0000c800    00000346   00000346    r-- .const
0000cb48    0000cb48    00000158   00000158    r--
  0000cb48    0000cb48    00000148   00000148    r-- .cinit
  0000cc90    0000cc90    00000010   00000010    r-- .binit
010083a4    00000144    00002ea0   00002ea0    r-x
  010083a4    00000144    00002ea0   00002ea0    r-x .TI.ramfunc
20000000    20000000    000083a4   00000000    rw-
  20000000    20000000    000083a4   00000000    rw- .bss
2000b244    2000b244    00000b4e   00000000    rw-
  2000b244    2000b244    00000b4e   00000000    rw- .data
2000c000    2000c000    000000e8   00000000    rw-
  2000c000    2000c000    000000e8   00000000    rw- .vtable
2000fc00    2000fc00    00000400   00000000    rw-
  2000fc00    2000fc00    00000400   00000000    rw- .stack


SECTION ALLOCATION MAP

 output                                  attributes/
section   page    origin      length       input sections
--------  ----  ----------  ----------   ----------------
.intvecs   0    00000000    00000144     
                  00000000    00000144     freertos_builds_MSP_EXP432P401R_release_ccs.lib : startup_msp432_ccs.obj (.intvecs:retain)

.text      0    00002fe4    0000981c     
                  00002fe4    000002f8     drivers_msp432p401x.aem4f : PowerMSP432.oem4f (.text:Power_sleep)
                  000032dc    00000288     msp432p4xx_driverlib.lib : flash.o (.text:FlashCtl_verifyMemory)
                  00003564    00000288     drivers_msp432p401x.aem4f : PowerMSP432.oem4f (.text:initPerfControl)
                  000037ec    00000270     DS3231.obj (.text:ds3231_reset)
                  00003a5c    000001f8     drivers_msp432p401x.aem4f : I2CMSP432.oem4f (.text:I2CMSP432_open)
                  00003c54    000001f0     mainThread.obj (.text:mainThread)
                  00003e44    000001f0     freertos_builds_MSP_EXP432P401R_release_ccs.lib : tasks.obj (.text:xTaskIncrementTick)
                  00004034    000001ec     msp432p4xx_driverlib.lib : flash.o (.text:_FlashCtl_ProgramBurst)
                  00004220    000001d0     freertos_builds_MSP_EXP432P401R_release_ccs.lib : queue.obj (.text:xQueueSemaphoreTake)
                  000043f0    000001cc                                                     : tasks.obj (.text:xTaskResumeAll)
                  000045bc    000001b8                                                     : queue.obj (.text:xQueueGenericSend)
                  00004774    000001b6     rtsv7M4_T_le_v4SPD16_eabi.lib : fd_add_t2.asm.obj (.text)
                  0000492a    00000002     drivers_msp432p401x.aem4f : CaptureMSP432.oem4f (.text:CaptureMSP432_init)
                  0000492c    000001b4     DS3231.obj (.text:ds3231_set)
                  00004ae0    000001ac     freertos_builds_MSP_EXP432P401R_release_ccs.lib : heap_4.obj (.text:pvPortMalloc)
                  00004c8c    00000188                                                     : tasks.obj (.text:xTaskRemoveFromEventList)
                  00004e14    00000184     drivers_msp432p401x.aem4f : I2CMSP432.oem4f (.text:I2CMSP432_hwiIntFxn)
                  00004f98    0000017c     freertos_builds_MSP_EXP432P401R_release_ccs.lib : queue.obj (.text:xQueueReceive)
                  00005114    00000170     drivers_msp432p401x.aem4f : GPIOMSP432.oem4f (.text:GPIO_setConfig)
                  00005284    00000162     msp432p4xx_driverlib.lib : flash.o (.text:FlashCtl_programMemory)
                  000053e6    00000002     drivers_msp432p401x.aem4f : I2CMSP432.oem4f (.text:I2CMSP432_init)
                  000053e8    00000154     freertos_builds_MSP_EXP432P401R_release_ccs.lib : timers.obj (.text:prvProcessReceivedCommands)
                  0000553c    00000150     MSP_EXP432P401R.obj (.text:MSP_EXP432P401R_initGeneral)
                  0000568c    0000014c     rtsv7M4_T_le_v4SPD16_eabi.lib : vla_alloc.c.obj (.text:__vla_alloc)
                  000057d8    0000014c     DS3231.obj (.text:ds3231_read)
                  00005924    00000148     freertos_builds_MSP_EXP432P401R_release_ccs.lib : tasks.obj (.text:vTaskPriorityDisinheritAfterTimeout)
                  00005a6c    00000144     msp432p4xx_driverlib.lib : timer_a.o (.text:privateTimer_AProcessClockSourceDivider)
                  00005bb0    0000013a     freertos_builds_MSP_EXP432P401R_release_ccs.lib : tasks.obj (.text:prvInitialiseNewTask)
                  00005cea    00000002     msp432p4xx_driverlib.lib : interrupt.o (.text:IntDefaultHandler)
                  00005cec    00000138                              : flash.o (.text:FlashCtl_eraseSector)
                  00005e24    00000138     freertos_builds_MSP_EXP432P401R_release_ccs.lib : pthread.obj (.text:pthread_create)
                  00005f5c    00000136     rtsv7M4_T_le_v4SPD16_eabi.lib : fd_div_t2.asm.obj (.text)
                  00006092    00000002     freertos_builds_MSP_EXP432P401R_release_ccs.lib : PowerMSP432_freertos.obj (.text:PowerMSP432_initPolicy)
                  00006094    00000134     msp432p4xx_driverlib.lib : flash.o (.text:__FlashCtl_remaskBurstDataPre)
                  000061c8    00000130                              : flash.o (.text:__FlashCtl_remaskBurstDataPost)
                  000062f8    00000128     freertos_builds_MSP_EXP432P401R_release_ccs.lib : queue.obj (.text:xQueueGenericSendFromISR)
                  00006420    00000124     main_freertos.obj (.text:main)
                  00006544    00000120     freertos_builds_MSP_EXP432P401R_release_ccs.lib : tasks.obj (.text:xTaskPriorityInherit)
                  00006664    0000011c     mainThread.obj (.text:Keypad_InterruptHandler)
                  00006780    0000011c     drivers_msp432p401x.aem4f : I2CMSP432.oem4f (.text:primeTransfer)
                  0000689c    00000118     freertos_builds_MSP_EXP432P401R_release_ccs.lib : tasks.obj (.text:vTaskSuspend)
                  000069b4    00000118                                                     : tasks.obj (.text:xTaskPriorityDisinherit)
                  00006acc    00000110     rtsv7M4_T_le_v4SPD16_eabi.lib : s_scalbn.c.obj (.text:scalbn)
                  00006bdc    0000010e     freertos_builds_MSP_EXP432P401R_release_ccs.lib : queue.obj (.text:xQueueGiveFromISR)
                  00006cea    00000002                                                     : startup_msp432_ccs.obj (.text:defaultISR)
                  00006cec    0000010c     drivers_msp432p401x.aem4f : CaptureMSP432.oem4f (.text:CaptureMSP432_open)
                  00006df8    00000108     freertos_builds_MSP_EXP432P401R_release_ccs.lib : tasks.obj (.text:vTaskDelete)
                  00006f00    00000104     msp432p4xx_driverlib.lib : cs.o (.text:_CSComputeCLKFrequency)
                  00007004    00000104     freertos_builds_MSP_EXP432P401R_release_ccs.lib : tasks.obj (.text:prvAddNewTaskToReadyList)
                  00007108    00000104                                                     : queue.obj (.text:xQueueGenericReset)
                  0000720c    000000fc     rtsv7M4_T_le_v4SPD16_eabi.lib : fd_mul_t2.asm.obj (.text)
                  00007308    000000f8     msp432p4xx_driverlib.lib : cs.o (.text:CS_getDCOFrequency)
                  00007400    000000f6     freertos_builds_MSP_EXP432P401R_release_ccs.lib : queue.obj (.text:xQueueReceiveFromISR)
                  000074f6    000000f0     drivers_msp432p401x.aem4f : I2CMSP432.oem4f (.text:I2CMSP432_transfer)
                  000075e6    00000002     freertos_builds_MSP_EXP432P401R_release_ccs.lib : startup_msp432_ccs.obj (.text:faultISR)
                  000075e8    000000e8                                                     : tasks.obj (.text:prvAddCurrentTaskToDelayedList)
                  000076d0    000000e4     msp432p4xx_driverlib.lib : cs.o (.text:CS_startHFXTWithTimeout)
                  000077b4    000000e0                              : cs.o (.text:CS_startLFXTWithTimeout)
                  00007894    000000dc                              : cs.o (.text:_CSGetHFXTFrequency)
                  00007970    000000dc     freertos_builds_MSP_EXP432P401R_release_ccs.lib : tasks.obj (.text:vTaskSwitchContext)
                  00007a4c    000000da                                                     : portasm.obj (.text)
                  00007b26    00000002                                                     : startup_msp432_ccs.obj (.text:nmiISR)
                  00007b28    000000d8     msp432p4xx_driverlib.lib : flash.o (.text:__FlashCtl_remaskData32Pre)
                  00007c00    000000d4                              : flash.o (.text:__FlashCtl_remaskData32Post)
                  00007cd4    000000d0     freertos_builds_MSP_EXP432P401R_release_ccs.lib : port.obj (.text:xPortStartScheduler)
                  00007da4    000000c8     msp432p4xx_driverlib.lib : flash.o (.text:_FlashCtl_Program8)
                  00007e6c    000000bc                              : flash.o (.text:_FlashCtl_Program32)
                  00007f28    000000bc     freertos_builds_MSP_EXP432P401R_release_ccs.lib : queue.obj (.text:prvCopyDataToQueue)
                  00007fe4    000000bc                                                     : heap_4.obj (.text:prvHeapInit)
                  000080a0    000000b4                                                     : tasks.obj (.text:xTaskCheckForTimeOut)
                  00008154    000000ae                                                     : queue.obj (.text:prvUnlockQueue)
                  00008202    00000002     rtsv7M4_T_le_v4SPD16_eabi.lib : div0.asm.obj (.text)
                  00008204    000000ac     drivers_msp432p401x.aem4f : GPIOMSP432.oem4f (.text:GPIO_init)
                  000082b0    000000ac                               : I2CMSP432.oem4f (.text:I2CMSP432_cancel)
                  0000835c    000000a8     freertos_builds_MSP_EXP432P401R_release_ccs.lib : heap_4.obj (.text:prvInsertBlockIntoFreeList)
                  00008404    000000a8                                                     : heap_4.obj (.text:vPortFree)
                  000084ac    0000009c     drivers_msp432p401x.aem4f : PowerMSP432.oem4f (.text:Power_init)
                  00008548    0000009c     rtsv7M4_T_le_v4SPD16_eabi.lib : memcpy_t2.asm.obj (.text)
                  000085e4    0000009c     freertos_builds_MSP_EXP432P401R_release_ccs.lib : tasks.obj (.text:vTaskStartScheduler)
                  00008680    00000096     rtsv7M4_T_le_v4SPD16_eabi.lib : ull_div_t2.asm.obj (.text)
                  00008716    00000002     main_freertos.obj (.text:vApplicationMallocFailedHook)
                  00008718    00000094     msp432p4xx_driverlib.lib : rtc_c.o (.text:RTC_C_getEnabledInterruptStatus)
                  000087ac    00000094                              : rtc_c.o (.text:RTC_C_initCalendar)
                  00008840    00000094                              : sysctl_a.o (.text:SysCtl_A_getTLVInfo)
                  000088d4    0000008e     drivers_msp432p401x.aem4f : CaptureMSP432.oem4f (.text:CaptureMSP432_hwiIntFunction)
                  00008962    0000008e     LCDdisplayProxy.obj (.text:mutate)
                  000089f0    0000008c     msp432p4xx_driverlib.lib : flash.o (.text:__FlashCtl_remaskData8Pre)
                  00008a7c    00000088                              : gpio.o (.text:GPIO_setAsPeripheralModuleFunctionInputPin)
                  00008b04    00000088                              : gpio.o (.text:GPIO_setAsPeripheralModuleFunctionOutputPin)
                  00008b8c    00000088     mainThread.obj (.text:RTC_C_IRQHandler)
                  00008c14    00000088     freertos_builds_MSP_EXP432P401R_release_ccs.lib : timers.obj (.text:prvProcessTimerOrBlockTask)
                  00008c9c    00000086     rtsv7M4_T_le_v4SPD16_eabi.lib : fd_cmp_t2.asm.obj (.text:__aeabi_cdcmple)
                  00008d22    00000086                                   : fd_cmp_t2.asm.obj (.text:__aeabi_cdrcmple)
                  00008da8    00000084     RTC.obj (.text:RTC_C_init)
                  00008e2c    00000084     msp432p4xx_driverlib.lib : flash.o (.text:__FlashCtl_remaskData8Post)
                  00008eb0    00000084     drivers_msp432p401x.aem4f : PowerMSP432.oem4f (.text:restartHFXT)
                  00008f34    00000082     freertos_builds_MSP_EXP432P401R_release_ccs.lib : queue.obj (.text:xQueueGenericCreate)
                  00008fb6    00000002     main_freertos.obj (.text:vApplicationStackOverflowHook)
                  00008fb8    00000080     msp432p4xx_driverlib.lib : interrupt.o (.text:Interrupt_disableInterrupt)
                  00009038    00000080                              : interrupt.o (.text:Interrupt_enableInterrupt)
                  000090b8    00000080                              : sysctl.o (.text:SysCtl_getTLVInfo)
                  00009138    0000007c                              : cs.o (.text:_CSGetDOCFrequency)
                  000091b4    0000007a     freertos_builds_MSP_EXP432P401R_release_ccs.lib : pthread.obj (.text:removeThreadKeys)
                  0000922e    0000007a     rtsv7M4_T_le_v4SPD16_eabi.lib : memset_t2.asm.obj (.text)
                  000092a8    0000007a     freertos_builds_MSP_EXP432P401R_release_ccs.lib : tasks.obj (.text:xTaskCreate)
                  00009322    00000002     --HOLE-- [fill = 0]
                  00009324    00000078     msp432p4xx_driverlib.lib : flash.o (.text:FlashCtl_isSectorProtected)
                  0000939c    00000078                              : flash.o (.text:FlashCtl_setReadMode)
                  00009414    00000078                              : flash.o (.text:FlashCtl_unprotectSector)
                  0000948c    00000078     drivers_msp432p401x.aem4f : TimerMSP432.oem4f (.text:TimerMSP432_allocateTimerResource)
                  00009504    00000078     rtsv7M4_T_le_v4SPD16_eabi.lib : vla_alloc.c.obj (.text:_ZN33_INTERNAL_11_vla_alloc_c_be8bd49b21free_dead_allocationsEPv)
                  0000957c    00000078     freertos_builds_MSP_EXP432P401R_release_ccs.lib : timers.obj (.text:prvInsertTimerInActiveList)
                  000095f4    00000078                                                     : port.obj (.text:vPortSetupTimerInterrupt)
                  0000966c    00000078                                                     : tasks.obj (.text:vTaskPlaceOnEventListRestricted)
                  000096e4    00000076     drivers_msp432p401x.aem4f : I2CMSP432.oem4f (.text:I2CMSP432_close)
                  0000975a    00000002     --HOLE-- [fill = 0]
                  0000975c    00000074     freertos_builds_MSP_EXP432P401R_release_ccs.lib : tasks.obj (.text:prvInitialiseTaskLists)
                  000097d0    00000074                                                     : port.obj (.text:vPortValidateInterruptPriority)
                  00009844    00000070     rtsv7M4_T_le_v4SPD16_eabi.lib : vla_alloc.c.obj (.text:__vla_dealloc)
                  000098b4    0000006e     freertos_builds_MSP_EXP432P401R_release_ccs.lib : PowerMSP432_freertos.obj (.text:PowerMSP432_deepSleepPolicy)
                  00009922    0000006e     rtsv7M4_T_le_v4SPD16_eabi.lib : fd_tos_t2.asm.obj (.text)
                  00009990    0000006c     msp432p4xx_driverlib.lib : i2c.o (.text:I2C_masterSendMultiByteFinish)
                  000099fc    00000068     drivers_msp432p401x.aem4f : CaptureMSP432.oem4f (.text:CaptureMSP432_start)
                  00009a64    00000068                               : GPIOMSP432.oem4f (.text:GPIO_hwiIntFxn)
                  00009acc    00000068     Keypad.obj (.text:Keypad_init)
                  00009b34    00000068     drivers_msp432p401x.aem4f : PowerMSP432.oem4f (.text:PowerMSP432_getFreqs)
                  00009b9c    00000068     msp432p4xx_driverlib.lib : timer32.o (.text:Timer32_initModule)
                  00009c04    00000068     rtsv7M4_T_le_v4SPD16_eabi.lib : copy_decompress_lzss.c.obj (.text:decompress:lzss:__TI_decompress_lzss)
                  00009c6c    00000068     DS3231.obj (.text:ds3231_init)
                  00009cd4    00000068     DS3231.obj (.text:ds3231_run_command)
                  00009d3c    00000068     drivers_msp432p401x.aem4f : I2CMSP432.oem4f (.text:initHw)
                  00009da4    00000066     freertos_builds_MSP_EXP432P401R_release_ccs.lib : memory.obj (.text:realloc)
                  00009e0a    00000066                                                     : list.obj (.text:vListInsert)
                  00009e70    00000064     msp432p4xx_driverlib.lib : flash.o (.text:FlashCtl_protectSector)
                  00009ed4    00000064                              : rtc_c.o (.text:RTC_C_enableInterrupt)
                  00009f38    00000064     rtsv7M4_T_le_v4SPD16_eabi.lib : s_frexp.c.obj (.text:frexp)
                  00009f9c    00000064     freertos_builds_MSP_EXP432P401R_release_ccs.lib : tasks.obj (.text:prvGetExpectedIdleTime)
                  0000a000    00000062     DS3231_I2C.obj (.text:DS3231_I2C_write_multi)
                  0000a062    00000062     msp432p4xx_driverlib.lib : cs.o (.text:_CSGetDividerValue)
                  0000a0c4    00000060     drivers_msp432p401x.aem4f : GPIOMSP432.oem4f (.text:GPIO_setCallback)
                  0000a124    00000060     freertos_builds_MSP_EXP432P401R_release_ccs.lib : HwiPMSP432_freertos.obj (.text:HwiP_create)
                  0000a184    00000060                                                     : port.obj (.text:pxPortInitialiseStack)
                  0000a1e4    0000005c     msp432p4xx_driverlib.lib : interrupt.o (.text:Interrupt_registerInterrupt)
                  0000a240    0000005c                              : rtc_c.o (.text:RTC_C_getInterruptStatus)
                  0000a29c    0000005c                              : rtc_c.o (.text:RTC_C_setPrescaleValue)
                  0000a2f8    0000005c     DS3231.obj (.text:ds3231_data_clone)
                  0000a354    0000005c     freertos_builds_MSP_EXP432P401R_release_ccs.lib : tasks.obj (.text:prvIdleTask)
                  0000a3b0    0000005c                                                     : pthread.obj (.text:pthread_exit)
                  0000a40c    0000005c                                                     : queue.obj (.text:vQueueWaitForMessageRestricted)
                  0000a468    0000005c                                                     : tasks.obj (.text:vTaskDelay)
                  0000a4c4    00000058     msp432p4xx_driverlib.lib : gpio.o (.text:GPIO_setAsInputPinWithPullUpResistor)
                  0000a51c    00000058                              : rtc_c.o (.text:RTC_C_clearInterruptFlag)
                  0000a574    00000058                              : timer_a.o (.text:Timer_A_initCapture)
                  0000a5cc    00000056     freertos_builds_MSP_EXP432P401R_release_ccs.lib : SemaphoreP_freertos.obj (.text:SemaphoreP_create)
                  0000a622    00000056     drivers_msp432p401x.aem4f : I2CMSP432.oem4f (.text:completeTransfer)
                  0000a678    00000054     msp432p4xx_driverlib.lib : interrupt.o (.text:Interrupt_setPriority)
                  0000a6cc    00000054     drivers_msp432p401x.aem4f : TimerMSP432.oem4f (.text:TimerMSP432_freeTimerResource)
                  0000a720    00000054     rtsv7M4_T_le_v4SPD16_eabi.lib : autoinit.c.obj (.text:__TI_auto_init_nopinit:__TI_auto_init_nopinit)
                  0000a774    00000054                                   : _ltoa.c.obj (.text:__TI_ltoa)
                  0000a7c8    00000054     freertos_builds_MSP_EXP432P401R_release_ccs.lib : timers.obj (.text:xTimerCreateTimerTask)
                  0000a81c    00000050     StateMachine.obj (.text:StateMachine_init)
                  0000a86c    00000050     TempController.obj (.text:TempController_updateHeatingState)
                  0000a8bc    00000050     freertos_builds_MSP_EXP432P401R_release_ccs.lib : semaphore.obj (.text:sem_init)
                  0000a90c    0000004e     drivers_msp432p401x.aem4f : CaptureMSP432.oem4f (.text:CaptureMSP432_close)
                  0000a95a    00000002     --HOLE-- [fill = 0]
                  0000a95c    0000004c     msp432p4xx_driverlib.lib : flash.o (.text:FlashCtl_clearProgramVerification)
                  0000a9a8    0000004c                              : flash.o (.text:FlashCtl_setProgramVerification)
                  0000a9f4    0000004c     rtsv7M4_T_le_v4SPD16_eabi.lib : atoi.c.obj (.text:atoi)
                  0000aa40    0000004c                                   : cpy_tbl.c.obj (.text:copy_in)
                  0000aa8c    0000004c     freertos_builds_MSP_EXP432P401R_release_ccs.lib : timers.obj (.text:prvCheckForValidListAndQueue)
                  0000aad8    0000004c                                                     : tasks.obj (.text:prvCheckTasksWaitingTermination)
                  0000ab24    0000004c                                                     : timers.obj (.text:prvProcessExpiredTimer)
                  0000ab70    0000004c                                                     : port.obj (.text:vPortEnterCritical)
                  0000abbc    0000004c                                                     : tasks.obj (.text:vTaskSetThreadLocalStoragePointer)
                  0000ac08    00000048     msp432p4xx_driverlib.lib : flash.o (.text:FlashCtl_setWaitState)
                  0000ac50    00000048     freertos_builds_MSP_EXP432P401R_release_ccs.lib : HwiPMSP432_freertos.obj (.text:HwiP_dispatch)
                  0000ac98    00000048     drivers_msp432p401x.aem4f : PowerMSP432.oem4f (.text:Power_releaseConstraint)
                  0000ace0    00000048     msp432p4xx_driverlib.lib : rtc_c.o (.text:RTC_C_definePrescaleEvent)
                  0000ad28    00000048     freertos_builds_MSP_EXP432P401R_release_ccs.lib : timers.obj (.text:prvSwitchTimerLists)
                  0000ad70    00000048     rtsv7M4_T_le_v4SPD16_eabi.lib : fd_toi_t2.asm.obj (.text)
                  0000adb8    00000048     freertos_builds_MSP_EXP432P401R_release_ccs.lib : sleep.obj (.text:sleep)
                  0000ae00    00000048                                                     : list.obj (.text:uxListRemove)
                  0000ae48    00000046                                                     : queue.obj (.text:xQueueCreateCountingSemaphore)
                  0000ae8e    00000002     --HOLE-- [fill = 0]
                  0000ae90    00000044     drivers_msp432p401x.aem4f : Capture.oem4f (.text:Capture_init)
                  0000aed4    00000044                               : I2C.oem4f (.text:I2C_init)
                  0000af18    00000044     TempSensorProxy.obj (.text:TempSensorProxy_init)
                  0000af5c    00000044     drivers_msp432p401x.aem4f : I2CMSP432.oem4f (.text:perfChangeNotifyFxn)
                  0000afa0    00000044     freertos_builds_MSP_EXP432P401R_release_ccs.lib : queue.obj (.text:prvInitialiseNewQueue)
                  0000afe4    00000042                                                     : memory.obj (.text:malloc)
                  0000b026    00000002     --HOLE-- [fill = 0]
                  0000b028    00000040     drivers_msp432p401x.aem4f : Capture.oem4f (.text:Capture_open)
                  0000b068    00000040     msp432p4xx_driverlib.lib : gpio.o (.text:GPIO_setAsOutputPin)
                  0000b0a8    00000040     drivers_msp432p401x.aem4f : I2C.oem4f (.text:I2C_open)
                  0000b0e8    00000040     freertos_builds_MSP_EXP432P401R_release_ccs.lib : aeabi_portable.obj (.text:__aeabi_errno_addr)
                  0000b128    0000003e                                                     : pthread.obj (.text:pthread_setcancelstate)
                  0000b166    0000003e                                                     : semaphore.obj (.text:sem_post)
                  0000b1a4    0000003c     msp432p4xx_driverlib.lib : rtc_c.o (.text:RTC_C_setCalibrationFrequency)
                  0000b1e0    0000003c     freertos_builds_MSP_EXP432P401R_release_ccs.lib : queue.obj (.text:prvCopyDataFromQueue)
                  0000b21c    0000003c                                                     : tasks.obj (.text:pvTaskGetThreadLocalStoragePointer)
                  0000b258    0000003c                                                     : sleep.obj (.text:usleep)
                  0000b294    0000003c                                                     : list.obj (.text:vListInsertEnd)
                  0000b2d0    0000003a     DS3231_I2C.obj (.text:DS3231_I2C_init)
                  0000b30a    0000003a     freertos_builds_MSP_EXP432P401R_release_ccs.lib : PowerMSP432_freertos.obj (.text:PowerMSP432_sleepPolicy)
                  0000b344    00000038     LCDdisplayI2C.obj (.text:DisplayI2C_initialize)
                  0000b37c    00000038     msp432p4xx_driverlib.lib : flash.o (.text:FlashCtl_enableWordProgramming)
                  0000b3b4    00000038                              : flash.o (.text:FlashCtl_getReadMode)
                  0000b3ec    00000038                              : flash.o (.text:FlashCtl_getWaitState)
                  0000b424    00000038     LCDdisplayProxy.obj (.text:LCD_setCursor)
                  0000b45c    00000038     drivers_msp432p401x.aem4f : PowerMSP432.oem4f (.text:Power_setConstraint)
                  0000b494    00000038     msp432p4xx_driverlib.lib : timer32.o (.text:Timer32_startTimer)
                  0000b4cc    00000038     utils.obj (.text:delay_us)
                  0000b504    00000038     drivers_msp432p401x.aem4f : PowerMSP432.oem4f (.text:notify)
                  0000b53c    00000038     freertos_builds_MSP_EXP432P401R_release_ccs.lib : timers.obj (.text:prvGetNextExpireTime)
                  0000b574    00000038                                                     : port.obj (.text:prvTaskExitError)
                  0000b5ac    00000038     rtsv7M4_T_le_v4SPD16_eabi.lib : fs_tod_t2.asm.obj (.text)
                  0000b5e4    00000036     drivers_msp432p401x.aem4f : CaptureMSP432.oem4f (.text:CaptureMSP432_stop)
                  0000b61a    00000036     freertos_builds_MSP_EXP432P401R_release_ccs.lib : timers.obj (.text:prvReloadTimer)
                  0000b650    00000034     DS3231_I2C.obj (.text:DS3231_I2C_read_multi)
                  0000b684    00000034     DS3231_I2C.obj (.text:DS3231_I2C_write_single)
                  0000b6b8    00000034     drivers_msp432p401x.aem4f : GPIOMSP432.oem4f (.text:GPIO_clearInt)
                  0000b6ec    00000034                               : GPIOMSP432.oem4f (.text:GPIO_disableInt)
                  0000b720    00000034                               : GPIOMSP432.oem4f (.text:GPIO_enableInt)
                  0000b754    00000034     freertos_builds_MSP_EXP432P401R_release_ccs.lib : SemaphoreP_freertos.obj (.text:SemaphoreP_pend)
                  0000b788    00000034     msp432p4xx_driverlib.lib : timer32.o (.text:Timer32_setCount)
                  0000b7bc    00000034                              : timer_a.o (.text:Timer_A_configureContinuousMode)
                  0000b7f0    00000034     rtsv7M4_T_le_v4SPD16_eabi.lib : boot_cortex_m.c.obj (.text:_c_int00_noargs:_c_int00_noargs)
                  0000b824    00000034     freertos_builds_MSP_EXP432P401R_release_ccs.lib : timers.obj (.text:prvSampleTimeNow)
                  0000b858    00000034                                                     : tasks.obj (.text:vTaskPlaceOnEventList)
                  0000b88c    00000030     DS3231.obj (.text:BCD_to_HEX)
                  0000b8bc    00000030     msp432p4xx_driverlib.lib : cs.o (.text:CS_clearInterruptFlag)
                  0000b8ec    00000030     DS3231_I2C.obj (.text:DS3231_I2C_read_single)
                  0000b91c    00000030     LCDdisplayI2C.obj (.text:DisplayI2C_send)
                  0000b94c    00000030     DS3231.obj (.text:ds3231_init_status_update)
                  0000b97c    00000030     drivers_msp432p401x.aem4f : CaptureMSP432.oem4f (.text:mapPin)
                  0000b9ac    00000030                               : I2CMSP432.oem4f (.text:mapPin)
                  0000b9dc    00000030     freertos_builds_MSP_EXP432P401R_release_ccs.lib : tasks.obj (.text:prvResetNextTaskUnblockTime)
                  0000ba0c    00000030                                                     : list.obj (.text:vListInitialise)
                  0000ba3c    00000030                                                     : port.obj (.text:vPortExitCritical)
                  0000ba6c    00000030                                                     : tasks.obj (.text:xTaskGetSchedulerState)
                  0000ba9c    0000002e     DS3231.obj (.text:HEX_to_BCD)
                  0000baca    0000002e     TempController.obj (.text:TempController_init)
                  0000baf8    0000002e     rtsv7M4_T_le_v4SPD16_eabi.lib : i_tofd_t2.asm.obj (.text)
                  0000bb26    00000002     --HOLE-- [fill = 0]
                  0000bb28    0000002c     TempSensorProxy.obj (.text:Capture_Callback)
                  0000bb54    0000002c     freertos_builds_MSP_EXP432P401R_release_ccs.lib : HwiPMSP432_freertos.obj (.text:HwiP_disable)
                  0000bb80    0000002c     msp432p4xx_driverlib.lib : rtc_c.o (.text:RTC_C_startClock)
                  0000bbac    0000002c     freertos_builds_MSP_EXP432P401R_release_ccs.lib : SemaphoreP_freertos.obj (.text:SemaphoreP_createBinary)
                  0000bbd8    0000002c     msp432p4xx_driverlib.lib : timer_a.o (.text:Timer_A_clearCaptureCompareInterrupt)
                  0000bc04    0000002c                              : timer_a.o (.text:Timer_A_disableCaptureCompareInterrupt)
                  0000bc30    0000002c                              : timer_a.o (.text:Timer_A_enableCaptureCompareInterrupt)
                  0000bc5c    0000002c     rtsv7M4_T_le_v4SPD16_eabi.lib : ull_tofd_t2.asm.obj (.text)
                  0000bc88    0000002c     freertos_builds_MSP_EXP432P401R_release_ccs.lib : tasks.obj (.text:vTaskSetApplicationTaskTag)
                  0000bcb4    0000002c                                                     : port.obj (.text:xPortSysTickHandler)
                  0000bce0    0000002a     display.aem4f : Display.oem4f (.text:Display_doPrintf)
                  0000bd0a    00000002     --HOLE-- [fill = 0]
                  0000bd0c    00000028     msp432p4xx_driverlib.lib : cs.o (.text:CS_getACLK)
                  0000bd34    00000028                              : cs.o (.text:CS_getHSMCLK)
                  0000bd5c    00000028                              : cs.o (.text:CS_getMCLK)
                  0000bd84    00000028                              : cs.o (.text:CS_getSMCLK)
                  0000bdac    00000028                              : gpio.o (.text:GPIO_setOutputHighOnPin)
                  0000bdd4    00000028                              : gpio.o (.text:GPIO_setOutputLowOnPin)
                  0000bdfc    00000028     freertos_builds_MSP_EXP432P401R_release_ccs.lib : HwiPMSP432_freertos.obj (.text:HwiP_inISR)
                  0000be24    00000028     LCDdisplayProxy.obj (.text:LCD_init)
                  0000be4c    00000028     drivers_msp432p401x.aem4f : PowerMSP432.oem4f (.text:Power_registerNotify)
                  0000be74    00000028                               : PowerMSP432.oem4f (.text:disableFaultCounter)
                  0000be9c    00000028                               : PowerMSP432.oem4f (.text:disableHFXT)
                  0000bec4    00000028     freertos_builds_MSP_EXP432P401R_release_ccs.lib : pthread.obj (.text:pthread_attr_setschedparam)
                  0000beec    00000028                                                     : tasks.obj (.text:xTaskGetApplicationTaskTag)
                  0000bf14    00000026     drivers_msp432p401x.aem4f : List.oem4f (.text:List_put)
                  0000bf3a    00000026                               : List.oem4f (.text:List_remove)
                  0000bf60    00000026     freertos_builds_MSP_EXP432P401R_release_ccs.lib : pthread.obj (.text:_pthread_cleanup_pop)
                  0000bf86    00000026                                                     : queue.obj (.text:prvIsQueueFull)
                  0000bfac    00000024     DS3231.obj (.text:ds3231_init_status_report)
                  0000bfd0    00000024     freertos_builds_MSP_EXP432P401R_release_ccs.lib : queue.obj (.text:prvGetDisinheritPriorityAfterTimeout)
                  0000bff4    00000024                                                     : queue.obj (.text:vQueueDelete)
                  0000c018    00000024                                                     : tasks.obj (.text:vTaskInternalSetTimeOutState)
                  0000c03c    00000022                                                     : SemaphoreP_freertos.obj (.text:SemaphoreP_post)
                  0000c05e    00000022     msp432p4xx_driverlib.lib : timer_a.o (.text:Timer_A_getCaptureCompareCount)
                  0000c080    00000022     freertos_builds_MSP_EXP432P401R_release_ccs.lib : pthread.obj (.text:pthread_attr_setdetachstate)
                  0000c0a2    00000002     --HOLE-- [fill = 0]
                  0000c0a4    00000020     msp432p4xx_driverlib.lib : cs.o (.text:CS_getBCLK)
                  0000c0c4    00000020                              : cs.o (.text:CS_setExternalClockSourceFrequency)
                  0000c0e4    00000020     drivers_msp432p401x.aem4f : GPIOMSP432.oem4f (.text:GPIO_read)
                  0000c104    00000020     freertos_builds_MSP_EXP432P401R_release_ccs.lib : HwiPMSP432_freertos.obj (.text:HwiP_restore)
                  0000c124    00000020     LCDdisplayProxy.obj (.text:LCD_write)
                  0000c144    00000020     drivers_msp432p401x.aem4f : PowerMSP432.oem4f (.text:Power_unregisterNotify)
                  0000c164    00000020     freertos_builds_MSP_EXP432P401R_release_ccs.lib : queue.obj (.text:prvIsQueueEmpty)
                  0000c184    00000020                                                     : semaphore.obj (.text:semaphorePend)
                  0000c1a4    0000001e                                                     : HwiPMSP432_freertos.obj (.text:HwiP_Params_init)
                  0000c1c2    0000001e     LCDdisplayProxy.obj (.text:LCD_configure)
                  0000c1e0    0000001e     freertos_builds_MSP_EXP432P401R_release_ccs.lib : pthread.obj (.text:_pthread_runStub)
                  0000c1fe    0000001e     rtsv7M4_T_le_v4SPD16_eabi.lib : ll_lsl_t2.asm.obj (.text)
                  0000c21c    0000001c     msp432p4xx_driverlib.lib : interrupt.o (.text:Interrupt_unregisterInterrupt)
                  0000c238    0000001c     rtsv7M4_T_le_v4SPD16_eabi.lib : memccpy.c.obj (.text:memccpy)
                  0000c254    0000001c     freertos_builds_MSP_EXP432P401R_release_ccs.lib : pthread.obj (.text:pthread_attr_init)
                  0000c270    0000001c                                                     : tasks.obj (.text:pvTaskIncrementMutexHeldCount)
                  0000c28c    0000001a                                                     : PTLS.obj (.text:PTLS_taskDeleteHook)
                  0000c2a6    0000001a     rtsv7M4_T_le_v4SPD16_eabi.lib : s_copysign.c.obj (.text:copysign)
                  0000c2c0    0000001a     freertos_builds_MSP_EXP432P401R_release_ccs.lib : timers.obj (.text:prvTimerTask)
                  0000c2da    00000018     drivers_msp432p401x.aem4f : I2C.oem4f (.text:I2C_transfer)
                  0000c2f2    00000002     --HOLE-- [fill = 0]
                  0000c2f4    00000018     msp432p4xx_driverlib.lib : sysctl_a.o (.text:SysCtl_A_disableNMISource)
                  0000c30c    00000018                              : sysctl_a.o (.text:SysCtl_A_enableNMISource)
                  0000c324    00000018                              : timer_a.o (.text:Timer_A_clearTimer)
                  0000c33c    00000018     freertos_builds_MSP_EXP432P401R_release_ccs.lib : memory.obj (.text:free)
                  0000c354    00000018     main_freertos.obj (.text:queryClockFreqs)
                  0000c36c    00000018     freertos_builds_MSP_EXP432P401R_release_ccs.lib : semaphore.obj (.text:sem_wait)
                  0000c384    00000016     LCDdisplayClient.obj (.text:DisplayClient_create)
                  0000c39a    00000016     LCDdisplayProxy.obj (.text:LCD_create)
                  0000c3b0    00000016     freertos_builds_MSP_EXP432P401R_release_ccs.lib : PTLS.obj (.text:PTLS_getBuf)
                  0000c3c6    00000016                                                     : PTLS.obj (.text:PTLS_setBuf)
                  0000c3dc    00000016                                                     : SemaphoreP_freertos.obj (.text:SemaphoreP_Params_init)
                  0000c3f2    00000016     TempSensor.obj (.text:TempSensor_create)
                  0000c408    00000016     msp432p4xx_driverlib.lib : timer_a.o (.text:Timer_A_startCounter)
                  0000c41e    00000016     DS3231.obj (.text:ds3231_create)
                  0000c434    00000016     rtsv7M4_T_le_v4SPD16_eabi.lib : strchr.c.obj (.text:strchr)
                  0000c44a    00000014     LCDdisplayProxy.obj (.text:LCD_blink)
                  0000c45e    00000014     LCDdisplayProxy.obj (.text:LCD_clear)
                  0000c472    00000014     LCDdisplayProxy.obj (.text:LCD_display)
                  0000c486    00000014     LCDdisplayProxy.obj (.text:LCD_home)
                  0000c49a    00000014     LCDdisplayProxy.obj (.text:LCD_noDisplay)
                  0000c4ae    00000002     --HOLE-- [fill = 0]
                  0000c4b0    00000014     drivers_msp432p401x.aem4f : PowerMSP432.oem4f (.text:Power_idleFunc)
                  0000c4c4    00000014     TempSensor.obj (.text:TempSensor_init)
                  0000c4d8    00000014     msp432p4xx_driverlib.lib : timer_a.o (.text:Timer_A_stopTimer)
                  0000c4ec    00000014     freertos_builds_MSP_EXP432P401R_release_ccs.lib : tasks.obj (.text:prvDeleteTCB)
                  0000c500    00000014                                                     : pthread.obj (.text:pthread_attr_setstacksize)
                  0000c514    00000014                                                     : pthread.obj (.text:pthread_self)
                  0000c528    00000014                                                     : startup_msp432_ccs.obj (.text:resetISR)
                  0000c53c    00000014     rtsv7M4_T_le_v4SPD16_eabi.lib : strcpy.c.obj (.text:strcpy)
                  0000c550    00000014                                   : strlen.c.obj (.text:strlen)
                  0000c564    00000014     freertos_builds_MSP_EXP432P401R_release_ccs.lib : tasks.obj (.text:xTaskGetCurrentTaskHandle)
                  0000c578    00000014                                                     : tasks.obj (.text:xTaskGetTickCount)
                  0000c58c    00000012     LCDdisplayClient.obj (.text:DisplayClient_turnOffLCDbacklight)
                  0000c59e    00000012     freertos_builds_MSP_EXP432P401R_release_ccs.lib : HwiPMSP432_freertos.obj (.text:HwiP_delete)
                  0000c5b0    00000012     rtsv7M4_T_le_v4SPD16_eabi.lib : wcslen.c.obj (.text:wcslen)
                  0000c5c2    00000002     --HOLE-- [fill = 0]
                  0000c5c4    00000010     drivers_msp432p401x.aem4f : Capture.oem4f (.text:Capture_Params_init)
                  0000c5d4    00000010                               : I2C.oem4f (.text:I2C_Params_init)
                  0000c5e4    00000010     msp432p4xx_driverlib.lib : interrupt.o (.text:Interrupt_disableMaster)
                  0000c5f4    00000010                              : interrupt.o (.text:Interrupt_enableMaster)
                  0000c604    00000010     drivers_msp432p401x.aem4f : PowerMSP432.oem4f (.text:PowerMSP432_getNumPerfLevels)
                  0000c614    00000010                               : PowerMSP432.oem4f (.text:Power_enablePolicy)
                  0000c624    00000010     msp432p4xx_driverlib.lib : sysctl_a.o (.text:SysCtl_A_getNMISourceStatus)
                  0000c634    00000010                              : sysctl.o (.text:SysCtl_getNMISourceStatus)
                  0000c644    00000010     main_freertos.obj (.text:init_Timer32_module)
                  0000c654    00000010     freertos_builds_MSP_EXP432P401R_release_ccs.lib : list.obj (.text:vListInitialiseItem)
                  0000c664    00000010                                                     : tasks.obj (.text:vTaskSuspendAll)
                  0000c674    0000000e     LCDdisplayClient.obj (.text:DisplayClient_init)
                  0000c682    0000000e     RTC.obj (.text:RTC_C_isTimerExpired)
                  0000c690    0000000e     msp432p4xx_driverlib.lib : timer32.o (.text:Timer32_getValue)
                  0000c69e    0000000e     rtsv7M4_T_le_v4SPD16_eabi.lib : copy_decompress_none.c.obj (.text:decompress:none:__TI_decompress_none)
                  0000c6ac    0000000c     msp432p4xx_driverlib.lib : cpu.o (.text:CPU_cpsid)
                  0000c6b8    0000000c                              : cpu.o (.text:CPU_cpsie)
                  0000c6c4    0000000c                              : flash.o (.text:FlashCtl_disableWordProgramming)
                  0000c6d0    0000000c                              : flash.o (.text:FlashCtl_getInterruptStatus)
                  0000c6dc    0000000c     drivers_msp432p401x.aem4f : PowerMSP432.oem4f (.text:Power_getConstraintMask)
                  0000c6e8    0000000c                               : PowerMSP432.oem4f (.text:Power_getPerformanceLevel)
                  0000c6f4    0000000c                               : PowerMSP432.oem4f (.text:Power_setPolicy)
                  0000c700    0000000c     freertos_builds_MSP_EXP432P401R_release_ccs.lib : SemaphoreP_freertos.obj (.text:SemaphoreP_delete)
                  0000c70c    0000000c     msp432p4xx_driverlib.lib : sysctl.o (.text:SysCtl_getFlashSize)
                  0000c718    0000000c     rtsv7M4_T_le_v4SPD16_eabi.lib : copy_zero_init.c.obj (.text:decompress:ZI:__TI_zero_init)
                  0000c724    0000000c     freertos_builds_MSP_EXP432P401R_release_ccs.lib : tasks.obj (.text:vTaskMissedYield)
                  0000c730    0000000a     msp432p4xx_driverlib.lib : cpu.o (.text:CPU_primask)
                  0000c73a    0000000a     drivers_msp432p401x.aem4f : Capture.oem4f (.text:Capture_close)
                  0000c744    0000000a                               : Capture.oem4f (.text:Capture_start)
                  0000c74e    0000000a                               : Capture.oem4f (.text:Capture_stop)
                  0000c758    0000000a     LCDdisplayClient.obj (.text:DisplayClient_updateNextBacklightOffTime)
                  0000c762    0000000a     LCDdisplayProxy.obj (.text:LCD_backlight)
                  0000c76c    0000000a     LCDdisplayProxy.obj (.text:LCD_noBacklight)
                  0000c776    0000000a     freertos_builds_MSP_EXP432P401R_release_ccs.lib : PowerMSP432_freertos.obj (.text:PowerMSP432_updateFreqs)
                  0000c780    0000000a     TempData.obj (.text:TempData_init)
                  0000c78a    0000000a     TempSensor.obj (.text:TempSensor_updateNextTempUpdateTime)
                  0000c794    0000000a     freertos_builds_MSP_EXP432P401R_release_ccs.lib : PowerMSP432_freertos.obj (.text:vPortSuppressTicksAndSleep)
                  0000c79e    00000008     RTC.obj (.text:RTC_C_configure)
                  0000c7a6    00000008     drivers_msp432p401x.aem4f : I2CMSP432.oem4f (.text:blockingTransferCallback)
                  0000c7ae    00000006                               : CaptureMSP432.oem4f (.text:CaptureMSP432_control)
                  0000c7b4    00000006     DS3231_I2C.obj (.text:DS3231_I2C_create)
                  0000c7ba    00000006     LCDdisplayI2C.obj (.text:DisplayI2C_create)
                  0000c7c0    00000006     drivers_msp432p401x.aem4f : I2CMSP432.oem4f (.text:I2CMSP432_control)
                  0000c7c6    00000006     Keypad.obj (.text:Keypad_create)
                  0000c7cc    00000006     RTC.obj (.text:RTC_C_create)
                  0000c7d2    00000006     TempController.obj (.text:TempController_create)
                  0000c7d8    00000006     TempData.obj (.text:TempData_create)
                  0000c7de    00000006     TempSensorProxy.obj (.text:TempSensorProxy_create)
                  0000c7e4    00000006     TempSensor.obj (.text:TempSensor_readTemp)
                  0000c7ea    00000004     rtsv7M4_T_le_v4SPD16_eabi.lib : error.c.obj (.text:__abort_execution)
                  0000c7ee    00000004                                   : pre_init.c.obj (.text:_system_pre_init)
                  0000c7f2    00000004                                   : exit.c.obj (.text:abort:abort)
                  0000c7f6    00000002     --HOLE-- [fill = 0]
                  0000c7f8    00000008                                   : sprintf.c.obj (.tramp.sprintf.1)

.const     0    0000c800    00000346     
                  0000c800    00000101     rtsv7M4_T_le_v4SPD16_eabi.lib : ctype.c.obj (.const:.string:_ctypes_)
                  0000c901    00000003     --HOLE-- [fill = 0]
                  0000c904    00000050     msp432p4xx_driverlib.lib : interrupt.o (.const:g_pulRegs)
                  0000c954    00000044     StateMachine.obj (.const:.string)
                  0000c998    00000038     MSP_EXP432P401R.obj (.const:PowerMSP432_config)
                  0000c9d0    00000030     msp432p4xx_driverlib.lib : gpio.o (.const:GPIO_PORT_TO_BASE)
                  0000ca00    00000028     MSP_EXP432P401R.obj (.const:i2cMSP432HWAttrs)
                  0000ca28    0000001c     StateMachine.obj (.const:daysOfWeek)
                  0000ca44    00000018     drivers_msp432p401x.aem4f : CaptureMSP432.oem4f (.const:CaptureMSP432_captureFxnTable)
                  0000ca5c    00000018                               : I2CMSP432.oem4f (.const:I2CMSP432_fxnTable)
                  0000ca74    00000018     MSP_EXP432P401R.obj (.const:I2C_config)
                  0000ca8c    00000014     MSP_EXP432P401R.obj (.const:GPIOMSP432_config)
                  0000caa0    00000014     MSP_EXP432P401R.obj (.const:captureMSP432HWAttrs)
                  0000cab4    00000010     LCDdisplayProxy.obj (.const:$P$T0$1)
                  0000cac4    00000010     drivers_msp432p401x.aem4f : I2C.oem4f (.const:I2C_defaultParams)
                  0000cad4    0000000e     MSP_EXP432P401R.obj (.const)
                  0000cae2    00000002     --HOLE-- [fill = 0]
                  0000cae4    0000000c     MSP_EXP432P401R.obj (.const:Capture_config)
                  0000caf0    0000000c     drivers_msp432p401x.aem4f : I2CMSP432.oem4f (.const:bitRates)
                  0000cafc    0000000c                               : Capture.oem4f (.const:defaultParams)
                  0000cb08    00000008     freertos_builds_MSP_EXP432P401R_release_ccs.lib : port.obj (.const)
                  0000cb10    00000008     msp432p4xx_driverlib.lib : interrupt.o (.const:g_pulDisRegs)
                  0000cb18    00000008                              : interrupt.o (.const:g_pulEnRegs)
                  0000cb20    00000008     StateMachine.obj (.const:progStatus)
                  0000cb28    00000007     mainThread.obj (.const:.string:$P$T0$1)
                  0000cb2f    00000006     drivers_msp432p401x.aem4f : GPIOMSP432.oem4f (.const:.string:interruptType)
                  0000cb35    00000006                               : GPIOMSP432.oem4f (.const:.string:portInterruptIds)
                  0000cb3b    00000001     --HOLE-- [fill = 0]
                  0000cb3c    00000004     freertos_builds_MSP_EXP432P401R_release_ccs.lib : pthread.obj (.const)
                  0000cb40    00000004                                                     : tasks.obj (.const)
                  0000cb44    00000002                                                     : pthread.obj (.const:.string)

.cinit     0    0000cb48    00000148     
                  0000cb48    00000112     (.cinit..data.load) [load image, compression = lzss]
                  0000cc5a    00000002     --HOLE-- [fill = 0]
                  0000cc5c    0000000c     (__TI_handler_table)
                  0000cc68    00000008     (.cinit..bss.load) [load image, compression = zero_init]
                  0000cc70    00000008     (.cinit..vtable.load) [load image, compression = zero_init]
                  0000cc78    00000018     (__TI_cinit_table)

.binit     0    0000cc90    00000010     
                  0000cc90    00000010     (.binit)

.init_array 
*          0    00000000    00000000     UNINITIALIZED

.TI.ramfunc 
*          0    00000144    00002ea0     RUN ADDR = 010083a4
                  00000144    00000a4e     rtsv7M4_T_le_v4SPD16_eabi.lib : _printfi.c.obj (.text:__TI_printfi)
                  00000b92    00000002     --HOLE-- [fill = 0]
                  00000b94    00000270                                   : _printfi.c.obj (.text:_pconv_a)
                  00000e04    000001d0                                   : _printfi.c.obj (.text:_pconv_g)
                  00000fd4    0000013c                                   : _printfi.c.obj (.text:_pconv_e)
                  00001110    00000124                                   : _printfi.c.obj (.text:fcvt)
                  00001234    000000b1                                   : _printfi.c.obj (.text:_ltostr)
                  000012e5    00000001     --HOLE-- [fill = 0]
                  000012e6    0000006e                                   : _printfi.c.obj (.text:_mcpy)
                  00001354    00000056                                   : _printfi.c.obj (.text:_pconv_f)
                  000013aa    00000052                                   : _printfi.c.obj (.text:_ecpy)
                  000013fc    00000040                                   : sprintf.c.obj (.text:sprintf)
                  0000143c    0000003e                                   : _printfi.c.obj (.text:_fcpy)
                  0000147a    00000018                                   : sprintf.c.obj (.text:_outs)
                  00001492    0000000a                                   : sprintf.c.obj (.text:_outc)
                  0000149c    00000008                                   : memcpy_t2.asm.obj (.tramp.memcpy.1)
                  000014a4    00000008                                   : ull_div_t2.asm.obj (.tramp.__aeabi_uldivmod.1)
                  000014ac    00000008                                   : fd_div_t2.asm.obj (.tramp.__aeabi_ddiv.1)
                  000014b4    00000008                                   : strchr.c.obj (.tramp.strchr.1)
                  000014bc    00000008                                   : fd_mul_t2.asm.obj (.tramp.__aeabi_dmul.1)
                  000014c4    00000008                                   : fd_add_t2.asm.obj (.tramp.__aeabi_dsub.1)
                  000014cc    00000008                                   : i_tofd_t2.asm.obj (.tramp.__aeabi_i2d.1)
                  000014d4    00000008                                   : _ltoa.c.obj (.tramp.__TI_ltoa.1)
                  000014dc    00000008                                   : fd_toi_t2.asm.obj (.tramp.__aeabi_d2iz.1)
                  000014e4    00000008                                   : s_scalbn.c.obj (.tramp.ldexpl.1)
                  000014ec    00000008                                   : s_frexp.c.obj (.tramp.frexpl.1)
                  000014f4    00000008                                   : fd_cmp_t2.asm.obj (.tramp.__aeabi_cdrcmple.1)
                  000014fc    00000008     freertos_builds_MSP_EXP432P401R_release_ccs.lib : aeabi_portable.obj (.tramp.__aeabi_errno_addr.1)
                  00001504    00000008     rtsv7M4_T_le_v4SPD16_eabi.lib : wcslen.c.obj (.tramp.wcslen.1)
                  0000150c    00000008                                   : memccpy.c.obj (.tramp.memccpy.1)
                  00001514    00000008                                   : fd_cmp_t2.asm.obj (.tramp.__aeabi_cdcmple.1)
                  0000151c    00000008                                   : memset_t2.asm.obj (.tramp.memset.1)
                  00001524    00000008                                   : atoi.c.obj (.tramp.atoi.1)
                  0000152c    00000008                                   : strlen.c.obj (.tramp.strlen.1)
                  00001534    000016a8     StateMachine.obj (.TI.ramfunc:stateMachineThread)
                  00002bdc    00000238     TempSensorProxy.obj (.TI.ramfunc:TempSensorProxy_access)
                  00002e14    0000004a     LCDdisplayClient.obj (.TI.ramfunc:DisplayClient_showInfo)
                  00002e5e    00000002     --HOLE-- [fill = 0]
                  00002e60    00000044     LCDdisplayClient.obj (.TI.ramfunc:displayLCDThread)
                  00002ea4    00000008     LCDdisplayClient.obj (.tramp.DisplayClient_turnOffLCDbacklight.1)
                  00002eac    00000008     LCDdisplayProxy.obj (.tramp.LCD_write.1)
                  00002eb4    00000008     LCDdisplayProxy.obj (.tramp.LCD_setCursor.1)
                  00002ebc    00000008     LCDdisplayProxy.obj (.tramp.LCD_clear.1)
                  00002ec4    00000008     LCDdisplayProxy.obj (.tramp.LCD_display.1)
                  00002ecc    00000008     LCDdisplayProxy.obj (.tramp.LCD_backlight.1)
                  00002ed4    00000008     rtsv7M4_T_le_v4SPD16_eabi.lib : fd_tos_t2.asm.obj (.tramp.__aeabi_d2f.1)
                  00002edc    00000008                                   : ull_tofd_t2.asm.obj (.tramp.__aeabi_ul2d.1)
                  00002ee4    00000008                                   : ll_lsl_t2.asm.obj (.tramp.__aeabi_llsl.1)
                  00002eec    00000008     msp432p4xx_driverlib.lib : cs.o (.tramp.CS_getSMCLK.1)
                  00002ef4    00000008                              : gpio.o (.tramp.GPIO_setOutputHighOnPin.1)
                  00002efc    00000008     drivers_msp432p401x.aem4f : Capture.oem4f (.tramp.Capture_close.1)
                  00002f04    00000008                               : Capture.oem4f (.tramp.Capture_stop.1)
                  00002f0c    00000008     freertos_builds_MSP_EXP432P401R_release_ccs.lib : sleep.obj (.tramp.usleep.1)
                  00002f14    00000008     display.aem4f : Display.oem4f (.tramp.Display_doPrintf.1)
                  00002f1c    00000008     drivers_msp432p401x.aem4f : Capture.oem4f (.tramp.Capture_start.1)
                  00002f24    00000008     msp432p4xx_driverlib.lib : gpio.o (.tramp.GPIO_setAsPeripheralModuleFunctionInputPin.1)
                  00002f2c    00000008                              : gpio.o (.tramp.GPIO_setAsOutputPin.1)
                  00002f34    00000008     utils.obj (.tramp.delay_us.1)
                  00002f3c    00000008     msp432p4xx_driverlib.lib : gpio.o (.tramp.GPIO_setAsInputPinWithPullUpResistor.1)
                  00002f44    00000008                              : gpio.o (.tramp.GPIO_setOutputLowOnPin.1)
                  00002f4c    00000008     rtsv7M4_T_le_v4SPD16_eabi.lib : exit.c.obj (.tramp.abort.1)
                  00002f54    00000008     drivers_msp432p401x.aem4f : Capture.oem4f (.tramp.Capture_open.1)
                  00002f5c    00000008     freertos_builds_MSP_EXP432P401R_release_ccs.lib : sleep.obj (.tramp.sleep.1)
                  00002f64    00000008     drivers_msp432p401x.aem4f : PowerMSP432.oem4f (.tramp.Power_releaseConstraint.1)
                  00002f6c    00000008     freertos_builds_MSP_EXP432P401R_release_ccs.lib : queue.obj (.tramp.xQueueGenericSend.1)
                  00002f74    00000008     LCDdisplayClient.obj (.tramp.DisplayClient_updateNextBacklightOffTime.1)
                  00002f7c    00000008     DS3231.obj (.tramp.ds3231_set.1)
                  00002f84    00000008     DS3231.obj (.tramp.ds3231_read.1)
                  00002f8c    00000008     msp432p4xx_driverlib.lib : flash.o (.tramp.FlashCtl_protectSector.1)
                  00002f94    00000008                              : flash.o (.tramp.FlashCtl_programMemory.1)
                  00002f9c    00000008                              : flash.o (.tramp.FlashCtl_eraseSector.1)
                  00002fa4    00000008                              : flash.o (.tramp.FlashCtl_unprotectSector.1)
                  00002fac    00000008     TempController.obj (.tramp.TempController_updateHeatingState.1)
                  00002fb4    00000008     rtsv7M4_T_le_v4SPD16_eabi.lib : fs_tod_t2.asm.obj (.tramp.__aeabi_f2d.1)
                  00002fbc    00000008                                   : strcpy.c.obj (.tramp.strcpy.1)
                  00002fc4    00000008     freertos_builds_MSP_EXP432P401R_release_ccs.lib : queue.obj (.tramp.xQueueReceive.1)
                  00002fcc    00000008     StateMachine.obj (.tramp.StateMachine_init.1)
                  00002fd4    00000008     freertos_builds_MSP_EXP432P401R_release_ccs.lib : memory.obj (.tramp.malloc.1)
                  00002fdc    00000008                                                     : semaphore.obj (.tramp.sem_wait.1)

.bss       0    20000000    000083a4     UNINITIALIZED
                  20000000    00008000     freertos_builds_MSP_EXP432P401R_release_ccs.lib : heap_4.obj (.bss:ucHeap)
                  20008000    000000c8                                                     : tasks.obj (.bss:pxReadyTasksLists)
                  200080c8    000000a4     (.common:capturedIntervals)
                  2000816c    000000a0     (.common:i2cMSP432Objects)
                  2000820c    00000030     drivers_msp432p401x.aem4f : GPIOMSP432.oem4f (.bss:gpioCallbackInfo)
                  2000823c    0000001c     (.common:initDisplayDone)
                  20008258    0000001c     (.common:startReadingTemp)
                  20008274    0000001c     (.common:startStateMachine)
                  20008290    00000018     (.common:captureMSP432Objects)
                  200082a8    00000014     freertos_builds_MSP_EXP432P401R_release_ccs.lib : timers.obj (.bss:xActiveTimerList1)
                  200082bc    00000014                                                     : timers.obj (.bss:xActiveTimerList2)
                  200082d0    00000014                                                     : tasks.obj (.bss:xDelayedTaskList1)
                  200082e4    00000014                                                     : tasks.obj (.bss:xDelayedTaskList2)
                  200082f8    00000014                                                     : tasks.obj (.bss:xPendingReadyList)
                  2000830c    00000014                                                     : tasks.obj (.bss:xSuspendedTaskList)
                  20008320    00000014                                                     : tasks.obj (.bss:xTasksWaitingTermination)
                  20008334    00000008                                                     : tasks.obj (.bss)
                  2000833c    00000008                                                     : timers.obj (.bss)
                  20008344    00000008     msp432p4xx_driverlib.lib : cs.o (.bss)
                  2000834c    00000008     DS3231.obj (.bss:time_registers_clone)
                  20008354    00000008     freertos_builds_MSP_EXP432P401R_release_ccs.lib : heap_4.obj (.bss:xStart)
                  2000835c    00000004     DS3231.obj (.bss:alarm1_registers_clone)
                  20008360    00000004     DS3231.obj (.bss:alarm2_registers_clone)
                  20008364    00000004     drivers_msp432p401x.aem4f : GPIOMSP432.oem4f (.bss)
                  20008368    00000004     freertos_builds_MSP_EXP432P401R_release_ccs.lib : aeabi_portable.obj (.bss:main_reent)
                  2000836c    00000004     drivers_msp432p401x.aem4f : TimerMSP432.oem4f (.bss:timerState)
                  20008370    00000004     (.common:disp_hdl)
                  20008374    00000004     (.common:displayClient)
                  20008378    00000004     (.common:displayClientEventQueue)
                  2000837c    00000004     (.common:ds3231hdl)
                  20008380    00000004     (.common:keypad)
                  20008384    00000004     (.common:readTemp)
                  20008388    00000004     (.common:rtc)
                  2000838c    00000004     (.common:stateMachineCurrState)
                  20008390    00000004     (.common:stateMachineEventQueue)
                  20008394    00000004     (.common:targetTemp)
                  20008398    00000004     (.common:tempController)
                  2000839c    00000004     (.common:tempSensor)
                  200083a0    00000002     DS3231.obj (.bss)
                  200083a2    00000001     (.common:capturedIntervalsPtr)
                  200083a3    00000001     (.common:readingData)

.data      0    2000b244    00000b4e     UNINITIALIZED
                  2000b244    00000800     freertos_builds_MSP_EXP432P401R_release_ccs.lib : HwiPMSP432_freertos.obj (.data:HwiP_dispatchTable)
                  2000ba44    00000140     drivers_msp432p401x.aem4f : PowerMSP432.oem4f (.data:PowerMSP432_perfLevels)
                  2000bb84    000000a0     MSP_EXP432P401R.obj (.data:myPerfLevels)
                  2000bc24    00000040     msp432p4xx_driverlib.lib : flash.o (.data:__getBurstProgramRegs)
                  2000bc64    00000034     freertos_builds_MSP_EXP432P401R_release_ccs.lib : tasks.obj (.data)
                  2000bc98    0000002c     drivers_msp432p401x.aem4f : PowerMSP432.oem4f (.data:PowerMSP432_module)
                  2000bcc4    00000028     MSP_EXP432P401R.obj (.data:gpioPinConfigs)
                  2000bcec    00000018     drivers_msp432p401x.aem4f : CaptureMSP432.oem4f (.data:captureModeConfig)
                  2000bd04    00000018     freertos_builds_MSP_EXP432P401R_release_ccs.lib : heap_4.obj (.data)
                  2000bd1c    00000018                                                     : port.obj (.data)
                  2000bd34    00000014                                                     : pthread.obj (.data:defaultPthreadAttrs)
                  2000bd48    00000011     DS3231.obj (.data:register_default_value)
                  2000bd59    00000002     drivers_msp432p401x.aem4f : GPIOMSP432.oem4f (.data)
                  2000bd5b    00000001     TempSensorProxy.obj (.data)
                  2000bd5c    00000010     drivers_msp432p401x.aem4f : CaptureMSP432.oem4f (.data:continuousModeConfig)
                  2000bd6c    00000010     MSP_EXP432P401R.obj (.data:gpioCallbackFunctions)
                  2000bd7c    0000000c     freertos_builds_MSP_EXP432P401R_release_ccs.lib : timers.obj (.data)
                  2000bd88    00000004                                                     : HwiPMSP432_freertos.obj (.data)
                  2000bd8c    00000004     rtsv7M4_T_le_v4SPD16_eabi.lib : vla_alloc.c.obj (.data)
                  2000bd90    00000001     drivers_msp432p401x.aem4f : Capture.oem4f (.data)
                  2000bd91    00000001                               : I2C.oem4f (.data)

.vtable    0    2000c000    000000e8     UNINITIALIZED
                  2000c000    000000e8     msp432p4xx_driverlib.lib : interrupt.o (.vtable)

.stack     0    2000fc00    00000400     UNINITIALIZED
                  2000fc00    00000004     rtsv7M4_T_le_v4SPD16_eabi.lib : boot_cortex_m.c.obj (.stack)
                  2000fc04    000003fc     --HOLE--

__llvm_prf_cnts 
*          0    20000000    00000000     UNINITIALIZED

MODULE SUMMARY

       Module                       code    ro data   rw data
       ------                       ----    -------   -------
    .\
       StateMachine.obj             17504   104       8      
       TempSensorProxy.obj          1822    0         334    
       DS3231.obj                   1940    0         70     
       MSP_EXP432P401R.obj          336     186       800    
       mainThread.obj               916     7         64     
       LCDdisplayProxy.obj          562     16        0      
       LCDdisplayClient.obj         538     0         0      
       main_freertos.obj            336     0         192    
       DS3231_I2C.obj               314     0         0      
       RTC.obj                      160     0         0      
       TempController.obj           156     0         0      
       Keypad.obj                   110     0         0      
       LCDdisplayI2C.obj            110     0         0      
       utils.obj                    80      0         0      
       TempSensor.obj               58      0         0      
       TempData.obj                 16      0         0      
    +--+----------------------------+-------+---------+---------+
       Total:                       24958   313       1468   
                                                             
    C:/ti/ccs1110/ccs/workspace/freertos_builds_MSP_EXP432P401R_release_ccs/Debug/freertos_builds_MSP_EXP432P401R_release_ccs.lib
       heap_4.obj                   952     0         65600  
       tasks.obj                    5388    4         720    
       HwiPMSP432_freertos.obj      332     0         4104   
       queue.obj                    3328    0         0      
       timers.obj                   1092    0         120    
       pthread.obj                  798     6         40     
       port.obj                     764     8         48     
       startup_msp432_ccs.obj       26      324       0      
       list.obj                     298     0         0      
       SemaphoreP_freertos.obj      250     0         0      
       semaphore.obj                222     0         0      
       portasm.obj                  218     0         0      
       memory.obj                   216     0         0      
       PowerMSP432_freertos.obj     190     0         0      
       sleep.obj                    180     0         0      
       aeabi_portable.obj           88      0         8      
       PTLS.obj                     70      0         0      
    +--+----------------------------+-------+---------+---------+
       Total:                       14412   342       70640  
                                                             
    C:/ti/simplelink_msp432p4_sdk_3_40_01_02/source/ti/devices/msp432p4xx/driverlib/ccs/msp432p4xx_driverlib.lib
       flash.o                      4478    0         128    
       cs.o                         1698    0         16     
       interrupt.o                  494     96        464    
       rtc_c.o                      844     0         0      
       timer_a.o                    696     0         0      
       gpio.o                       624     48        0      
       timer32.o                    226     0         0      
       sysctl_a.o                   212     0         0      
       sysctl.o                     156     0         0      
       i2c.o                        108     0         0      
       cpu.o                        34      0         0      
    +--+----------------------------+-------+---------+---------+
       Total:                       9570    144       608    
                                                             
    C:/ti/simplelink_msp432p4_sdk_3_40_01_02/source/ti/display/lib/display.aem4f
       Display.oem4f                66      0         0      
    +--+----------------------------+-------+---------+---------+
       Total:                       66      0         0      
                                                             
    C:/ti/simplelink_msp432p4_sdk_3_40_01_02/source/ti/drivers/lib/drivers_msp432p401x.aem4f
       PowerMSP432.oem4f            2248    0         728    
       I2CMSP432.oem4f              2028    36        0      
       GPIOMSP432.oem4f             928     12        108    
       CaptureMSP432.oem4f          702     24        80     
       Capture.oem4f                274     12        2      
       TimerMSP432.oem4f            204     0         8      
       I2C.oem4f                    172     16        2      
       List.oem4f                   76      0         0      
    +--+----------------------------+-------+---------+---------+
       Total:                       6632    100       928    
                                                             
    C:\ti\ccs1110\ccs\tools\compiler\ti-cgt-arm_20.2.5.LTS\lib\rtsv7M4_T_le_v4SPD16_eabi.lib
       _printfi.c.obj               14553   0         0      
       vla_alloc.c.obj              564     0         8      
       fd_add_t2.asm.obj            462     0         0      
       fd_div_t2.asm.obj            334     0         0      
       fd_cmp_t2.asm.obj            316     0         0      
       sprintf.c.obj                302     0         0      
       s_scalbn.c.obj               296     0         0      
       fd_mul_t2.asm.obj            276     0         0      
       ctype.c.obj                  0       257       0      
       memcpy_t2.asm.obj            180     0         0      
       ull_div_t2.asm.obj           174     0         0      
       memset_t2.asm.obj            146     0         0      
       fd_tos_t2.asm.obj            134     0         0      
       s_frexp.c.obj                124     0         0      
       _ltoa.c.obj                  108     0         0      
       copy_decompress_lzss.c.obj   104     0         0      
       atoi.c.obj                   100     0         0      
       fd_toi_t2.asm.obj            96      0         0      
       autoinit.c.obj               84      0         0      
       fs_tod_t2.asm.obj            80      0         0      
       cpy_tbl.c.obj                76      0         0      
       i_tofd_t2.asm.obj            70      0         0      
       ull_tofd_t2.asm.obj          68      0         0      
       ll_lsl_t2.asm.obj            54      0         0      
       boot_cortex_m.c.obj          52      0         0      
       memccpy.c.obj                52      0         0      
       strchr.c.obj                 46      0         0      
       strcpy.c.obj                 44      0         0      
       strlen.c.obj                 44      0         0      
       wcslen.c.obj                 42      0         0      
       exit.c.obj                   28      0         0      
       s_copysign.c.obj             26      0         0      
       copy_decompress_none.c.obj   14      0         0      
       copy_zero_init.c.obj         12      0         0      
       error.c.obj                  4       0         0      
       pre_init.c.obj               4       0         0      
       div0.asm.obj                 2       0         0      
    +--+----------------------------+-------+---------+---------+
       Total:                       19071   257       8      
                                                             
       Stack:                       0       0         2048   
       Linker Generated:            0       342       0      
    +--+----------------------------+-------+---------+---------+
       Grand Total:                 74709   1498      75700  


LINKER GENERATED COPY TABLES

__TI_cinit_table @ 0000cc78 records: 3, size/record: 8, table size: 24
	.data: load addr=0000cb48, load size=00000112 bytes, run addr=2000b244, run size=00000b4e bytes, compression=lzss
	.bss: load addr=0000cc68, load size=00000008 bytes, run addr=20000000, run size=000083a4 bytes, compression=zero_init
	.vtable: load addr=0000cc70, load size=00000008 bytes, run addr=2000c000, run size=000000e8 bytes, compression=zero_init
binit @ 0000cc90 records: 1, size/record: 12, table size: 16
	.TI.ramfunc: load addr=00000144, load size=00002ea0, run addr=010083a4, run size=00002ea0, compression=none


LINKER GENERATED HANDLER TABLE

__TI_handler_table @ 0000cc5c records: 3, size/record: 4, table size: 12
	index: 0, handler: __TI_decompress_lzss
	index: 1, handler: __TI_decompress_none
	index: 2, handler: __TI_zero_init


FAR CALL TRAMPOLINES

callee name               trampoline name
   callee addr  tramp addr   call addr  call info
--------------  -----------  ---------  ----------------
sprintf                   $Tramp$TT$S$$sprintf
   0100965d     0000c7f8     00003d6a   mainThread.obj (.text:mainThread)
                             00003d80   mainThread.obj (.text:mainThread)
memcpy                    $Tramp$TT$L$PI$$memcpy
   00008549     010096fc     010096e4   rtsv7M4_T_le_v4SPD16_eabi.lib : sprintf.c.obj (.text:_outs)
__aeabi_uldivmod          $Tramp$TT$L$PI$$__aeabi_uldivmod
   00008681     01009704     010094da   rtsv7M4_T_le_v4SPD16_eabi.lib : _printfi.c.obj (.text:_ltostr)
__aeabi_ddiv              $Tramp$TT$L$PI$$__aeabi_ddiv
   00005f5d     0100970c     010090c8   rtsv7M4_T_le_v4SPD16_eabi.lib : _printfi.c.obj (.text:_pconv_g)
                             010092ce                                 : _printfi.c.obj (.text:_pconv_e)
                             010093be                                 : _printfi.c.obj (.text:fcvt)
                             0100af9a   TempSensorProxy.obj (.TI.ramfunc:TempSensorProxy_access)
                             0100afc6   TempSensorProxy.obj (.TI.ramfunc:TempSensorProxy_access)
strchr                    $Tramp$TT$S$$strchr
   0000c435     01009714     01008f26   rtsv7M4_T_le_v4SPD16_eabi.lib : _printfi.c.obj (.text:_pconv_a)
                             01008f4a                                 : _printfi.c.obj (.text:_pconv_a)
__aeabi_dmul              $Tramp$TT$L$PI$$__aeabi_dmul
   0000720d     0100971c     01008eee   rtsv7M4_T_le_v4SPD16_eabi.lib : _printfi.c.obj (.text:_pconv_a)
                             01008f72                                 : _printfi.c.obj (.text:_pconv_a)
                             010090b6                                 : _printfi.c.obj (.text:_pconv_g)
                             01009130                                 : _printfi.c.obj (.text:_pconv_g)
                             010092a0                                 : _printfi.c.obj (.text:_pconv_e)
                             010093ac                                 : _printfi.c.obj (.text:fcvt)
                             01009424                                 : _printfi.c.obj (.text:fcvt)
__aeabi_dsub              $Tramp$TT$L$PI$$__aeabi_dsub
   00004775     01009724     01008ecc   rtsv7M4_T_le_v4SPD16_eabi.lib : _printfi.c.obj (.text:_pconv_a)
                             01008f0e                                 : _printfi.c.obj (.text:_pconv_a)
                             01008f92                                 : _printfi.c.obj (.text:_pconv_a)
                             01009128                                 : _printfi.c.obj (.text:_pconv_g)
                             0100941c                                 : _printfi.c.obj (.text:fcvt)
__aeabi_i2d               $Tramp$TT$S$$__aeabi_i2d
   0000baf9     0100972c     01008ec0   rtsv7M4_T_le_v4SPD16_eabi.lib : _printfi.c.obj (.text:_pconv_a)
                             01008f02                                 : _printfi.c.obj (.text:_pconv_a)
                             01008f86                                 : _printfi.c.obj (.text:_pconv_a)
                             0100911c                                 : _printfi.c.obj (.text:_pconv_g)
                             01009410                                 : _printfi.c.obj (.text:fcvt)
__TI_ltoa                 $Tramp$TT$S$$__TI_ltoa
   0000a775     01009734     01008eb8   rtsv7M4_T_le_v4SPD16_eabi.lib : _printfi.c.obj (.text:_pconv_a)
                             01009106                                 : _printfi.c.obj (.text:_pconv_g)
                             010093fc                                 : _printfi.c.obj (.text:fcvt)
__aeabi_d2iz              $Tramp$TT$S$$__aeabi_d2iz
   0000ad71     0100973c     01008eae   rtsv7M4_T_le_v4SPD16_eabi.lib : _printfi.c.obj (.text:_pconv_a)
                             01008ef6                                 : _printfi.c.obj (.text:_pconv_a)
                             01008f7a                                 : _printfi.c.obj (.text:_pconv_a)
                             010090fc                                 : _printfi.c.obj (.text:_pconv_g)
                             01009138                                 : _printfi.c.obj (.text:_pconv_g)
                             010093f4                                 : _printfi.c.obj (.text:fcvt)
                             0100942c                                 : _printfi.c.obj (.text:fcvt)
ldexpl                    $Tramp$TT$L$PI$$ldexpl
   00006acd     01009744     01008ea2   rtsv7M4_T_le_v4SPD16_eabi.lib : _printfi.c.obj (.text:_pconv_a)
frexpl                    $Tramp$TT$S$$frexpl
   00009f39     0100974c     01008e40   rtsv7M4_T_le_v4SPD16_eabi.lib : _printfi.c.obj (.text:_pconv_a)
                             01008e94                                 : _printfi.c.obj (.text:_pconv_a)
__aeabi_cdrcmple          $Tramp$TT$L$PI$$__aeabi_cdrcmple
   00008d23     01009754     01008e12   rtsv7M4_T_le_v4SPD16_eabi.lib : _printfi.c.obj (.text:_pconv_a)
                             010090d8                                 : _printfi.c.obj (.text:_pconv_g)
                             0100925a                                 : _printfi.c.obj (.text:_pconv_e)
                             010092ba                                 : _printfi.c.obj (.text:_pconv_e)
                             010092d8                                 : _printfi.c.obj (.text:_pconv_e)
                             010093ce                                 : _printfi.c.obj (.text:fcvt)
__aeabi_errno_addr        $Tramp$TT$S$$__aeabi_errno_addr
   0000b0e9     0100975c     01008d52   rtsv7M4_T_le_v4SPD16_eabi.lib : _printfi.c.obj (.text:__TI_printfi)
wcslen                    $Tramp$TT$S$$wcslen
   0000c5b1     01009764     01008cdc   rtsv7M4_T_le_v4SPD16_eabi.lib : _printfi.c.obj (.text:__TI_printfi)
                             01008cea                                 : _printfi.c.obj (.text:__TI_printfi)
memccpy                   $Tramp$TT$S$$memccpy
   0000c239     0100976c     01008b56   rtsv7M4_T_le_v4SPD16_eabi.lib : _printfi.c.obj (.text:__TI_printfi)
__aeabi_cdcmple           $Tramp$TT$L$PI$$__aeabi_cdcmple
   00008c9d     01009774     0100895c   rtsv7M4_T_le_v4SPD16_eabi.lib : _printfi.c.obj (.text:__TI_printfi)
[...]
00007a5d  ulPortGetIPSR                              
00007a75  xPortPendSVHandler                         
00007ad5  vPortSVCHandler                            
00007af5  vPortStartFirstTask                        
00007b19  vPortEnableVFP                             
00007b29  __FlashCtl_remaskData32Pre                 
00007c01  __FlashCtl_remaskData32Post                
00007cd5  xPortStartScheduler                        
000080a1  xTaskCheckForTimeOut                       
00008203  __aeabi_idiv0                              
00008203  __aeabi_ldiv0                              
00008205  GPIO_init                                  
000082b1  I2CMSP432_cancel                           
00008405  vPortFree                                  
000084ad  Power_init                                 
00008549  __aeabi_memcpy                             
00008549  __aeabi_memcpy4                            
00008549  __aeabi_memcpy8                            
00008549  memcpy                                     
000085e5  vTaskStartScheduler                        
00008681  __aeabi_uldivmod                           
00008717  vApplicationMallocFailedHook               
00008719  RTC_C_getEnabledInterruptStatus            
000087ad  RTC_C_initCalendar                         
00008841  SysCtl_A_getTLVInfo                        
00008963  mutate                                     
000089f1  __FlashCtl_remaskData8Pre                  
00008a7d  GPIO_setAsPeripheralModuleFunctionInputPin 
00008b05  GPIO_setAsPeripheralModuleFunctionOutputPin
00008b8d  RTC_C_IRQHandler                           
00008c9d  __aeabi_cdcmpeq                            
00008c9d  __aeabi_cdcmple                            
00008d23  __aeabi_cdrcmple                           
00008da9  RTC_C_init                                 
00008e2d  __FlashCtl_remaskData8Post                 
00008f35  xQueueGenericCreate                        
00008fb7  vApplicationStackOverflowHook              
00008fb9  Interrupt_disableInterrupt                 
00009039  Interrupt_enableInterrupt                  
000090b9  SysCtl_getTLVInfo                          
0000922f  __aeabi_memclr                             
0000922f  __aeabi_memclr4                            
0000922f  __aeabi_memclr8                            
00009231  __aeabi_memset                             
00009231  __aeabi_memset4                            
00009231  __aeabi_memset8                            
00009237  memset                                     
000092a9  xTaskCreate                                
00009325  FlashCtl_isSectorProtected                 
0000939d  FlashCtl_setReadMode                       
00009415  FlashCtl_unprotectSector                   
0000948d  TimerMSP432_allocateTimerResource          
000095f5  vPortSetupTimerInterrupt                   
0000966d  vTaskPlaceOnEventListRestricted            
000096e5  I2CMSP432_close                            
000097d1  vPortValidateInterruptPriority             
00009845  __vla_dealloc                              
000098b5  PowerMSP432_deepSleepPolicy                
00009923  __aeabi_d2f                                
00009991  I2C_masterSendMultiByteFinish              
000099fd  CaptureMSP432_start                        
00009a65  GPIO_hwiIntFxn                             
00009acd  Keypad_init                                
00009b35  PowerMSP432_getFreqs                       
00009b9d  Timer32_initModule                         
00009c05  __TI_decompress_lzss                       
00009c6d  ds3231_init                                
00009cd5  ds3231_run_command                         
00009da5  realloc                                    
00009e0b  vListInsert                                
00009e71  FlashCtl_protectSector                     
00009ed5  RTC_C_enableInterrupt                      
00009f39  frexp                                      
00009f39  frexpl                                     
0000a001  DS3231_I2C_write_multi                     
0000a0c5  GPIO_setCallback                           
0000a125  HwiP_create                                
0000a185  pxPortInitialiseStack                      
0000a1e5  Interrupt_registerInterrupt                
0000a241  RTC_C_getInterruptStatus                   
0000a29d  RTC_C_setPrescaleValue                     
0000a3b1  pthread_exit                               
0000a40d  vQueueWaitForMessageRestricted             
0000a469  vTaskDelay                                 
0000a4c5  GPIO_setAsInputPinWithPullUpResistor       
0000a51d  RTC_C_clearInterruptFlag                   
0000a575  Timer_A_initCapture                        
0000a5cd  SemaphoreP_create                          
0000a679  Interrupt_setPriority                      
0000a6cd  TimerMSP432_freeTimerResource              
0000a721  __TI_auto_init_nopinit                     
0000a775  __TI_ltoa                                  
0000a7c9  xTimerCreateTimerTask                      
0000a81d  StateMachine_init                          
0000a86d  TempController_updateHeatingState          
0000a8bd  sem_init                                   
0000a90d  CaptureMSP432_close                        
0000a95d  FlashCtl_clearProgramVerification          
0000a9a9  FlashCtl_setProgramVerification            
0000a9f5  atoi                                       
0000aa41  copy_in                                    
0000ab71  vPortEnterCritical                         
0000abbd  vTaskSetThreadLocalStoragePointer          
0000ac09  FlashCtl_setWaitState                      
0000ac51  HwiP_dispatch                              
0000ac99  Power_releaseConstraint                    
0000ace1  RTC_C_definePrescaleEvent                  
0000ad71  __aeabi_d2iz                               
0000adb9  sleep                                      
0000ae01  uxListRemove                               
0000ae49  xQueueCreateCountingSemaphore              
0000ae91  Capture_init                               
0000aed5  I2C_init                                   
0000af19  TempSensorProxy_init                       
0000afe5  malloc                                     
0000b029  Capture_open                               
0000b069  GPIO_setAsOutputPin                        
0000b0a9  I2C_open                                   
0000b0e9  __aeabi_errno_addr                         
0000b129  pthread_setcancelstate                     
0000b167  sem_post                                   
0000b1a5  RTC_C_setCalibrationFrequency              
0000b21d  pvTaskGetThreadLocalStoragePointer         
0000b259  usleep                                     
0000b295  vListInsertEnd                             
0000b2d1  DS3231_I2C_init                            
0000b30b  PowerMSP432_sleepPolicy                    
0000b345  DisplayI2C_initialize                      
0000b37d  FlashCtl_enableWordProgramming             
0000b3b5  FlashCtl_getReadMode                       
0000b3ed  FlashCtl_getWaitState                      
0000b425  LCD_setCursor                              
0000b45d  Power_setConstraint                        
0000b495  Timer32_startTimer                         
0000b4cd  delay_us                                   
0000b5ad  __aeabi_f2d                                
0000b5e5  CaptureMSP432_stop                         
0000b651  DS3231_I2C_read_multi                      
0000b685  DS3231_I2C_write_single                    
0000b6b9  GPIO_clearInt                              
0000b6ed  GPIO_disableInt                            
0000b721  GPIO_enableInt                             
0000b755  SemaphoreP_pend                            
0000b789  Timer32_setCount                           
0000b7bd  Timer_A_configureContinuousMode            
0000b7f1  _c_int00_noargs                            
0000b859  vTaskPlaceOnEventList                      
0000b8bd  CS_clearInterruptFlag                      
0000b8ed  DS3231_I2C_read_single                     
0000b91d  DisplayI2C_send                            
0000b94d  ds3231_init_status_update                  
0000ba0d  vListInitialise                            
0000ba3d  vPortExitCritical                          
0000ba6d  xTaskGetSchedulerState                     
0000bacb  TempController_init                        
0000baf9  __aeabi_i2d                                
0000bb29  Capture_Callback                           
0000bb55  HwiP_disable                               
0000bb81  RTC_C_startClock                           
0000bbad  SemaphoreP_createBinary                    
0000bbd9  Timer_A_clearCaptureCompareInterrupt       
0000bc05  Timer_A_disableCaptureCompareInterrupt     
0000bc31  Timer_A_enableCaptureCompareInterrupt      
0000bc5d  __aeabi_ul2d                               
0000bc89  vTaskSetApplicationTaskTag                 
0000bcb5  xPortSysTickHandler                        
0000bce1  Display_doPrintf                           
0000bd0d  CS_getACLK                                 
0000bd35  CS_getHSMCLK                               
0000bd5d  CS_getMCLK                                 
0000bd85  CS_getSMCLK                                
0000bdad  GPIO_setOutputHighOnPin                    
0000bdd5  GPIO_setOutputLowOnPin                     
0000bdfd  HwiP_inISR                                 
0000be25  LCD_init                                   
0000be4d  Power_registerNotify                       
0000bec5  pthread_attr_setschedparam                 
0000beed  xTaskGetApplicationTaskTag                 
0000bf15  List_put                                   
0000bf3b  List_remove                                
0000bf61  _pthread_cleanup_pop                       
0000bfad  ds3231_init_status_report                  
0000bff5  vQueueDelete                               
0000c019  vTaskInternalSetTimeOutState               
0000c03d  SemaphoreP_post                            
0000c05f  Timer_A_getCaptureCompareCount             
0000c081  pthread_attr_setdetachstate                
0000c0a5  CS_getBCLK                                 
0000c0c5  CS_setExternalClockSourceFrequency         
0000c0e5  GPIO_read                                  
0000c105  HwiP_restore                               
0000c125  LCD_write                                  
0000c145  Power_unregisterNotify                     
0000c1a5  HwiP_Params_init                           
0000c1c3  LCD_configure                              
0000c1ff  __aeabi_llsl                               
0000c21d  Interrupt_unregisterInterrupt              
0000c239  memccpy                                    
0000c255  pthread_attr_init                          
0000c271  pvTaskIncrementMutexHeldCount              
0000c28d  PTLS_taskDeleteHook                        
0000c2a7  copysign                                   
0000c2a7  copysignl                                  
0000c2db  I2C_transfer                               
0000c2f5  SysCtl_A_disableNMISource                  
0000c30d  SysCtl_A_enableNMISource                   
0000c325  Timer_A_clearTimer                         
0000c33d  free                                       
0000c355  queryClockFreqs                            
0000c36d  sem_wait                                   
0000c385  DisplayClient_create                       
0000c39b  LCD_create                                 
0000c3b1  PTLS_getBuf                                
0000c3c7  PTLS_setBuf                                
0000c3dd  SemaphoreP_Params_init                     
0000c3f3  TempSensor_create                          
0000c409  Timer_A_startCounter                       
0000c41f  ds3231_create                              
0000c435  strchr                                     
0000c44b  LCD_blink                                  
0000c45f  LCD_clear                                  
0000c473  LCD_display                                
0000c487  LCD_home                                   
0000c49b  LCD_noDisplay                              
0000c4b1  Power_idleFunc                             
0000c4c5  TempSensor_init                            
0000c4d9  Timer_A_stopTimer                          
0000c501  pthread_attr_setstacksize                  
0000c515  pthread_self                               
0000c529  resetISR                                   
0000c53d  strcpy                                     
0000c551  strlen                                     
0000c565  xTaskGetCurrentTaskHandle                  
0000c579  xTaskGetTickCount                          
0000c58d  DisplayClient_turnOffLCDbacklight          
0000c59f  HwiP_delete                                
0000c5b1  wcslen                                     
0000c5c5  Capture_Params_init                        
0000c5d5  I2C_Params_init                            
0000c5e5  Interrupt_disableMaster                    
0000c5f5  Interrupt_enableMaster                     
0000c605  PowerMSP432_getNumPerfLevels               
0000c615  Power_enablePolicy                         
0000c625  SysCtl_A_getNMISourceStatus                
0000c635  SysCtl_getNMISourceStatus                  
0000c645  init_Timer32_module                        
0000c655  vListInitialiseItem                        
0000c665  vTaskSuspendAll                            
0000c675  DisplayClient_init                         
0000c683  RTC_C_isTimerExpired                       
0000c691  Timer32_getValue                           
0000c69f  __TI_decompress_none                       
0000c6ad  CPU_cpsid                                  
0000c6b9  CPU_cpsie                                  
0000c6c5  FlashCtl_disableWordProgramming            
0000c6d1  FlashCtl_getInterruptStatus                
0000c6dd  Power_getConstraintMask                    
0000c6e9  Power_getPerformanceLevel                  
0000c6f5  Power_setPolicy                            
0000c701  SemaphoreP_delete                          
0000c70d  SysCtl_getFlashSize                        
0000c719  __TI_zero_init                             
0000c725  vTaskMissedYield                           
0000c731  CPU_primask                                
0000c73b  Capture_close                              
0000c745  Capture_start                              
0000c74f  Capture_stop                               
0000c759  DisplayClient_updateNextBacklightOffTime   
0000c763  LCD_backlight                              
0000c76d  LCD_noBacklight                            
0000c777  PowerMSP432_updateFreqs                    
0000c781  TempData_init                              
0000c78b  TempSensor_updateNextTempUpdateTime        
0000c795  vPortSuppressTicksAndSleep                 
0000c79f  RTC_C_configure                            
0000c7af  CaptureMSP432_control                      
0000c7b5  DS3231_I2C_create                          
0000c7bb  DisplayI2C_create                          
0000c7c1  I2CMSP432_control                          
0000c7c7  Keypad_create                              
0000c7cd  RTC_C_create                               
0000c7d3  TempController_create                      
0000c7d9  TempData_create                            
0000c7df  TempSensorProxy_create                     
0000c7e5  TempSensor_readTemp                        
0000c7eb  __abort_execution                          
0000c7ef  _system_pre_init                           
0000c7f3  C$$EXIT                                    
0000c7f3  abort                                      
0000c800  _ctypes_                                   
0000c998  PowerMSP432_config                         
0000ca00  i2cMSP432HWAttrs                           
0000ca28  daysOfWeek                                 
0000ca44  CaptureMSP432_captureFxnTable              
0000ca5c  I2CMSP432_fxnTable                         
0000ca74  I2C_config                                 
0000ca8c  GPIOMSP432_config                          
0000caa0  captureMSP432HWAttrs                       
0000cac4  I2C_defaultParams                          
0000cad4  ADC_count                                  
0000cad5  ADCBuf_count                               
0000cad6  Capture_count                              
0000cad7  Display_count                              
0000cad8  I2C_count                                  
0000cad9  I2CSlave_count                             
0000cada  NVS_count                                  
0000cadb  PWM_count                                  
0000cadc  SDFatFS_count                              
0000cadd  SD_count                                   
0000cade  SPI_count                                  
0000cadf  Timer_count                                
0000cae0  UART_count                                 
0000cae1  Watchdog_count                             
0000cae4  Capture_config                             
0000cb08  ulMaxSyscallInterruptPriority              
0000cb20  progStatus                                 
0000cb40  uxTopUsedPriority                          
0000cc5c  __TI_Handler_Table_Base                    
0000cc68  __TI_Handler_Table_Limit                   
0000cc78  __TI_CINIT_Base                            
0000cc90  __TI_CINIT_Limit                           
0000cc90  __TI_static_base__                         
0000cc90  __TI_table_binit                           
0000cc90  __binit__                                  
0000cc90  binit                                      
010083a5  __TI_printfi                               
0100965d  sprintf                                    
01009795  stateMachineThread                         
0100ae3d  TempSensorProxy_access                     
0100b075  DisplayClient_showInfo                     
0100b0c1  displayLCDThread                           
20000000  __start___llvm_prf_cnts                    
20000000  __stop___llvm_prf_cnts                     
200080c8  capturedIntervals                          
2000816c  i2cMSP432Objects                           
2000823c  initDisplayDone                            
20008258  startReadingTemp                           
20008274  startStateMachine                          
20008290  captureMSP432Objects                       
20008370  disp_hdl                                   
20008374  displayClient                              
20008378  displayClientEventQueue                    
2000837c  ds3231hdl                                  
20008380  keypad                                     
20008384  readTemp                                   
20008388  rtc                                        
2000838c  stateMachineCurrState                      
20008390  stateMachineEventQueue                     
20008394  targetTemp                                 
20008398  tempController                             
2000839c  tempSensor                                 
200083a2  capturedIntervalsPtr                       
200083a3  readingData                                
2000b244  HwiP_dispatchTable                         
2000ba44  PowerMSP432_perfLevels                     
2000bb84  myPerfLevels                               
2000bc64  pxCurrentTCB                               
2000bc98  PowerMSP432_module                         
2000bcc4  gpioPinConfigs                             
2000bd6c  gpioCallbackFunctions                      
2000c000  g_pfnRAMVectors                            
2000fc00  __stack                                    
20010000  __STACK_END                                
4000480c  WDTCTL_SYM                                 
ffffffff  __TI_pprof_out_hndl                        
ffffffff  __TI_prof_data_size                        
ffffffff  __TI_prof_data_start                       
ffffffff  __c_args__                                 
UNDEFED   __mpu_init                                 
UNDEFED   _system_post_cinit                         

[424 symbols]
